Archive member included to satisfy reference by file (symbol)

C:/ST/STM32CubeIDE_2.1.1/STM32CubeIDE/plugins/com.st.stm32cube.ide.mcu.externaltools.gnu-tools-for-stm32.14.3.rel1.win32_1.0.100.202602081740/tools/bin/../lib/gcc/arm-none-eabi/14.3.1/../../../../arm-none-eabi/lib/thumb/v7e-m+fp/hard\libc_nano.a(libc_a-exit.o)
                              C:/ST/STM32CubeIDE_2.1.1/STM32CubeIDE/plugins/com.st.stm32cube.ide.mcu.externaltools.gnu-tools-for-stm32.14.3.rel1.win32_1.0.100.202602081740/tools/bin/../lib/gcc/arm-none-eabi/14.3.1/../../../../arm-none-eabi/lib/thumb/v7e-m+fp/hard/crt0.o (exit)
C:/ST/STM32CubeIDE_2.1.1/STM32CubeIDE/plugins/com.st.stm32cube.ide.mcu.externaltools.gnu-tools-for-stm32.14.3.rel1.win32_1.0.100.202602081740/tools/bin/../lib/gcc/arm-none-eabi/14.3.1/../../../../arm-none-eabi/lib/thumb/v7e-m+fp/hard\libc_nano.a(libc_a-rand.o)
                              ./Core/Src/main.o (srand)
C:/ST/STM32CubeIDE_2.1.1/STM32CubeIDE/plugins/com.st.stm32cube.ide.mcu.externaltools.gnu-tools-for-stm32.14.3.rel1.win32_1.0.100.202602081740/tools/bin/../lib/gcc/arm-none-eabi/14.3.1/../../../../arm-none-eabi/lib/thumb/v7e-m+fp/hard\libc_nano.a(libc_a-findfp.o)
                              C:/ST/STM32CubeIDE_2.1.1/STM32CubeIDE/plugins/com.st.stm32cube.ide.mcu.externaltools.gnu-tools-for-stm32.14.3.rel1.win32_1.0.100.202602081740/tools/bin/../lib/gcc/arm-none-eabi/14.3.1/../../../../arm-none-eabi/lib/thumb/v7e-m+fp/hard\libc_nano.a(libc_a-exit.o) (__stdio_exit_handler)
C:/ST/STM32CubeIDE_2.1.1/STM32CubeIDE/plugins/com.st.stm32cube.ide.mcu.externaltools.gnu-tools-for-stm32.14.3.rel1.win32_1.0.100.202602081740/tools/bin/../lib/gcc/arm-none-eabi/14.3.1/../../../../arm-none-eabi/lib/thumb/v7e-m+fp/hard\libc_nano.a(libc_a-fwalk.o)
                              C:/ST/STM32CubeIDE_2.1.1/STM32CubeIDE/plugins/com.st.stm32cube.ide.mcu.externaltools.gnu-tools-for-stm32.14.3.rel1.win32_1.0.100.202602081740/tools/bin/../lib/gcc/arm-none-eabi/14.3.1/../../../../arm-none-eabi/lib/thumb/v7e-m+fp/hard\libc_nano.a(libc_a-findfp.o) (_fwalk_sglue)
C:/ST/STM32CubeIDE_2.1.1/STM32CubeIDE/plugins/com.st.stm32cube.ide.mcu.externaltools.gnu-tools-for-stm32.14.3.rel1.win32_1.0.100.202602081740/tools/bin/../lib/gcc/arm-none-eabi/14.3.1/../../../../arm-none-eabi/lib/thumb/v7e-m+fp/hard\libc_nano.a(libc_a-sprintf.o)
                              ./Core/Src/main.o (sprintf)
C:/ST/STM32CubeIDE_2.1.1/STM32CubeIDE/plugins/com.st.stm32cube.ide.mcu.externaltools.gnu-tools-for-stm32.14.3.rel1.win32_1.0.100.202602081740/tools/bin/../lib/gcc/arm-none-eabi/14.3.1/../../../../arm-none-eabi/lib/thumb/v7e-m+fp/hard\libc_nano.a(libc_a-stdio.o)
                              C:/ST/STM32CubeIDE_2.1.1/STM32CubeIDE/plugins/com.st.stm32cube.ide.mcu.externaltools.gnu-tools-for-stm32.14.3.rel1.win32_1.0.100.202602081740/tools/bin/../lib/gcc/arm-none-eabi/14.3.1/../../../../arm-none-eabi/lib/thumb/v7e-m+fp/hard\libc_nano.a(libc_a-findfp.o) (__sread)
C:/ST/STM32CubeIDE_2.1.1/STM32CubeIDE/plugins/com.st.stm32cube.ide.mcu.externaltools.gnu-tools-for-stm32.14.3.rel1.win32_1.0.100.202602081740/tools/bin/../lib/gcc/arm-none-eabi/14.3.1/../../../../arm-none-eabi/lib/thumb/v7e-m+fp/hard\libc_nano.a(libc_a-memset.o)
                              C:/ST/STM32CubeIDE_2.1.1/STM32CubeIDE/plugins/com.st.stm32cube.ide.mcu.externaltools.gnu-tools-for-stm32.14.3.rel1.win32_1.0.100.202602081740/tools/bin/../lib/gcc/arm-none-eabi/14.3.1/../../../../arm-none-eabi/lib/thumb/v7e-m+fp/hard/crt0.o (memset)
C:/ST/STM32CubeIDE_2.1.1/STM32CubeIDE/plugins/com.st.stm32cube.ide.mcu.externaltools.gnu-tools-for-stm32.14.3.rel1.win32_1.0.100.202602081740/tools/bin/../lib/gcc/arm-none-eabi/14.3.1/../../../../arm-none-eabi/lib/thumb/v7e-m+fp/hard\libc_nano.a(libc_a-closer.o)
                              C:/ST/STM32CubeIDE_2.1.1/STM32CubeIDE/plugins/com.st.stm32cube.ide.mcu.externaltools.gnu-tools-for-stm32.14.3.rel1.win32_1.0.100.202602081740/tools/bin/../lib/gcc/arm-none-eabi/14.3.1/../../../../arm-none-eabi/lib/thumb/v7e-m+fp/hard\libc_nano.a(libc_a-stdio.o) (_close_r)
C:/ST/STM32CubeIDE_2.1.1/STM32CubeIDE/plugins/com.st.stm32cube.ide.mcu.externaltools.gnu-tools-for-stm32.14.3.rel1.win32_1.0.100.202602081740/tools/bin/../lib/gcc/arm-none-eabi/14.3.1/../../../../arm-none-eabi/lib/thumb/v7e-m+fp/hard\libc_nano.a(libc_a-reent.o)
                              C:/ST/STM32CubeIDE_2.1.1/STM32CubeIDE/plugins/com.st.stm32cube.ide.mcu.externaltools.gnu-tools-for-stm32.14.3.rel1.win32_1.0.100.202602081740/tools/bin/../lib/gcc/arm-none-eabi/14.3.1/../../../../arm-none-eabi/lib/thumb/v7e-m+fp/hard\libc_nano.a(libc_a-closer.o) (errno)
C:/ST/STM32CubeIDE_2.1.1/STM32CubeIDE/plugins/com.st.stm32cube.ide.mcu.externaltools.gnu-tools-for-stm32.14.3.rel1.win32_1.0.100.202602081740/tools/bin/../lib/gcc/arm-none-eabi/14.3.1/../../../../arm-none-eabi/lib/thumb/v7e-m+fp/hard\libc_nano.a(libc_a-impure.o)
[...]
Memory Configuration

Name             Origin             Length             Attributes
CCMRAM           0x10000000         0x00010000         xrw
RAM              0x20000000         0x00030000         xrw
FLASH            0x08000000         0x00200000         xr
*default*        0x00000000         0xffffffff

Linker script and memory map

LOAD C:/ST/STM32CubeIDE_2.1.1/STM32CubeIDE/plugins/com.st.stm32cube.ide.mcu.externaltools.gnu-tools-for-stm32.14.3.rel1.win32_1.0.100.202602081740/tools/bin/../lib/gcc/arm-none-eabi/14.3.1/thumb/v7e-m+fp/hard/crti.o
LOAD C:/ST/STM32CubeIDE_2.1.1/STM32CubeIDE/plugins/com.st.stm32cube.ide.mcu.externaltools.gnu-tools-for-stm32.14.3.rel1.win32_1.0.100.202602081740/tools/bin/../lib/gcc/arm-none-eabi/14.3.1/thumb/v7e-m+fp/hard/crtbegin.o
LOAD C:/ST/STM32CubeIDE_2.1.1/STM32CubeIDE/plugins/com.st.stm32cube.ide.mcu.externaltools.gnu-tools-for-stm32.14.3.rel1.win32_1.0.100.202602081740/tools/bin/../lib/gcc/arm-none-eabi/14.3.1/../../../../arm-none-eabi/lib/thumb/v7e-m+fp/hard/crt0.o
LOAD ./Core/Src/main.o
LOAD ./Core/Src/stm32f4xx_hal_msp.o
LOAD ./Core/Src/stm32f4xx_it.o
LOAD ./Core/Src/syscalls.o
LOAD ./Core/Src/sysmem.o
LOAD ./Core/Src/system_stm32f4xx.o
LOAD ./Core/Startup/startup_stm32f429zitx.o
LOAD ./Drivers/BSP/Components/ili9341/ili9341.o
LOAD ./Drivers/BSP/Components/stmpe811/stmpe811.o
LOAD ./Drivers/BSP/STM32F429I-Discovery/stm32f429i_discovery_io.o
LOAD ./Drivers/STM32F4xx_HAL_Driver/Src/stm32f4xx_hal.o
LOAD ./Drivers/STM32F4xx_HAL_Driver/Src/stm32f4xx_hal_adc.o
LOAD ./Drivers/STM32F4xx_HAL_Driver/Src/stm32f4xx_hal_adc_ex.o
LOAD ./Drivers/STM32F4xx_HAL_Driver/Src/stm32f4xx_hal_cortex.o
LOAD ./Drivers/STM32F4xx_HAL_Driver/Src/stm32f4xx_hal_dma.o
LOAD ./Drivers/STM32F4xx_HAL_Driver/Src/stm32f4xx_hal_dma2d.o
LOAD ./Drivers/STM32F4xx_HAL_Driver/Src/stm32f4xx_hal_dma_ex.o
LOAD ./Drivers/STM32F4xx_HAL_Driver/Src/stm32f4xx_hal_exti.o
LOAD ./Drivers/STM32F4xx_HAL_Driver/Src/stm32f4xx_hal_flash.o
LOAD ./Drivers/STM32F4xx_HAL_Driver/Src/stm32f4xx_hal_flash_ex.o
LOAD ./Drivers/STM32F4xx_HAL_Driver/Src/stm32f4xx_hal_flash_ramfunc.o
LOAD ./Drivers/STM32F4xx_HAL_Driver/Src/stm32f4xx_hal_gpio.o
LOAD ./Drivers/STM32F4xx_HAL_Driver/Src/stm32f4xx_hal_i2c.o
LOAD ./Drivers/STM32F4xx_HAL_Driver/Src/stm32f4xx_hal_i2c_ex.o
LOAD ./Drivers/STM32F4xx_HAL_Driver/Src/stm32f4xx_hal_ltdc.o
LOAD ./Drivers/STM32F4xx_HAL_Driver/Src/stm32f4xx_hal_ltdc_ex.o
LOAD ./Drivers/STM32F4xx_HAL_Driver/Src/stm32f4xx_hal_pwr.o
LOAD ./Drivers/STM32F4xx_HAL_Driver/Src/stm32f4xx_hal_pwr_ex.o
LOAD ./Drivers/STM32F4xx_HAL_Driver/Src/stm32f4xx_hal_rcc.o
LOAD ./Drivers/STM32F4xx_HAL_Driver/Src/stm32f4xx_hal_rcc_ex.o
LOAD ./Drivers/STM32F4xx_HAL_Driver/Src/stm32f4xx_hal_sdram.o
LOAD ./Drivers/STM32F4xx_HAL_Driver/Src/stm32f4xx_hal_spi.o
LOAD ./Drivers/STM32F4xx_HAL_Driver/Src/stm32f4xx_hal_tim.o
LOAD ./Drivers/STM32F4xx_HAL_Driver/Src/stm32f4xx_hal_tim_ex.o
LOAD ./Drivers/STM32F4xx_HAL_Driver/Src/stm32f4xx_hal_uart.o
LOAD ./Drivers/STM32F4xx_HAL_Driver/Src/stm32f4xx_ll_adc.o
LOAD ./Drivers/STM32F4xx_HAL_Driver/Src/stm32f4xx_ll_fmc.o
LOAD ./Middlewares/Third_Party/FreeRTOS/Source/CMSIS_RTOS/cmsis_os.o
LOAD ./Middlewares/Third_Party/FreeRTOS/Source/croutine.o
LOAD ./Middlewares/Third_Party/FreeRTOS/Source/event_groups.o
LOAD ./Middlewares/Third_Party/FreeRTOS/Source/list.o
LOAD ./Middlewares/Third_Party/FreeRTOS/Source/queue.o
LOAD ./Middlewares/Third_Party/FreeRTOS/Source/stream_buffer.o
LOAD ./Middlewares/Third_Party/FreeRTOS/Source/tasks.o
LOAD ./Middlewares/Third_Party/FreeRTOS/Source/timers.o
LOAD ./Middlewares/Third_Party/FreeRTOS/Source/portable/Common/mpu_wrappers.o
LOAD ./Middlewares/Third_Party/FreeRTOS/Source/portable/GCC/ARM_CM4F/port.o
LOAD ./Middlewares/Third_Party/FreeRTOS/Source/portable/MemMang/heap_4.o
START GROUP
LOAD C:/ST/STM32CubeIDE_2.1.1/STM32CubeIDE/plugins/com.st.stm32cube.ide.mcu.externaltools.gnu-tools-for-stm32.14.3.rel1.win32_1.0.100.202602081740/tools/bin/../lib/gcc/arm-none-eabi/14.3.1/../../../../arm-none-eabi/lib/thumb/v7e-m+fp/hard\libc_nano.a
LOAD C:/ST/STM32CubeIDE_2.1.1/STM32CubeIDE/plugins/com.st.stm32cube.ide.mcu.externaltools.gnu-tools-for-stm32.14.3.rel1.win32_1.0.100.202602081740/tools/bin/../lib/gcc/arm-none-eabi/14.3.1/../../../../arm-none-eabi/lib/thumb/v7e-m+fp/hard\libm.a
END GROUP
START GROUP
LOAD C:/ST/STM32CubeIDE_2.1.1/STM32CubeIDE/plugins/com.st.stm32cube.ide.mcu.externaltools.gnu-tools-for-stm32.14.3.rel1.win32_1.0.100.202602081740/tools/bin/../lib/gcc/arm-none-eabi/14.3.1/thumb/v7e-m+fp/hard\libgcc.a
LOAD C:/ST/STM32CubeIDE_2.1.1/STM32CubeIDE/plugins/com.st.stm32cube.ide.mcu.externaltools.gnu-tools-for-stm32.14.3.rel1.win32_1.0.100.202602081740/tools/bin/../lib/gcc/arm-none-eabi/14.3.1/../../../../arm-none-eabi/lib/thumb/v7e-m+fp/hard\libc_nano.a
END GROUP
START GROUP
LOAD C:/ST/STM32CubeIDE_2.1.1/STM32CubeIDE/plugins/com.st.stm32cube.ide.mcu.externaltools.gnu-tools-for-stm32.14.3.rel1.win32_1.0.100.202602081740/tools/bin/../lib/gcc/arm-none-eabi/14.3.1/thumb/v7e-m+fp/hard\libgcc.a
LOAD C:/ST/STM32CubeIDE_2.1.1/STM32CubeIDE/plugins/com.st.stm32cube.ide.mcu.externaltools.gnu-tools-for-stm32.14.3.rel1.win32_1.0.100.202602081740/tools/bin/../lib/gcc/arm-none-eabi/14.3.1/../../../../arm-none-eabi/lib/thumb/v7e-m+fp/hard\libc_nano.a
LOAD C:/ST/STM32CubeIDE_2.1.1/STM32CubeIDE/plugins/com.st.stm32cube.ide.mcu.externaltools.gnu-tools-for-stm32.14.3.rel1.win32_1.0.100.202602081740/tools/bin/../lib/gcc/arm-none-eabi/14.3.1/../../../../arm-none-eabi/lib/thumb/v7e-m+fp/hard\libnosys.a
END GROUP
START GROUP
LOAD C:/ST/STM32CubeIDE_2.1.1/STM32CubeIDE/plugins/com.st.stm32cube.ide.mcu.externaltools.gnu-tools-for-stm32.14.3.rel1.win32_1.0.100.202602081740/tools/bin/../lib/gcc/arm-none-eabi/14.3.1/thumb/v7e-m+fp/hard\libgcc.a
LOAD C:/ST/STM32CubeIDE_2.1.1/STM32CubeIDE/plugins/com.st.stm32cube.ide.mcu.externaltools.gnu-tools-for-stm32.14.3.rel1.win32_1.0.100.202602081740/tools/bin/../lib/gcc/arm-none-eabi/14.3.1/../../../../arm-none-eabi/lib/thumb/v7e-m+fp/hard\libc_nano.a
LOAD C:/ST/STM32CubeIDE_2.1.1/STM32CubeIDE/plugins/com.st.stm32cube.ide.mcu.externaltools.gnu-tools-for-stm32.14.3.rel1.win32_1.0.100.202602081740/tools/bin/../lib/gcc/arm-none-eabi/14.3.1/../../../../arm-none-eabi/lib/thumb/v7e-m+fp/hard\libnosys.a
END GROUP
LOAD C:/ST/STM32CubeIDE_2.1.1/STM32CubeIDE/plugins/com.st.stm32cube.ide.mcu.externaltools.gnu-tools-for-stm32.14.3.rel1.win32_1.0.100.202602081740/tools/bin/../lib/gcc/arm-none-eabi/14.3.1/thumb/v7e-m+fp/hard/crtend.o
LOAD C:/ST/STM32CubeIDE_2.1.1/STM32CubeIDE/plugins/com.st.stm32cube.ide.mcu.externaltools.gnu-tools-for-stm32.14.3.rel1.win32_1.0.100.202602081740/tools/bin/../lib/gcc/arm-none-eabi/14.3.1/thumb/v7e-m+fp/hard/crtn.o
                0x20030000                        _estack = (ORIGIN (RAM) + LENGTH (RAM))
                0x00000200                        _Min_Heap_Size = 0x200
                0x00000400                        _Min_Stack_Size = 0x400

.isr_vector     0x08000000      0x1ac
                0x08000000                        . = ALIGN (0x4)
 *(.isr_vector)
 .isr_vector    0x08000000      0x1ac ./Core/Startup/startup_stm32f429zitx.o
                0x08000000                g_pfnVectors
                0x080001ac                        . = ALIGN (0x4)

.text           0x080001b0     0x9cac
                0x080001b0                        . = ALIGN (0x4)
 *(.text)
 .text          0x080001b0       0x40 C:/ST/STM32CubeIDE_2.1.1/STM32CubeIDE/plugins/com.st.stm32cube.ide.mcu.externaltools.gnu-tools-for-stm32.14.3.rel1.win32_1.0.100.202602081740/tools/bin/../lib/gcc/arm-none-eabi/14.3.1/thumb/v7e-m+fp/hard/crtbegin.o
 .text          0x080001f0       0xa0 C:/ST/STM32CubeIDE_2.1.1/STM32CubeIDE/plugins/com.st.stm32cube.ide.mcu.externaltools.gnu-tools-for-stm32.14.3.rel1.win32_1.0.100.202602081740/tools/bin/../lib/gcc/arm-none-eabi/14.3.1/../../../../arm-none-eabi/lib/thumb/v7e-m+fp/hard\libc_nano.a(libc_a-memchr.o)
                0x080001f0                memchr
 .text          0x08000290       0x30 C:/ST/STM32CubeIDE_2.1.1/STM32CubeIDE/plugins/com.st.stm32cube.ide.mcu.externaltools.gnu-tools-for-stm32.14.3.rel1.win32_1.0.100.202602081740/tools/bin/../lib/gcc/arm-none-eabi/14.3.1/thumb/v7e-m+fp/hard\libgcc.a(_aeabi_uldivmod.o)
                0x08000290                __aeabi_uldivmod
 .text          0x080002c0      0x2f8 C:/ST/STM32CubeIDE_2.1.1/STM32CubeIDE/plugins/com.st.stm32cube.ide.mcu.externaltools.gnu-tools-for-stm32.14.3.rel1.win32_1.0.100.202602081740/tools/bin/../lib/gcc/arm-none-eabi/14.3.1/thumb/v7e-m+fp/hard\libgcc.a(_udivmoddi4.o)
                0x080002c0                __udivmoddi4
 .text          0x080005b8        0x4 C:/ST/STM32CubeIDE_2.1.1/STM32CubeIDE/plugins/com.st.stm32cube.ide.mcu.externaltools.gnu-tools-for-stm32.14.3.rel1.win32_1.0.100.202602081740/tools/bin/../lib/gcc/arm-none-eabi/14.3.1/thumb/v7e-m+fp/hard\libgcc.a(_dvmd_tls.o)
                0x080005b8                __aeabi_idiv0
                0x080005b8                __aeabi_ldiv0
 *(.text*)
 .text.LCD_DrawPixel
                0x080005bc       0x48 ./Core/Src/main.o
 .text.LCD_FillRect
                0x08000604       0x70 ./Core/Src/main.o
 .text.LCD_Clear
                0x08000674       0x3e ./Core/Src/main.o
 .text.LCD_DrawChar
                0x080006b2      0x122 ./Core/Src/main.o
                0x080006b2                LCD_DrawChar
 .text.LCD_DrawString
                0x080007d4       0x4c ./Core/Src/main.o
                0x080007d4                LCD_DrawString
 .text.isObstacle
                0x08000820      0x10a ./Core/Src/main.o
                0x08000820                isObstacle
 .text.drawMap  0x0800092a      0x108 ./Core/Src/main.o
                0x0800092a                drawMap
 *fill*         0x08000a32        0x2 
 .text.drawControlPanel
                0x08000a34      0x208 ./Core/Src/main.o
                0x08000a34                drawControlPanel
 .text.drawMenuScreen
                0x08000c3c      0x128 ./Core/Src/main.o
                0x08000c3c                drawMenuScreen
 .text.drawGameOverScreen
                0x08000d64      0x140 ./Core/Src/main.o
                0x08000d64                drawGameOverScreen
 .text.LCD_IO_Init
                0x08000ea4       0x20 ./Core/Src/main.o
                0x08000ea4                LCD_IO_Init
 .text.LCD_IO_WriteData
                0x08000ec4       0x44 ./Core/Src/main.o
                0x08000ec4                LCD_IO_WriteData
 .text.LCD_IO_WriteReg
                0x08000f08       0x4c ./Core/Src/main.o
                0x08000f08                LCD_IO_WriteReg
 .text.LCD_IO_ReadData
                0x08000f54       0x68 ./Core/Src/main.o
                0x08000f54                LCD_IO_ReadData
 .text.LCD_Delay
                0x08000fbc       0x16 ./Core/Src/main.o
                0x08000fbc                LCD_Delay
 .text.IOE_Init
                0x08000fd2        0xe ./Core/Src/main.o
                0x08000fd2                IOE_Init
 .text.IOE_ITConfig
                0x08000fe0        0xe ./Core/Src/main.o
                0x08000fe0                IOE_ITConfig
 .text.IOE_Delay
                0x08000fee       0x16 ./Core/Src/main.o
                0x08000fee                IOE_Delay
 .text.IOE_Write
                0x08001004       0x3c ./Core/Src/main.o
                0x08001004                IOE_Write
 .text.IOE_Read
                0x08001040       0x44 ./Core/Src/main.o
                0x08001040                IOE_Read
 .text.IOE_ReadMultiple
                0x08001084       0x4c ./Core/Src/main.o
                0x08001084                IOE_ReadMultiple
 .text.spawnFood
                0x080010d0       0xd8 ./Core/Src/main.o
                0x080010d0                spawnFood
 .text.moveSnake
                0x080011a8      0x134 ./Core/Src/main.o
                0x080011a8                moveSnake
 .text.resetGame
                0x080012dc       0x84 ./Core/Src/main.o
                0x080012dc                resetGame
 .text.checkCollision
                0x08001360       0xa0 ./Core/Src/main.o
                0x08001360                checkCollision
 .text.main     0x08001400       0xfc ./Core/Src/main.o
                0x08001400                main
 .text.StartGameTask
                0x080014fc       0xe4 ./Core/Src/main.o
                0x080014fc                StartGameTask
 .text.StartDisplayTask
                0x080015e0      0x268 ./Core/Src/main.o
                0x080015e0                StartDisplayTask
 .text.StartInputTask
                0x08001848      0x268 ./Core/Src/main.o
                0x08001848                StartInputTask
 .text.SystemClock_Config
                0x08001ab0       0xe4 ./Core/Src/main.o
                0x08001ab0                SystemClock_Config
 .text.MX_I2C3_Init
                0x08001b94       0x3c ./Core/Src/main.o
 .text.MX_SPI5_Init
                0x08001bd0       0x50 ./Core/Src/main.o
 .text.MX_LTDC_Init
                0x08001c20       0xf8 ./Core/Src/main.o
 .text.MX_FMC_Init
                0x08001d18       0x98 ./Core/Src/main.o
 .text.BSP_SDRAM_Initialization_Sequence
                0x08001db0       0xb8 ./Core/Src/main.o
 .text.BSP_TS_Init
                0x08001e68       0x74 ./Core/Src/main.o
                0x08001e68                BSP_TS_Init
 .text.BSP_TS_GetState
                0x08001edc      0x194 ./Core/Src/main.o
                0x08001edc                BSP_TS_GetState
 .text.MX_GPIO_Init
                0x08002070      0x15c ./Core/Src/main.o
 .text.Error_Handler
                0x080021cc       0x34 ./Core/Src/main.o
                0x080021cc                Error_Handler
 .text.HAL_MspInit
                0x08002200       0x50 ./Core/Src/stm32f4xx_hal_msp.o
                0x08002200                HAL_MspInit
 .text.HAL_I2C_MspInit
                0x08002250       0xd4 ./Core/Src/stm32f4xx_hal_msp.o
                0x08002250                HAL_I2C_MspInit
 .text.HAL_LTDC_MspInit
                0x08002324      0x20c ./Core/Src/stm32f4xx_hal_msp.o
                0x08002324                HAL_LTDC_MspInit
 .text.HAL_SPI_MspInit
                0x08002530       0x90 ./Core/Src/stm32f4xx_hal_msp.o
                0x08002530                HAL_SPI_MspInit
 .text.HAL_FMC_MspInit
                0x080025c0       0xd4 ./Core/Src/stm32f4xx_hal_msp.o
 .text.HAL_SDRAM_MspInit
                0x08002694       0x14 ./Core/Src/stm32f4xx_hal_msp.o
                0x08002694                HAL_SDRAM_MspInit
 .text.NMI_Handler
                0x080026a8        0x8 ./Core/Src/stm32f4xx_it.o
                0x080026a8                NMI_Handler
 .text.HardFault_Handler
                0x080026b0        0x8 ./Core/Src/stm32f4xx_it.o
                0x080026b0                HardFault_Handler
 .text.MemManage_Handler
                0x080026b8        0x8 ./Core/Src/stm32f4xx_it.o
                0x080026b8                MemManage_Handler
 .text.BusFault_Handler
                0x080026c0        0x8 ./Core/Src/stm32f4xx_it.o
                0x080026c0                BusFault_Handler
 .text.UsageFault_Handler
                0x080026c8        0x8 ./Core/Src/stm32f4xx_it.o
                0x080026c8                UsageFault_Handler
 .text.DebugMon_Handler
                0x080026d0        0xe ./Core/Src/stm32f4xx_it.o
                0x080026d0                DebugMon_Handler
 .text.SysTick_Handler
                0x080026de       0x1a ./Core/Src/stm32f4xx_it.o
                0x080026de                SysTick_Handler
 .text.TIM6_DAC_IRQHandler
                0x080026f8       0x14 ./Core/Src/stm32f4xx_it.o
                0x080026f8                TIM6_DAC_IRQHandler
 .text._getpid  0x0800270c       0x10 ./Core/Src/syscalls.o
                0x0800270c                _getpid
 .text._kill    0x0800271c       0x20 ./Core/Src/syscalls.o
                0x0800271c                _kill
 .text._exit    0x0800273c       0x16 ./Core/Src/syscalls.o
                0x0800273c                _exit
 .text._read    0x08002752       0x3a ./Core/Src/syscalls.o
                0x08002752                _read
 .text._write   0x0800278c       0x38 ./Core/Src/syscalls.o
                0x0800278c                _write
 .text._close   0x080027c4       0x18 ./Core/Src/syscalls.o
                0x080027c4                _close
 .text._fstat   0x080027dc       0x20 ./Core/Src/syscalls.o
                0x080027dc                _fstat
 .text._isatty  0x080027fc       0x16 ./Core/Src/syscalls.o
                0x080027fc                _isatty
 .text._lseek   0x08002812       0x1a ./Core/Src/syscalls.o
                0x08002812                _lseek
 .text._sbrk    0x0800282c       0x6c ./Core/Src/sysmem.o
                0x0800282c                _sbrk
 .text.SystemInit
                0x08002898       0x24 ./Core/Src/system_stm32f4xx.o
                0x08002898                SystemInit
 .text.Reset_Handler
                0x080028bc       0x50 ./Core/Startup/startup_stm32f429zitx.o
                0x080028bc                Reset_Handler
 .text.Default_Handler
                0x0800290c        0x2 ./Core/Startup/startup_stm32f429zitx.o
                0x0800290c                RTC_Alarm_IRQHandler
                0x0800290c                HASH_RNG_IRQHandler
                0x0800290c                EXTI2_IRQHandler
                0x0800290c                TIM8_CC_IRQHandler
                0x0800290c                UART8_IRQHandler
                0x0800290c                SPI4_IRQHandler
                0x0800290c                TIM1_CC_IRQHandler
                0x0800290c                DMA2_Stream5_IRQHandler
                0x0800290c                DMA1_Stream5_IRQHandler
                0x0800290c                PVD_IRQHandler
                0x0800290c                SDIO_IRQHandler
                0x0800290c                TAMP_STAMP_IRQHandler
                0x0800290c                CAN2_RX1_IRQHandler
                0x0800290c                EXTI3_IRQHandler
                0x0800290c                TIM8_TRG_COM_TIM14_IRQHandler
                0x0800290c                TIM1_UP_TIM10_IRQHandler
                0x0800290c                TIM8_UP_TIM13_IRQHandler
                0x0800290c                I2C3_ER_IRQHandler
                0x0800290c                EXTI0_IRQHandler
                0x0800290c                I2C2_EV_IRQHandler
                0x0800290c                DMA1_Stream2_IRQHandler
                0x0800290c                CAN1_RX0_IRQHandler
                0x0800290c                FPU_IRQHandler
                0x0800290c                OTG_HS_WKUP_IRQHandler
                0x0800290c                LTDC_ER_IRQHandler
                0x0800290c                CAN2_SCE_IRQHandler
                0x0800290c                DMA2_Stream2_IRQHandler
                0x0800290c                SPI1_IRQHandler
                0x0800290c                TIM1_BRK_TIM9_IRQHandler
                0x0800290c                DCMI_IRQHandler
                0x0800290c                CAN2_RX0_IRQHandler
                0x0800290c                DMA2_Stream3_IRQHandler
                0x0800290c                USART6_IRQHandler
                0x0800290c                USART3_IRQHandler
                0x0800290c                CAN1_RX1_IRQHandler
                0x0800290c                UART5_IRQHandler
                0x0800290c                DMA2_Stream0_IRQHandler
                0x0800290c                TIM4_IRQHandler
                0x0800290c                I2C1_EV_IRQHandler
                0x0800290c                DMA1_Stream6_IRQHandler
                0x0800290c                DMA1_Stream1_IRQHandler
                0x0800290c                UART4_IRQHandler
                0x0800290c                TIM3_IRQHandler
                0x0800290c                RCC_IRQHandler
                0x0800290c                TIM8_BRK_TIM12_IRQHandler
                0x0800290c                Default_Handler
                0x0800290c                EXTI15_10_IRQHandler
                0x0800290c                ADC_IRQHandler
                0x0800290c                DMA1_Stream7_IRQHandler
                0x0800290c                SPI5_IRQHandler
                0x0800290c                TIM7_IRQHandler
                0x0800290c                CAN2_TX_IRQHandler
                0x0800290c                TIM5_IRQHandler
                0x0800290c                DMA2_Stream7_IRQHandler
                0x0800290c                I2C3_EV_IRQHandler
                0x0800290c                EXTI9_5_IRQHandler
                0x0800290c                RTC_WKUP_IRQHandler
                0x0800290c                LTDC_IRQHandler
                0x0800290c                ETH_WKUP_IRQHandler
                0x0800290c                SPI2_IRQHandler
                0x0800290c                OTG_HS_EP1_IN_IRQHandler
                0x0800290c                DMA1_Stream0_IRQHandler
                0x0800290c                CAN1_TX_IRQHandler
                0x0800290c                EXTI4_IRQHandler
                0x0800290c                ETH_IRQHandler
                0x0800290c                OTG_HS_EP1_OUT_IRQHandler
                0x0800290c                WWDG_IRQHandler
                0x0800290c                SPI6_IRQHandler
                0x0800290c                TIM2_IRQHandler
                0x0800290c                OTG_FS_WKUP_IRQHandler
                0x0800290c                TIM1_TRG_COM_TIM11_IRQHandler
                0x0800290c                OTG_HS_IRQHandler
                0x0800290c                DMA2D_IRQHandler
                0x0800290c                EXTI1_IRQHandler
                0x0800290c                UART7_IRQHandler
                0x0800290c                USART2_IRQHandler
                0x0800290c                I2C2_ER_IRQHandler
                0x0800290c                DMA2_Stream1_IRQHandler
                0x0800290c                CAN1_SCE_IRQHandler
                0x0800290c                FLASH_IRQHandler
                0x0800290c                DMA2_Stream4_IRQHandler
                0x0800290c                USART1_IRQHandler
                0x0800290c                OTG_FS_IRQHandler
                0x0800290c                SPI3_IRQHandler
                0x0800290c                DMA1_Stream4_IRQHandler
                0x0800290c                I2C1_ER_IRQHandler
                0x0800290c                FMC_IRQHandler
                0x0800290c                DMA2_Stream6_IRQHandler
                0x0800290c                SAI1_IRQHandler
                0x0800290c                DMA1_Stream3_IRQHandler
 .text.ili9341_Init
                0x0800290e      0x294 ./Drivers/BSP/Components/ili9341/ili9341.o
                0x0800290e                ili9341_Init
 .text.ili9341_ReadID
                0x08002ba2       0x18 ./Drivers/BSP/Components/ili9341/ili9341.o
                0x08002ba2                ili9341_ReadID
 .text.ili9341_DisplayOn
                0x08002bba        0xe ./Drivers/BSP/Components/ili9341/ili9341.o
                0x08002bba                ili9341_DisplayOn
 .text.ili9341_DisplayOff
                0x08002bc8        0xe ./Drivers/BSP/Components/ili9341/ili9341.o
                0x08002bc8                ili9341_DisplayOff
 .text.ili9341_WriteReg
                0x08002bd6       0x1a ./Drivers/BSP/Components/ili9341/ili9341.o
                0x08002bd6                ili9341_WriteReg
 .text.ili9341_WriteData
                0x08002bf0       0x1a ./Drivers/BSP/Components/ili9341/ili9341.o
                0x08002bf0                ili9341_WriteData
 .text.ili9341_ReadData
                0x08002c0a       0x26 ./Drivers/BSP/Components/ili9341/ili9341.o
                0x08002c0a                ili9341_ReadData
 .text.ili9341_GetLcdPixelWidth
                0x08002c30       0x10 ./Drivers/BSP/Components/ili9341/ili9341.o
                0x08002c30                ili9341_GetLcdPixelWidth
 .text.ili9341_GetLcdPixelHeight
                0x08002c40       0x12 ./Drivers/BSP/Components/ili9341/ili9341.o
                0x08002c40                ili9341_GetLcdPixelHeight
 *fill*         0x08002c52        0x2 
 .text.stmpe811_Init
                0x08002c54       0x50 ./Drivers/BSP/Components/stmpe811/stmpe811.o
                0x08002c54                stmpe811_Init
 .text.stmpe811_Reset
                0x08002ca4       0x3a ./Drivers/BSP/Components/stmpe811/stmpe811.o
                0x08002ca4                stmpe811_Reset
 .text.stmpe811_ReadID
                0x08002cde       0x40 ./Drivers/BSP/Components/stmpe811/stmpe811.o
                0x08002cde                stmpe811_ReadID
 .text.stmpe811_EnableGlobalIT
                0x08002d1e       0x3c ./Drivers/BSP/Components/stmpe811/stmpe811.o
                0x08002d1e                stmpe811_EnableGlobalIT
 .text.stmpe811_DisableGlobalIT
                0x08002d5a       0x3c ./Drivers/BSP/Components/stmpe811/stmpe811.o
                0x08002d5a                stmpe811_DisableGlobalIT
 .text.stmpe811_EnableITSource
                0x08002d96       0x42 ./Drivers/BSP/Components/stmpe811/stmpe811.o
                0x08002d96                stmpe811_EnableITSource
 .text.stmpe811_DisableITSource
                0x08002dd8       0x4c ./Drivers/BSP/Components/stmpe811/stmpe811.o
                0x08002dd8                stmpe811_DisableITSource
 .text.stmpe811_ReadGITStatus
                0x08002e24       0x2e ./Drivers/BSP/Components/stmpe811/stmpe811.o
                0x08002e24                stmpe811_ReadGITStatus
 .text.stmpe811_ClearGlobalIT
                0x08002e52       0x26 ./Drivers/BSP/Components/stmpe811/stmpe811.o
                0x08002e52                stmpe811_ClearGlobalIT
 .text.stmpe811_IO_EnableAF
                0x08002e78       0x48 ./Drivers/BSP/Components/stmpe811/stmpe811.o
                0x08002e78                stmpe811_IO_EnableAF
 .text.stmpe811_TS_Start
                0x08002ec0       0xf0 ./Drivers/BSP/Components/stmpe811/stmpe811.o
                0x08002ec0                stmpe811_TS_Start
 .text.stmpe811_TS_DetectTouch
                0x08002fb0       0x70 ./Drivers/BSP/Components/stmpe811/stmpe811.o
                0x08002fb0                stmpe811_TS_DetectTouch
 .text.stmpe811_TS_GetXY
                0x08003020       0x72 ./Drivers/BSP/Components/stmpe811/stmpe811.o
                0x08003020                stmpe811_TS_GetXY
 .text.stmpe811_TS_EnableIT
                0x08003092       0x28 ./Drivers/BSP/Components/stmpe811/stmpe811.o
                0x08003092                stmpe811_TS_EnableIT
 .text.stmpe811_TS_DisableIT
                0x080030ba       0x24 ./Drivers/BSP/Components/stmpe811/stmpe811.o
                0x080030ba                stmpe811_TS_DisableIT
 .text.stmpe811_TS_ITStatus
                0x080030de       0x1e ./Drivers/BSP/Components/stmpe811/stmpe811.o
                0x080030de                stmpe811_TS_ITStatus
 .text.stmpe811_TS_ClearIT
                0x080030fc       0x1c ./Drivers/BSP/Components/stmpe811/stmpe811.o
                0x080030fc                stmpe811_TS_ClearIT
 .text.stmpe811_GetInstance
                0x08003118       0x44 ./Drivers/BSP/Components/stmpe811/stmpe811.o
 .text.HAL_Init
                0x0800315c       0x44 ./Drivers/STM32F4xx_HAL_Driver/Src/stm32f4xx_hal.o
                0x0800315c                HAL_Init
 .text.HAL_InitTick
                0x080031a0       0x60 ./Drivers/STM32F4xx_HAL_Driver/Src/stm32f4xx_hal.o
                0x080031a0                HAL_InitTick
 .text.HAL_IncTick
                0x08003200       0x28 ./Drivers/STM32F4xx_HAL_Driver/Src/stm32f4xx_hal.o
                0x08003200                HAL_IncTick
 .text.HAL_GetTick
                0x08003228       0x18 ./Drivers/STM32F4xx_HAL_Driver/Src/stm32f4xx_hal.o
                0x08003228                HAL_GetTick
 .text.HAL_Delay
                0x08003240       0x48 ./Drivers/STM32F4xx_HAL_Driver/Src/stm32f4xx_hal.o
                0x08003240                HAL_Delay
 .text.__NVIC_SetPriorityGrouping
                0x08003288       0x48 ./Drivers/STM32F4xx_HAL_Driver/Src/stm32f4xx_hal_cortex.o
 .text.__NVIC_GetPriorityGrouping
                0x080032d0       0x1c ./Drivers/STM32F4xx_HAL_Driver/Src/stm32f4xx_hal_cortex.o
 .text.__NVIC_EnableIRQ
                0x080032ec       0x3c ./Drivers/STM32F4xx_HAL_Driver/Src/stm32f4xx_hal_cortex.o
 .text.__NVIC_SetPriority
                0x08003328       0x54 ./Drivers/STM32F4xx_HAL_Driver/Src/stm32f4xx_hal_cortex.o
 .text.NVIC_EncodePriority
                0x0800337c       0x66 ./Drivers/STM32F4xx_HAL_Driver/Src/stm32f4xx_hal_cortex.o
 *fill*         0x080033e2        0x2 
 .text.SysTick_Config
                0x080033e4       0x44 ./Drivers/STM32F4xx_HAL_Driver/Src/stm32f4xx_hal_cortex.o
 .text.HAL_NVIC_SetPriorityGrouping
                0x08003428       0x16 ./Drivers/STM32F4xx_HAL_Driver/Src/stm32f4xx_hal_cortex.o
                0x08003428                HAL_NVIC_SetPriorityGrouping
 .text.HAL_NVIC_SetPriority
                0x0800343e       0x38 ./Drivers/STM32F4xx_HAL_Driver/Src/stm32f4xx_hal_cortex.o
                0x0800343e                HAL_NVIC_SetPriority
 .text.HAL_NVIC_EnableIRQ
                0x08003476       0x1c ./Drivers/STM32F4xx_HAL_Driver/Src/stm32f4xx_hal_cortex.o
                0x08003476                HAL_NVIC_EnableIRQ
 .text.HAL_SYSTICK_Config
                0x08003492       0x18 ./Drivers/STM32F4xx_HAL_Driver/Src/stm32f4xx_hal_cortex.o
                0x08003492                HAL_SYSTICK_Config
 *fill*         0x080034aa        0x2 
 .text.HAL_GPIO_Init
                0x080034ac      0x358 ./Drivers/STM32F4xx_HAL_Driver/Src/stm32f4xx_hal_gpio.o
                0x080034ac                HAL_GPIO_Init
 .text.HAL_GPIO_TogglePin
                0x08003804       0x34 ./Drivers/STM32F4xx_HAL_Driver/Src/stm32f4xx_hal_gpio.o
                0x08003804                HAL_GPIO_TogglePin
 .text.HAL_I2C_Init
                0x08003838      0x288 ./Drivers/STM32F4xx_HAL_Driver/Src/stm32f4xx_hal_i2c.o
                0x08003838                HAL_I2C_Init
 .text.HAL_I2C_Mem_Write
                0x08003ac0      0x1f4 ./Drivers/STM32F4xx_HAL_Driver/Src/stm32f4xx_hal_i2c.o
                0x08003ac0                HAL_I2C_Mem_Write
 .text.HAL_I2C_Mem_Read
                0x08003cb4      0x464 ./Drivers/STM32F4xx_HAL_Driver/Src/stm32f4xx_hal_i2c.o
                0x08003cb4                HAL_I2C_Mem_Read
 .text.I2C_RequestMemoryWrite
                0x08004118      0x12c ./Drivers/STM32F4xx_HAL_Driver/Src/stm32f4xx_hal_i2c.o
 .text.I2C_RequestMemoryRead
                0x08004244      0x1d0 ./Drivers/STM32F4xx_HAL_Driver/Src/stm32f4xx_hal_i2c.o
 .text.I2C_WaitOnFlagUntilTimeout
                0x08004414       0xf4 ./Drivers/STM32F4xx_HAL_Driver/Src/stm32f4xx_hal_i2c.o
 .text.I2C_WaitOnMasterAddressFlagUntilTimeout
                0x08004508      0x140 ./Drivers/STM32F4xx_HAL_Driver/Src/stm32f4xx_hal_i2c.o
 .text.I2C_WaitOnTXEFlagUntilTimeout
                0x08004648       0x90 ./Drivers/STM32F4xx_HAL_Driver/Src/stm32f4xx_hal_i2c.o
 .text.I2C_WaitOnBTFFlagUntilTimeout
                0x080046d8       0x90 ./Drivers/STM32F4xx_HAL_Driver/Src/stm32f4xx_hal_i2c.o
 .text.I2C_WaitOnRXNEFlagUntilTimeout
                0x08004768       0xba ./Drivers/STM32F4xx_HAL_Driver/Src/stm32f4xx_hal_i2c.o
 .text.I2C_IsAcknowledgeFailed
                0x08004822       0x5e ./Drivers/STM32F4xx_HAL_Driver/Src/stm32f4xx_hal_i2c.o
 .text.HAL_LTDC_Init
                0x08004880      0x13a ./Drivers/STM32F4xx_HAL_Driver/Src/stm32f4xx_hal_ltdc.o
                0x08004880                HAL_LTDC_Init
 .text.HAL_LTDC_ConfigLayer
                0x080049ba       0x7c ./Drivers/STM32F4xx_HAL_Driver/Src/stm32f4xx_hal_ltdc.o
                0x080049ba                HAL_LTDC_ConfigLayer
 .text.LTDC_SetConfig
                0x08004a36      0x2e6 ./Drivers/STM32F4xx_HAL_Driver/Src/stm32f4xx_hal_ltdc.o
 .text.HAL_PWREx_EnableOverDrive
                0x08004d1c       0xa0 ./Drivers/STM32F4xx_HAL_Driver/Src/stm32f4xx_hal_pwr_ex.o
                0x08004d1c                HAL_PWREx_EnableOverDrive
 .text.HAL_RCC_OscConfig
                0x08004dbc      0x4f0 ./Drivers/STM32F4xx_HAL_Driver/Src/stm32f4xx_hal_rcc.o
                0x08004dbc                HAL_RCC_OscConfig
 .text.HAL_RCC_ClockConfig
                0x080052ac      0x1cc ./Drivers/STM32F4xx_HAL_Driver/Src/stm32f4xx_hal_rcc.o
                0x080052ac                HAL_RCC_ClockConfig
 .text.HAL_RCC_GetSysClockFreq
                0x08005478      0x20c ./Drivers/STM32F4xx_HAL_Driver/Src/stm32f4xx_hal_rcc.o
                0x08005478                HAL_RCC_GetSysClockFreq
 .text.HAL_RCC_GetHCLKFreq
                0x08005684       0x18 ./Drivers/STM32F4xx_HAL_Driver/Src/stm32f4xx_hal_rcc.o
                0x08005684                HAL_RCC_GetHCLKFreq
 .text.HAL_RCC_GetPCLK1Freq
                0x0800569c       0x28 ./Drivers/STM32F4xx_HAL_Driver/Src/stm32f4xx_hal_rcc.o
                0x0800569c                HAL_RCC_GetPCLK1Freq
 .text.HAL_RCCEx_PeriphCLKConfig
                0x080056c4      0x380 ./Drivers/STM32F4xx_HAL_Driver/Src/stm32f4xx_hal_rcc_ex.o
                0x080056c4                HAL_RCCEx_PeriphCLKConfig
 .text.HAL_SDRAM_Init
                0x08005a44       0x68 ./Drivers/STM32F4xx_HAL_Driver/Src/stm32f4xx_hal_sdram.o
                0x08005a44                HAL_SDRAM_Init
 .text.HAL_SDRAM_SendCommand
                0x08005aac       0x6a ./Drivers/STM32F4xx_HAL_Driver/Src/stm32f4xx_hal_sdram.o
                0x08005aac                HAL_SDRAM_SendCommand
 .text.HAL_SDRAM_ProgramRefreshRate
                0x08005b16       0x50 ./Drivers/STM32F4xx_HAL_Driver/Src/stm32f4xx_hal_sdram.o
                0x08005b16                HAL_SDRAM_ProgramRefreshRate
 .text.HAL_SPI_Init
                0x08005b66      0x112 ./Drivers/STM32F4xx_HAL_Driver/Src/stm32f4xx_hal_spi.o
                0x08005b66                HAL_SPI_Init
 .text.HAL_SPI_Transmit
                0x08005c78      0x288 ./Drivers/STM32F4xx_HAL_Driver/Src/stm32f4xx_hal_spi.o
                0x08005c78                HAL_SPI_Transmit
 .text.HAL_SPI_Receive
                0x08005f00      0x232 ./Drivers/STM32F4xx_HAL_Driver/Src/stm32f4xx_hal_spi.o
                0x08005f00                HAL_SPI_Receive
 .text.HAL_SPI_TransmitReceive
                0x08006132      0x352 ./Drivers/STM32F4xx_HAL_Driver/Src/stm32f4xx_hal_spi.o
                0x08006132                HAL_SPI_TransmitReceive
 .text.SPI_WaitFlagStateUntilTimeout
                0x08006484      0x110 ./Drivers/STM32F4xx_HAL_Driver/Src/stm32f4xx_hal_spi.o
 .text.SPI_EndRxTransaction
                0x08006594       0xca ./Drivers/STM32F4xx_HAL_Driver/Src/stm32f4xx_hal_spi.o
 *fill*         0x0800665e        0x2 
 .text.SPI_EndRxTxTransaction
                0x08006660       0xa8 ./Drivers/STM32F4xx_HAL_Driver/Src/stm32f4xx_hal_spi.o
 .text.HAL_TIM_IRQHandler
                0x08006708      0x1e0 ./Drivers/STM32F4xx_HAL_Driver/Src/stm32f4xx_hal_tim.o
                0x08006708                HAL_TIM_IRQHandler
 .text.HAL_TIM_PeriodElapsedCallback
                0x080068e8       0x14 ./Drivers/STM32F4xx_HAL_Driver/Src/stm32f4xx_hal_tim.o
                0x080068e8                HAL_TIM_PeriodElapsedCallback
 .text.HAL_TIM_OC_DelayElapsedCallback
                0x080068fc       0x14 ./Drivers/STM32F4xx_HAL_Driver/Src/stm32f4xx_hal_tim.o
                0x080068fc                HAL_TIM_OC_DelayElapsedCallback
 .text.HAL_TIM_IC_CaptureCallback
                0x08006910       0x14 ./Drivers/STM32F4xx_HAL_Driver/Src/stm32f4xx_hal_tim.o
                0x08006910                HAL_TIM_IC_CaptureCallback
 .text.HAL_TIM_PWM_PulseFinishedCallback
                0x08006924       0x14 ./Drivers/STM32F4xx_HAL_Driver/Src/stm32f4xx_hal_tim.o
                0x08006924                HAL_TIM_PWM_PulseFinishedCallback
 .text.HAL_TIM_TriggerCallback
                0x08006938       0x14 ./Drivers/STM32F4xx_HAL_Driver/Src/stm32f4xx_hal_tim.o
                0x08006938                HAL_TIM_TriggerCallback
 .text.HAL_TIMEx_CommutCallback
                0x0800694c       0x14 ./Drivers/STM32F4xx_HAL_Driver/Src/stm32f4xx_hal_tim_ex.o
                0x0800694c                HAL_TIMEx_CommutCallback
 .text.HAL_TIMEx_BreakCallback
                0x08006960       0x14 ./Drivers/STM32F4xx_HAL_Driver/Src/stm32f4xx_hal_tim_ex.o
                0x08006960                HAL_TIMEx_BreakCallback
 .text.FMC_SDRAM_Init
                0x08006974       0xba ./Drivers/STM32F4xx_HAL_Driver/Src/stm32f4xx_ll_fmc.o
                0x08006974                FMC_SDRAM_Init
 .text.FMC_SDRAM_Timing_Init
                0x08006a2e       0xd2 ./Drivers/STM32F4xx_HAL_Driver/Src/stm32f4xx_ll_fmc.o
                0x08006a2e                FMC_SDRAM_Timing_Init
 .text.FMC_SDRAM_SendCommand
                0x08006b00       0x7a ./Drivers/STM32F4xx_HAL_Driver/Src/stm32f4xx_ll_fmc.o
                0x08006b00                FMC_SDRAM_SendCommand
 .text.FMC_SDRAM_ProgramRefreshRate
                0x08006b7a       0x2e ./Drivers/STM32F4xx_HAL_Driver/Src/stm32f4xx_ll_fmc.o
                0x08006b7a                FMC_SDRAM_ProgramRefreshRate
 .text.makeFreeRtosPriority
                0x08006ba8       0x30 ./Middlewares/Third_Party/FreeRTOS/Source/CMSIS_RTOS/cmsis_os.o
 .text.inHandlerMode
                0x08006bd8       0x24 ./Middlewares/Third_Party/FreeRTOS/Source/CMSIS_RTOS/cmsis_os.o
 .text.osKernelStart
                0x08006bfc        0xe ./Middlewares/Third_Party/FreeRTOS/Source/CMSIS_RTOS/cmsis_os.o
                0x08006bfc                osKernelStart
 .text.osKernelSysTick
                0x08006c0a       0x20 ./Middlewares/Third_Party/FreeRTOS/Source/CMSIS_RTOS/cmsis_os.o
                0x08006c0a                osKernelSysTick
 .text.osThreadCreate
                0x08006c2a       0x4e ./Middlewares/Third_Party/FreeRTOS/Source/CMSIS_RTOS/cmsis_os.o
                0x08006c2a                osThreadCreate
 .text.osDelay  0x08006c78       0x28 ./Middlewares/Third_Party/FreeRTOS/Source/CMSIS_RTOS/cmsis_os.o
                0x08006c78                osDelay
 .text.osMutexCreate
                0x08006ca0       0x18 ./Middlewares/Third_Party/FreeRTOS/Source/CMSIS_RTOS/cmsis_os.o
                0x08006ca0                osMutexCreate
 .text.osMutexWait
                0x08006cb8       0x9c ./Middlewares/Third_Party/FreeRTOS/Source/CMSIS_RTOS/cmsis_os.o
                0x08006cb8                osMutexWait
 .text.osMutexRelease
                0x08006d54       0x6c ./Middlewares/Third_Party/FreeRTOS/Source/CMSIS_RTOS/cmsis_os.o
                0x08006d54                osMutexRelease
 .text.vListInitialise
                0x08006dc0       0x40 ./Middlewares/Third_Party/FreeRTOS/Source/list.o
                0x08006dc0                vListInitialise
 .text.vListInitialiseItem
                0x08006e00       0x1a ./Middlewares/Third_Party/FreeRTOS/Source/list.o
                0x08006e00                vListInitialiseItem
 .text.vListInsertEnd
                0x08006e1a       0x48 ./Middlewares/Third_Party/FreeRTOS/Source/list.o
                0x08006e1a                vListInsertEnd
 .text.vListInsert
                0x08006e62       0x72 ./Middlewares/Third_Party/FreeRTOS/Source/list.o
                0x08006e62                vListInsert
 .text.uxListRemove
                0x08006ed4       0x54 ./Middlewares/Third_Party/FreeRTOS/Source/list.o
                0x08006ed4                uxListRemove
 .text.xQueueGenericReset
                0x08006f28       0xb4 ./Middlewares/Third_Party/FreeRTOS/Source/queue.o
                0x08006f28                xQueueGenericReset
 .text.xQueueGenericCreate
                0x08006fdc       0x50 ./Middlewares/Third_Party/FreeRTOS/Source/queue.o
                0x08006fdc                xQueueGenericCreate
 .text.prvInitialiseNewQueue
                0x0800702c       0x46 ./Middlewares/Third_Party/FreeRTOS/Source/queue.o
 .text.prvInitialiseMutex
                0x08007072       0x34 ./Middlewares/Third_Party/FreeRTOS/Source/queue.o
 .text.xQueueCreateMutex
                0x080070a6       0x30 ./Middlewares/Third_Party/FreeRTOS/Source/queue.o
                0x080070a6                xQueueCreateMutex
 *fill*         0x080070d6        0x2 
 .text.xQueueGenericSend
                0x080070d8      0x154 ./Middlewares/Third_Party/FreeRTOS/Source/queue.o
                0x080070d8                xQueueGenericSend
 .text.xQueueGiveFromISR
                0x0800722c       0xa8 ./Middlewares/Third_Party/FreeRTOS/Source/queue.o
                0x0800722c                xQueueGiveFromISR
 .text.xQueueSemaphoreTake
                0x080072d4      0x190 ./Middlewares/Third_Party/FreeRTOS/Source/queue.o
                0x080072d4                xQueueSemaphoreTake
 .text.xQueueReceiveFromISR
                0x08007464       0xae ./Middlewares/Third_Party/FreeRTOS/Source/queue.o
                0x08007464                xQueueReceiveFromISR
 .text.prvGetDisinheritPriorityAfterTimeout
                0x08007512       0x30 ./Middlewares/Third_Party/FreeRTOS/Source/queue.o
 .text.prvCopyDataToQueue
                0x08007542       0xd4 ./Middlewares/Third_Party/FreeRTOS/Source/queue.o
 .text.prvCopyDataFromQueue
                0x08007616       0x4c ./Middlewares/Third_Party/FreeRTOS/Source/queue.o
 .text.prvUnlockQueue
                0x08007662       0xa4 ./Middlewares/Third_Party/FreeRTOS/Source/queue.o
 .text.prvIsQueueEmpty
                0x08007706       0x2c ./Middlewares/Third_Party/FreeRTOS/Source/queue.o
 .text.prvIsQueueFull
                0x08007732       0x30 ./Middlewares/Third_Party/FreeRTOS/Source/queue.o
 .text.xTaskCreate
                0x08007762       0x82 ./Middlewares/Third_Party/FreeRTOS/Source/tasks.o
                0x08007762                xTaskCreate
 .text.prvInitialiseNewTask
                0x080077e4       0xfe ./Middlewares/Third_Party/FreeRTOS/Source/tasks.o
 *fill*         0x080078e2        0x2 
 .text.prvAddNewTaskToReadyList
                0x080078e4       0xdc ./Middlewares/Third_Party/FreeRTOS/Source/tasks.o
 .text.vTaskDelay
                0x080079c0       0x48 ./Middlewares/Third_Party/FreeRTOS/Source/tasks.o
                0x080079c0                vTaskDelay
 .text.vTaskStartScheduler
                0x08007a08       0x70 ./Middlewares/Third_Party/FreeRTOS/Source/tasks.o
                0x08007a08                vTaskStartScheduler
 .text.vTaskSuspendAll
                0x08007a78       0x1c ./Middlewares/Third_Party/FreeRTOS/Source/tasks.o
                0x08007a78                vTaskSuspendAll
 .text.xTaskResumeAll
                0x08007a94      0x11c ./Middlewares/Third_Party/FreeRTOS/Source/tasks.o
                0x08007a94                xTaskResumeAll
 .text.xTaskGetTickCount
                0x08007bb0       0x20 ./Middlewares/Third_Party/FreeRTOS/Source/tasks.o
                0x08007bb0                xTaskGetTickCount
 .text.xTaskGetTickCountFromISR
                0x08007bd0       0x24 ./Middlewares/Third_Party/FreeRTOS/Source/tasks.o
                0x08007bd0                xTaskGetTickCountFromISR
 .text.xTaskIncrementTick
                0x08007bf4      0x150 ./Middlewares/Third_Party/FreeRTOS/Source/tasks.o
                0x08007bf4                xTaskIncrementTick
 .text.vTaskSwitchContext
                0x08007d44       0x8c ./Middlewares/Third_Party/FreeRTOS/Source/tasks.o
                0x08007d44                vTaskSwitchContext
 .text.vTaskPlaceOnEventList
                0x08007dd0       0x2c ./Middlewares/Third_Party/FreeRTOS/Source/tasks.o
                0x08007dd0                vTaskPlaceOnEventList
 .text.xTaskRemoveFromEventList
                0x08007dfc       0xa8 ./Middlewares/Third_Party/FreeRTOS/Source/tasks.o
                0x08007dfc                xTaskRemoveFromEventList
 .text.vTaskInternalSetTimeOutState
                0x08007ea4       0x2c ./Middlewares/Third_Party/FreeRTOS/Source/tasks.o
                0x08007ea4                vTaskInternalSetTimeOutState
 .text.xTaskCheckForTimeOut
                0x08007ed0       0x8c ./Middlewares/Third_Party/FreeRTOS/Source/tasks.o
                0x08007ed0                xTaskCheckForTimeOut
 .text.vTaskMissedYield
                0x08007f5c       0x18 ./Middlewares/Third_Party/FreeRTOS/Source/tasks.o
                0x08007f5c                vTaskMissedYield
 .text.prvIdleTask
                0x08007f74       0x30 ./Middlewares/Third_Party/FreeRTOS/Source/tasks.o
 .text.prvInitialiseTaskLists
                0x08007fa4       0x80 ./Middlewares/Third_Party/FreeRTOS/Source/tasks.o
 .text.prvCheckTasksWaitingTermination
                0x08008024       0x5c ./Middlewares/Third_Party/FreeRTOS/Source/tasks.o
 .text.prvDeleteTCB
                0x08008080       0x20 ./Middlewares/Third_Party/FreeRTOS/Source/tasks.o
 .text.prvResetNextTaskUnblockTime
                0x080080a0       0x40 ./Middlewares/Third_Party/FreeRTOS/Source/tasks.o
 .text.xTaskGetSchedulerState
                0x080080e0       0x3c ./Middlewares/Third_Party/FreeRTOS/Source/tasks.o
                0x080080e0                xTaskGetSchedulerState
 .text.xTaskPriorityInherit
                0x0800811c       0xec ./Middlewares/Third_Party/FreeRTOS/Source/tasks.o
                0x0800811c                xTaskPriorityInherit
 .text.xTaskPriorityDisinherit
                0x08008208       0xc8 ./Middlewares/Third_Party/FreeRTOS/Source/tasks.o
                0x08008208                xTaskPriorityDisinherit
 .text.vTaskPriorityDisinheritAfterTimeout
                0x080082d0       0xdc ./Middlewares/Third_Party/FreeRTOS/Source/tasks.o
                0x080082d0                vTaskPriorityDisinheritAfterTimeout
 .text.pvTaskIncrementMutexHeldCount
                0x080083ac       0x28 ./Middlewares/Third_Party/FreeRTOS/Source/tasks.o
                0x080083ac                pvTaskIncrementMutexHeldCount
 .text.prvAddCurrentTaskToDelayedList
                0x080083d4       0xcc ./Middlewares/Third_Party/FreeRTOS/Source/tasks.o
 .text.pxPortInitialiseStack
                0x080084a0       0x68 ./Middlewares/Third_Party/FreeRTOS/Source/portable/GCC/ARM_CM4F/port.o
                0x080084a0                pxPortInitialiseStack
 .text.prvTaskExitError
                0x08008508       0x34 ./Middlewares/Third_Party/FreeRTOS/Source/portable/GCC/ARM_CM4F/port.o
 *fill*         0x0800853c        0x4 
 .text.SVC_Handler
                0x08008540       0x28 ./Middlewares/Third_Party/FreeRTOS/Source/portable/GCC/ARM_CM4F/port.o
                0x08008540                SVC_Handler
 .text.prvPortStartFirstTask
                0x08008568       0x28 ./Middlewares/Third_Party/FreeRTOS/Source/portable/GCC/ARM_CM4F/port.o
 .text.xPortStartScheduler
                0x08008590       0x54 ./Middlewares/Third_Party/FreeRTOS/Source/portable/GCC/ARM_CM4F/port.o
                0x08008590                xPortStartScheduler
 .text.vPortEnterCritical
                0x080085e4       0x34 ./Middlewares/Third_Party/FreeRTOS/Source/portable/GCC/ARM_CM4F/port.o
                0x080085e4                vPortEnterCritical
 .text.vPortExitCritical
                0x08008618       0x34 ./Middlewares/Third_Party/FreeRTOS/Source/portable/GCC/ARM_CM4F/port.o
                0x08008618                vPortExitCritical
 *fill*         0x0800864c        0x4 
 .text.PendSV_Handler
                0x08008650       0x68 ./Middlewares/Third_Party/FreeRTOS/Source/portable/GCC/ARM_CM4F/port.o
                0x08008650                PendSV_Handler
 .text.xPortSysTickHandler
                0x080086b8       0x44 ./Middlewares/Third_Party/FreeRTOS/Source/portable/GCC/ARM_CM4F/port.o
                0x080086b8                xPortSysTickHandler
 .text.vPortSetupTimerInterrupt
                0x080086fc       0x48 ./Middlewares/Third_Party/FreeRTOS/Source/portable/GCC/ARM_CM4F/port.o
                0x080086fc                vPortSetupTimerInterrupt
 .text.vPortEnableVFP
                0x08008744       0x14 ./Middlewares/Third_Party/FreeRTOS/Source/portable/GCC/ARM_CM4F/port.o
 .text.pvPortMalloc
                0x08008758      0x134 ./Middlewares/Third_Party/FreeRTOS/Source/portable/MemMang/heap_4.o
                0x08008758                pvPortMalloc
 .text.vPortFree
                0x0800888c       0x80 ./Middlewares/Third_Party/FreeRTOS/Source/portable/MemMang/heap_4.o
                0x0800888c                vPortFree
 .text.prvHeapInit
                0x0800890c       0xc4 ./Middlewares/Third_Party/FreeRTOS/Source/portable/MemMang/heap_4.o
 .text.prvInsertBlockIntoFreeList
                0x080089d0       0xb4 ./Middlewares/Third_Party/FreeRTOS/Source/portable/MemMang/heap_4.o
 .text.srand    0x08008a84       0x5c C:/ST/STM32CubeIDE_2.1.1/STM32CubeIDE/plugins/com.st.stm32cube.ide.mcu.externaltools.gnu-tools-for-stm32.14.3.rel1.win32_1.0.100.202602081740/tools/bin/../lib/gcc/arm-none-eabi/14.3.1/../../../../arm-none-eabi/lib/thumb/v7e-m+fp/hard\libc_nano.a(libc_a-rand.o)
                0x08008a84                srand
 .text.rand     0x08008ae0       0x7c C:/ST/STM32CubeIDE_2.1.1/STM32CubeIDE/plugins/com.st.stm32cube.ide.mcu.externaltools.gnu-tools-for-stm32.14.3.rel1.win32_1.0.100.202602081740/tools/bin/../lib/gcc/arm-none-eabi/14.3.1/../../../../arm-none-eabi/lib/thumb/v7e-m+fp/hard\libc_nano.a(libc_a-rand.o)
                0x08008ae0                rand
 .text.std      0x08008b5c       0x6c C:/ST/STM32CubeIDE_2.1.1/STM32CubeIDE/plugins/com.st.stm32cube.ide.mcu.externaltools.gnu-tools-for-stm32.14.3.rel1.win32_1.0.100.202602081740/tools/bin/../lib/gcc/arm-none-eabi/14.3.1/../../../../arm-none-eabi/lib/thumb/v7e-m+fp/hard\libc_nano.a(libc_a-findfp.o)
 .text.stdio_exit_handler
                0x08008bc8       0x18 C:/ST/STM32CubeIDE_2.1.1/STM32CubeIDE/plugins/com.st.stm32cube.ide.mcu.externaltools.gnu-tools-for-stm32.14.3.rel1.win32_1.0.100.202602081740/tools/bin/../lib/gcc/arm-none-eabi/14.3.1/../../../../arm-none-eabi/lib/thumb/v7e-m+fp/hard\libc_nano.a(libc_a-findfp.o)
 .text.cleanup_stdio
                0x08008be0       0x40 C:/ST/STM32CubeIDE_2.1.1/STM32CubeIDE/plugins/com.st.stm32cube.ide.mcu.externaltools.gnu-tools-for-stm32.14.3.rel1.win32_1.0.100.202602081740/tools/bin/../lib/gcc/arm-none-eabi/14.3.1/../../../../arm-none-eabi/lib/thumb/v7e-m+fp/hard\libc_nano.a(libc_a-findfp.o)
 .text.global_stdio_init.part.0
                0x08008c20       0x40 C:/ST/STM32CubeIDE_2.1.1/STM32CubeIDE/plugins/com.st.stm32cube.ide.mcu.externaltools.gnu-tools-for-stm32.14.3.rel1.win32_1.0.100.202602081740/tools/bin/../lib/gcc/arm-none-eabi/14.3.1/../../../../arm-none-eabi/lib/thumb/v7e-m+fp/hard\libc_nano.a(libc_a-findfp.o)
 .text.__sfp_lock_acquire
                0x08008c60        0xc C:/ST/STM32CubeIDE_2.1.1/STM32CubeIDE/plugins/com.st.stm32cube.ide.mcu.externaltools.gnu-tools-for-stm32.14.3.rel1.win32_1.0.100.202602081740/tools/bin/../lib/gcc/arm-none-eabi/14.3.1/../../../../arm-none-eabi/lib/thumb/v7e-m+fp/hard\libc_nano.a(libc_a-findfp.o)
                0x08008c60                __sfp_lock_acquire
 .text.__sfp_lock_release
                0x08008c6c        0xc C:/ST/STM32CubeIDE_2.1.1/STM32CubeIDE/plugins/com.st.stm32cube.ide.mcu.externaltools.gnu-tools-for-stm32.14.3.rel1.win32_1.0.100.202602081740/tools/bin/../lib/gcc/arm-none-eabi/14.3.1/../../../../arm-none-eabi/lib/thumb/v7e-m+fp/hard\libc_nano.a(libc_a-findfp.o)
                0x08008c6c                __sfp_lock_release
 .text.__sinit  0x08008c78       0x30 C:/ST/STM32CubeIDE_2.1.1/STM32CubeIDE/plugins/com.st.stm32cube.ide.mcu.externaltools.gnu-tools-for-stm32.14.3.rel1.win32_1.0.100.202602081740/tools/bin/../lib/gcc/arm-none-eabi/14.3.1/../../../../arm-none-eabi/lib/thumb/v7e-m+fp/hard\libc_nano.a(libc_a-findfp.o)
                0x08008c78                __sinit
 .text._fwalk_sglue
                0x08008ca8       0x3c C:/ST/STM32CubeIDE_2.1.1/STM32CubeIDE/plugins/com.st.stm32cube.ide.mcu.externaltools.gnu-tools-for-stm32.14.3.rel1.win32_1.0.100.202602081740/tools/bin/../lib/gcc/arm-none-eabi/14.3.1/../../../../arm-none-eabi/lib/thumb/v7e-m+fp/hard\libc_nano.a(libc_a-fwalk.o)
                0x08008ca8                _fwalk_sglue
 .text.sprintf  0x08008ce4       0x44 C:/ST/STM32CubeIDE_2.1.1/STM32CubeIDE/plugins/com.st.stm32cube.ide.mcu.externaltools.gnu-tools-for-stm32.14.3.rel1.win32_1.0.100.202602081740/tools/bin/../lib/gcc/arm-none-eabi/14.3.1/../../../../arm-none-eabi/lib/thumb/v7e-m+fp/hard\libc_nano.a(libc_a-sprintf.o)
                0x08008ce4                siprintf
                0x08008ce4                sprintf
 .text.__sread  0x08008d28       0x22 C:/ST/STM32CubeIDE_2.1.1/STM32CubeIDE/plugins/com.st.stm32cube.ide.mcu.externaltools.gnu-tools-for-stm32.14.3.rel1.win32_1.0.100.202602081740/tools/bin/../lib/gcc/arm-none-eabi/14.3.1/../../../../arm-none-eabi/lib/thumb/v7e-m+fp/hard\libc_nano.a(libc_a-stdio.o)
                0x08008d28                __sread
 .text.__swrite
                0x08008d4a       0x38 C:/ST/STM32CubeIDE_2.1.1/STM32CubeIDE/plugins/com.st.stm32cube.ide.mcu.externaltools.gnu-tools-for-stm32.14.3.rel1.win32_1.0.100.202602081740/tools/bin/../lib/gcc/arm-none-eabi/14.3.1/../../../../arm-none-eabi/lib/thumb/v7e-m+fp/hard\libc_nano.a(libc_a-stdio.o)
                0x08008d4a                __swrite
 .text.__sseek  0x08008d82       0x26 C:/ST/STM32CubeIDE_2.1.1/STM32CubeIDE/plugins/com.st.stm32cube.ide.mcu.externaltools.gnu-tools-for-stm32.14.3.rel1.win32_1.0.100.202602081740/tools/bin/../lib/gcc/arm-none-eabi/14.3.1/../../../../arm-none-eabi/lib/thumb/v7e-m+fp/hard\libc_nano.a(libc_a-stdio.o)
                0x08008d82                __sseek
 .text.__sclose
                0x08008da8        0x8 C:/ST/STM32CubeIDE_2.1.1/STM32CubeIDE/plugins/com.st.stm32cube.ide.mcu.externaltools.gnu-tools-for-stm32.14.3.rel1.win32_1.0.100.202602081740/tools/bin/../lib/gcc/arm-none-eabi/14.3.1/../../../../arm-none-eabi/lib/thumb/v7e-m+fp/hard\libc_nano.a(libc_a-stdio.o)
                0x08008da8                __sclose
 .text.memset   0x08008db0       0x10 C:/ST/STM32CubeIDE_2.1.1/STM32CubeIDE/plugins/com.st.stm32cube.ide.mcu.externaltools.gnu-tools-for-stm32.14.3.rel1.win32_1.0.100.202602081740/tools/bin/../lib/gcc/arm-none-eabi/14.3.1/../../../../arm-none-eabi/lib/thumb/v7e-m+fp/hard\libc_nano.a(libc_a-memset.o)
                0x08008db0                memset
 .text._close_r
                0x08008dc0       0x20 C:/ST/STM32CubeIDE_2.1.1/STM32CubeIDE/plugins/com.st.stm32cube.ide.mcu.externaltools.gnu-tools-for-stm32.14.3.rel1.win32_1.0.100.202602081740/tools/bin/../lib/gcc/arm-none-eabi/14.3.1/../../../../arm-none-eabi/lib/thumb/v7e-m+fp/hard\libc_nano.a(libc_a-closer.o)
                0x08008dc0                _close_r
 .text._lseek_r
                0x08008de0       0x24 C:/ST/STM32CubeIDE_2.1.1/STM32CubeIDE/plugins/com.st.stm32cube.ide.mcu.externaltools.gnu-tools-for-stm32.14.3.rel1.win32_1.0.100.202602081740/tools/bin/../lib/gcc/arm-none-eabi/14.3.1/../../../../arm-none-eabi/lib/thumb/v7e-m+fp/hard\libc_nano.a(libc_a-lseekr.o)
                0x08008de0                _lseek_r
 .text._read_r  0x08008e04       0x24 C:/ST/STM32CubeIDE_2.1.1/STM32CubeIDE/plugins/com.st.stm32cube.ide.mcu.externaltools.gnu-tools-for-stm32.14.3.rel1.win32_1.0.100.202602081740/tools/bin/../lib/gcc/arm-none-eabi/14.3.1/../../../../arm-none-eabi/lib/thumb/v7e-m+fp/hard\libc_nano.a(libc_a-readr.o)
                0x08008e04                _read_r
 .text._write_r
                0x08008e28       0x24 C:/ST/STM32CubeIDE_2.1.1/STM32CubeIDE/plugins/com.st.stm32cube.ide.mcu.externaltools.gnu-tools-for-stm32.14.3.rel1.win32_1.0.100.202602081740/tools/bin/../lib/gcc/arm-none-eabi/14.3.1/../../../../arm-none-eabi/lib/thumb/v7e-m+fp/hard\libc_nano.a(libc_a-writer.o)
                0x08008e28                _write_r
 .text.__errno  0x08008e4c        0xc C:/ST/STM32CubeIDE_2.1.1/STM32CubeIDE/plugins/com.st.stm32cube.ide.mcu.externaltools.gnu-tools-for-stm32.14.3.rel1.win32_1.0.100.202602081740/tools/bin/../lib/gcc/arm-none-eabi/14.3.1/../../../../arm-none-eabi/lib/thumb/v7e-m+fp/hard\libc_nano.a(libc_a-errno.o)
                0x08008e4c                __errno
 .text.__libc_init_array
                0x08008e58       0x48 C:/ST/STM32CubeIDE_2.1.1/STM32CubeIDE/plugins/com.st.stm32cube.ide.mcu.externaltools.gnu-tools-for-stm32.14.3.rel1.win32_1.0.100.202602081740/tools/bin/../lib/gcc/arm-none-eabi/14.3.1/../../../../arm-none-eabi/lib/thumb/v7e-m+fp/hard\libc_nano.a(libc_a-init.o)
                0x08008e58                __libc_init_array
 .text.__retarget_lock_init_recursive
                0x08008ea0        0x2 C:/ST/STM32CubeIDE_2.1.1/STM32CubeIDE/plugins/com.st.stm32cube.ide.mcu.externaltools.gnu-tools-for-stm32.14.3.rel1.win32_1.0.100.202602081740/tools/bin/../lib/gcc/arm-none-eabi/14.3.1/../../../../arm-none-eabi/lib/thumb/v7e-m+fp/hard\libc_nano.a(libc_a-lock.o)
                0x08008ea0                __retarget_lock_init_recursive
 .text.__retarget_lock_acquire_recursive
                0x08008ea2        0x2 C:/ST/STM32CubeIDE_2.1.1/STM32CubeIDE/plugins/com.st.stm32cube.ide.mcu.externaltools.gnu-tools-for-stm32.14.3.rel1.win32_1.0.100.202602081740/tools/bin/../lib/gcc/arm-none-eabi/14.3.1/../../../../arm-none-eabi/lib/thumb/v7e-m+fp/hard\libc_nano.a(libc_a-lock.o)
                0x08008ea2                __retarget_lock_acquire_recursive
 .text.__retarget_lock_release_recursive
                0x08008ea4        0x2 C:/ST/STM32CubeIDE_2.1.1/STM32CubeIDE/plugins/com.st.stm32cube.ide.mcu.externaltools.gnu-tools-for-stm32.14.3.rel1.win32_1.0.100.202602081740/tools/bin/../lib/gcc/arm-none-eabi/14.3.1/../../../../arm-none-eabi/lib/thumb/v7e-m+fp/hard\libc_nano.a(libc_a-lock.o)
                0x08008ea4                __retarget_lock_release_recursive
 .text.memcpy   0x08008ea6       0x1c C:/ST/STM32CubeIDE_2.1.1/STM32CubeIDE/plugins/com.st.stm32cube.ide.mcu.externaltools.gnu-tools-for-stm32.14.3.rel1.win32_1.0.100.202602081740/tools/bin/../lib/gcc/arm-none-eabi/14.3.1/../../../../arm-none-eabi/lib/thumb/v7e-m+fp/hard\libc_nano.a(libc_a-memcpy-stub.o)
                0x08008ea6                memcpy
 *fill*         0x08008ec2        0x2 
 .text.__assert_func
                0x08008ec4       0x3c C:/ST/STM32CubeIDE_2.1.1/STM32CubeIDE/plugins/com.st.stm32cube.ide.mcu.externaltools.gnu-tools-for-stm32.14.3.rel1.win32_1.0.100.202602081740/tools/bin/../lib/gcc/arm-none-eabi/14.3.1/../../../../arm-none-eabi/lib/thumb/v7e-m+fp/hard\libc_nano.a(libc_a-assert.o)
                0x08008ec4                __assert_func
 .text._free_r  0x08008f00       0x94 C:/ST/STM32CubeIDE_2.1.1/STM32CubeIDE/plugins/com.st.stm32cube.ide.mcu.externaltools.gnu-tools-for-stm32.14.3.rel1.win32_1.0.100.202602081740/tools/bin/../lib/gcc/arm-none-eabi/14.3.1/../../../../arm-none-eabi/lib/thumb/v7e-m+fp/hard\libc_nano.a(libc_a-freer.o)
                0x08008f00                _free_r
 .text.malloc   0x08008f94       0x10 C:/ST/STM32CubeIDE_2.1.1/STM32CubeIDE/plugins/com.st.stm32cube.ide.mcu.externaltools.gnu-tools-for-stm32.14.3.rel1.win32_1.0.100.202602081740/tools/bin/../lib/gcc/arm-none-eabi/14.3.1/../../../../arm-none-eabi/lib/thumb/v7e-m+fp/hard\libc_nano.a(libc_a-malloc.o)
                0x08008f94                malloc
 .text.sbrk_aligned
                0x08008fa4       0x44 C:/ST/STM32CubeIDE_2.1.1/STM32CubeIDE/plugins/com.st.stm32cube.ide.mcu.externaltools.gnu-tools-for-stm32.14.3.rel1.win32_1.0.100.202602081740/tools/bin/../lib/gcc/arm-none-eabi/14.3.1/../../../../arm-none-eabi/lib/thumb/v7e-m+fp/hard\libc_nano.a(libc_a-mallocr.o)
 .text._malloc_r
                0x08008fe8      0x100 C:/ST/STM32CubeIDE_2.1.1/STM32CubeIDE/plugins/com.st.stm32cube.ide.mcu.externaltools.gnu-tools-for-stm32.14.3.rel1.win32_1.0.100.202602081740/tools/bin/../lib/gcc/arm-none-eabi/14.3.1/../../../../arm-none-eabi/lib/thumb/v7e-m+fp/hard\libc_nano.a(libc_a-mallocr.o)
                0x08008fe8                _malloc_r
 .text.__malloc_lock
                0x080090e8        0xc C:/ST/STM32CubeIDE_2.1.1/STM32CubeIDE/plugins/com.st.stm32cube.ide.mcu.externaltools.gnu-tools-for-stm32.14.3.rel1.win32_1.0.100.202602081740/tools/bin/../lib/gcc/arm-none-eabi/14.3.1/../../../../arm-none-eabi/lib/thumb/v7e-m+fp/hard\libc_nano.a(libc_a-mlock.o)
                0x080090e8                __malloc_lock
 .text.__malloc_unlock
                0x080090f4        0xc C:/ST/STM32CubeIDE_2.1.1/STM32CubeIDE/plugins/com.st.stm32cube.ide.mcu.externaltools.gnu-tools-for-stm32.14.3.rel1.win32_1.0.100.202602081740/tools/bin/../lib/gcc/arm-none-eabi/14.3.1/../../../../arm-none-eabi/lib/thumb/v7e-m+fp/hard\libc_nano.a(libc_a-mlock.o)
                0x080090f4                __malloc_unlock
 .text.__ssputs_r
                0x08009100       0xc0 C:/ST/STM32CubeIDE_2.1.1/STM32CubeIDE/plugins/com.st.stm32cube.ide.mcu.externaltools.gnu-tools-for-stm32.14.3.rel1.win32_1.0.100.202602081740/tools/bin/../lib/gcc/arm-none-eabi/14.3.1/../../../../arm-none-eabi/lib/thumb/v7e-m+fp/hard\libc_nano.a(libc_a-nano-svfprintf.o)
                0x08009100                __ssputs_r
 .text._svfprintf_r
                0x080091c0      0x1f0 C:/ST/STM32CubeIDE_2.1.1/STM32CubeIDE/plugins/com.st.stm32cube.ide.mcu.externaltools.gnu-tools-for-stm32.14.3.rel1.win32_1.0.100.202602081740/tools/bin/../lib/gcc/arm-none-eabi/14.3.1/../../../../arm-none-eabi/lib/thumb/v7e-m+fp/hard\libc_nano.a(libc_a-nano-svfprintf.o)
                0x080091c0                _svfiprintf_r
                0x080091c0                _svfprintf_r
 .text._printf_common
                0x080093b0       0xda C:/ST/STM32CubeIDE_2.1.1/STM32CubeIDE/plugins/com.st.stm32cube.ide.mcu.externaltools.gnu-tools-for-stm32.14.3.rel1.win32_1.0.100.202602081740/tools/bin/../lib/gcc/arm-none-eabi/14.3.1/../../../../arm-none-eabi/lib/thumb/v7e-m+fp/hard\libc_nano.a(libc_a-nano-vfprintf_i.o)
                0x080093b0                _printf_common
 *fill*         0x0800948a        0x2 
 .text._printf_i
                0x0800948c      0x24c C:/ST/STM32CubeIDE_2.1.1/STM32CubeIDE/plugins/com.st.stm32cube.ide.mcu.externaltools.gnu-tools-for-stm32.14.3.rel1.win32_1.0.100.202602081740/tools/bin/../lib/gcc/arm-none-eabi/14.3.1/../../../../arm-none-eabi/lib/thumb/v7e-m+fp/hard\libc_nano.a(libc_a-nano-vfprintf_i.o)
                0x0800948c                _printf_i
 .text.__sflush_r
                0x080096d8      0x104 C:/ST/STM32CubeIDE_2.1.1/STM32CubeIDE/plugins/com.st.stm32cube.ide.mcu.externaltools.gnu-tools-for-stm32.14.3.rel1.win32_1.0.100.202602081740/tools/bin/../lib/gcc/arm-none-eabi/14.3.1/../../../../arm-none-eabi/lib/thumb/v7e-m+fp/hard\libc_nano.a(libc_a-fflush.o)
                0x080096d8                __sflush_r
 .text._fflush_r
                0x080097dc       0x50 C:/ST/STM32CubeIDE_2.1.1/STM32CubeIDE/plugins/com.st.stm32cube.ide.mcu.externaltools.gnu-tools-for-stm32.14.3.rel1.win32_1.0.100.202602081740/tools/bin/../lib/gcc/arm-none-eabi/14.3.1/../../../../arm-none-eabi/lib/thumb/v7e-m+fp/hard\libc_nano.a(libc_a-fflush.o)
                0x080097dc                _fflush_r
 .text.fprintf  0x0800982c       0x24 C:/ST/STM32CubeIDE_2.1.1/STM32CubeIDE/plugins/com.st.stm32cube.ide.mcu.externaltools.gnu-tools-for-stm32.14.3.rel1.win32_1.0.100.202602081740/tools/bin/../lib/gcc/arm-none-eabi/14.3.1/../../../../arm-none-eabi/lib/thumb/v7e-m+fp/hard\libc_nano.a(libc_a-fprintf.o)
                0x0800982c                fiprintf
                0x0800982c                fprintf
 .text.memmove  0x08009850       0x32 C:/ST/STM32CubeIDE_2.1.1/STM32CubeIDE/plugins/com.st.stm32cube.ide.mcu.externaltools.gnu-tools-for-stm32.14.3.rel1.win32_1.0.100.202602081740/tools/bin/../lib/gcc/arm-none-eabi/14.3.1/../../../../arm-none-eabi/lib/thumb/v7e-m+fp/hard\libc_nano.a(libc_a-memmove.o)
                0x08009850                memmove
 *fill*         0x08009882        0x2 
 .text._sbrk_r  0x08009884       0x20 C:/ST/STM32CubeIDE_2.1.1/STM32CubeIDE/plugins/com.st.stm32cube.ide.mcu.externaltools.gnu-tools-for-stm32.14.3.rel1.win32_1.0.100.202602081740/tools/bin/../lib/gcc/arm-none-eabi/14.3.1/../../../../arm-none-eabi/lib/thumb/v7e-m+fp/hard\libc_nano.a(libc_a-sbrkr.o)
                0x08009884                _sbrk_r
 .text.abort    0x080098a4        0xe C:/ST/STM32CubeIDE_2.1.1/STM32CubeIDE/plugins/com.st.stm32cube.ide.mcu.externaltools.gnu-tools-for-stm32.14.3.rel1.win32_1.0.100.202602081740/tools/bin/../lib/gcc/arm-none-eabi/14.3.1/../../../../arm-none-eabi/lib/thumb/v7e-m+fp/hard\libc_nano.a(libc_a-abort.o)
                0x080098a4                abort
 .text._realloc_r
                0x080098b2       0x5c C:/ST/STM32CubeIDE_2.1.1/STM32CubeIDE/plugins/com.st.stm32cube.ide.mcu.externaltools.gnu-tools-for-stm32.14.3.rel1.win32_1.0.100.202602081740/tools/bin/../lib/gcc/arm-none-eabi/14.3.1/../../../../arm-none-eabi/lib/thumb/v7e-m+fp/hard\libc_nano.a(libc_a-reallocr.o)
                0x080098b2                _realloc_r
 .text.__sfputc_r
                0x0800990e       0x2e C:/ST/STM32CubeIDE_2.1.1/STM32CubeIDE/plugins/com.st.stm32cube.ide.mcu.externaltools.gnu-tools-for-stm32.14.3.rel1.win32_1.0.100.202602081740/tools/bin/../lib/gcc/arm-none-eabi/14.3.1/../../../../arm-none-eabi/lib/thumb/v7e-m+fp/hard\libc_nano.a(libc_a-nano-vfprintf.o)
 .text.__sfputs_r
                0x0800993c       0x24 C:/ST/STM32CubeIDE_2.1.1/STM32CubeIDE/plugins/com.st.stm32cube.ide.mcu.externaltools.gnu-tools-for-stm32.14.3.rel1.win32_1.0.100.202602081740/tools/bin/../lib/gcc/arm-none-eabi/14.3.1/../../../../arm-none-eabi/lib/thumb/v7e-m+fp/hard\libc_nano.a(libc_a-nano-vfprintf.o)
                0x0800993c                __sfputs_r
 .text._vfprintf_r
                0x08009960      0x228 C:/ST/STM32CubeIDE_2.1.1/STM32CubeIDE/plugins/com.st.stm32cube.ide.mcu.externaltools.gnu-tools-for-stm32.14.3.rel1.win32_1.0.100.202602081740/tools/bin/../lib/gcc/arm-none-eabi/14.3.1/../../../../arm-none-eabi/lib/thumb/v7e-m+fp/hard\libc_nano.a(libc_a-nano-vfprintf.o)
                0x08009960                _vfprintf_r
                0x08009960                _vfiprintf_r
 .text.__swbuf_r
                0x08009b88       0x7c C:/ST/STM32CubeIDE_2.1.1/STM32CubeIDE/plugins/com.st.stm32cube.ide.mcu.externaltools.gnu-tools-for-stm32.14.3.rel1.win32_1.0.100.202602081740/tools/bin/../lib/gcc/arm-none-eabi/14.3.1/../../../../arm-none-eabi/lib/thumb/v7e-m+fp/hard\libc_nano.a(libc_a-wbuf.o)
                0x08009b88                __swbuf_r
 .text.__swsetup_r
                0x08009c04       0xa8 C:/ST/STM32CubeIDE_2.1.1/STM32CubeIDE/plugins/com.st.stm32cube.ide.mcu.externaltools.gnu-tools-for-stm32.14.3.rel1.win32_1.0.100.202602081740/tools/bin/../lib/gcc/arm-none-eabi/14.3.1/../../../../arm-none-eabi/lib/thumb/v7e-m+fp/hard\libc_nano.a(libc_a-wsetup.o)
                0x08009c04                __swsetup_r
 .text._raise_r
                0x08009cac       0x50 C:/ST/STM32CubeIDE_2.1.1/STM32CubeIDE/plugins/com.st.stm32cube.ide.mcu.externaltools.gnu-tools-for-stm32.14.3.rel1.win32_1.0.100.202602081740/tools/bin/../lib/gcc/arm-none-eabi/14.3.1/../../../../arm-none-eabi/lib/thumb/v7e-m+fp/hard\libc_nano.a(libc_a-signal.o)
                0x08009cac                _raise_r
 .text.raise    0x08009cfc       0x10 C:/ST/STM32CubeIDE_2.1.1/STM32CubeIDE/plugins/com.st.stm32cube.ide.mcu.externaltools.gnu-tools-for-stm32.14.3.rel1.win32_1.0.100.202602081740/tools/bin/../lib/gcc/arm-none-eabi/14.3.1/../../../../arm-none-eabi/lib/thumb/v7e-m+fp/hard\libc_nano.a(libc_a-signal.o)
                0x08009cfc                raise
 .text._kill_r  0x08009d0c       0x24 C:/ST/STM32CubeIDE_2.1.1/STM32CubeIDE/plugins/com.st.stm32cube.ide.mcu.externaltools.gnu-tools-for-stm32.14.3.rel1.win32_1.0.100.202602081740/tools/bin/../lib/gcc/arm-none-eabi/14.3.1/../../../../arm-none-eabi/lib/thumb/v7e-m+fp/hard\libc_nano.a(libc_a-signalr.o)
                0x08009d0c                _kill_r
 .text._getpid_r
                0x08009d30        0x4 C:/ST/STM32CubeIDE_2.1.1/STM32CubeIDE/plugins/com.st.stm32cube.ide.mcu.externaltools.gnu-tools-for-stm32.14.3.rel1.win32_1.0.100.202602081740/tools/bin/../lib/gcc/arm-none-eabi/14.3.1/../../../../arm-none-eabi/lib/thumb/v7e-m+fp/hard\libc_nano.a(libc_a-signalr.o)
                0x08009d30                _getpid_r
 .text._malloc_usable_size_r
                0x08009d34       0x10 C:/ST/STM32CubeIDE_2.1.1/STM32CubeIDE/plugins/com.st.stm32cube.ide.mcu.externaltools.gnu-tools-for-stm32.14.3.rel1.win32_1.0.100.202602081740/tools/bin/../lib/gcc/arm-none-eabi/14.3.1/../../../../arm-none-eabi/lib/thumb/v7e-m+fp/hard\libc_nano.a(libc_a-msizer.o)
                0x08009d34                _malloc_usable_size_r
 .text.__swhatbuf_r
                0x08009d44       0x48 C:/ST/STM32CubeIDE_2.1.1/STM32CubeIDE/plugins/com.st.stm32cube.ide.mcu.externaltools.gnu-tools-for-stm32.14.3.rel1.win32_1.0.100.202602081740/tools/bin/../lib/gcc/arm-none-eabi/14.3.1/../../../../arm-none-eabi/lib/thumb/v7e-m+fp/hard\libc_nano.a(libc_a-makebuf.o)
                0x08009d44                __swhatbuf_r
 .text.__smakebuf_r
                0x08009d8c       0x72 C:/ST/STM32CubeIDE_2.1.1/STM32CubeIDE/plugins/com.st.stm32cube.ide.mcu.externaltools.gnu-tools-for-stm32.14.3.rel1.win32_1.0.100.202602081740/tools/bin/../lib/gcc/arm-none-eabi/14.3.1/../../../../arm-none-eabi/lib/thumb/v7e-m+fp/hard\libc_nano.a(libc_a-makebuf.o)
                0x08009d8c                __smakebuf_r
 *fill*         0x08009dfe        0x2 
 .text._fstat_r
                0x08009e00       0x24 C:/ST/STM32CubeIDE_2.1.1/STM32CubeIDE/plugins/com.st.stm32cube.ide.mcu.externaltools.gnu-tools-for-stm32.14.3.rel1.win32_1.0.100.202602081740/tools/bin/../lib/gcc/arm-none-eabi/14.3.1/../../../../arm-none-eabi/lib/thumb/v7e-m+fp/hard\libc_nano.a(libc_a-fstatr.o)
                0x08009e00                _fstat_r
 .text._isatty_r
                0x08009e24       0x20 C:/ST/STM32CubeIDE_2.1.1/STM32CubeIDE/plugins/com.st.stm32cube.ide.mcu.externaltools.gnu-tools-for-stm32.14.3.rel1.win32_1.0.100.202602081740/tools/bin/../lib/gcc/arm-none-eabi/14.3.1/../../../../arm-none-eabi/lib/thumb/v7e-m+fp/hard\libc_nano.a(libc_a-isattyr.o)
                0x08009e24                _isatty_r
 *(.glue_7)
 .glue_7        0x08009e44        0x0 linker stubs
 *(.glue_7t)
 .glue_7t       0x08009e44        0x0 linker stubs
 *(.eh_frame)
 .eh_frame      0x08009e44        0x0 C:/ST/STM32CubeIDE_2.1.1/STM32CubeIDE/plugins/com.st.stm32cube.ide.mcu.externaltools.gnu-tools-for-stm32.14.3.rel1.win32_1.0.100.202602081740/tools/bin/../lib/gcc/arm-none-eabi/14.3.1/thumb/v7e-m+fp/hard/crtbegin.o
 *(.init)
 .init          0x08009e44        0x4 C:/ST/STM32CubeIDE_2.1.1/STM32CubeIDE/plugins/com.st.stm32cube.ide.mcu.externaltools.gnu-tools-for-stm32.14.3.rel1.win32_1.0.100.202602081740/tools/bin/../lib/gcc/arm-none-eabi/14.3.1/thumb/v7e-m+fp/hard/crti.o
                0x08009e44                _init
 .init          0x08009e48        0x8 C:/ST/STM32CubeIDE_2.1.1/STM32CubeIDE/plugins/com.st.stm32cube.ide.mcu.externaltools.gnu-tools-for-stm32.14.3.rel1.win32_1.0.100.202602081740/tools/bin/../lib/gcc/arm-none-eabi/14.3.1/thumb/v7e-m+fp/hard/crtn.o
 *(.fini)
 .fini          0x08009e50        0x4 C:/ST/STM32CubeIDE_2.1.1/STM32CubeIDE/plugins/com.st.stm32cube.ide.mcu.externaltools.gnu-tools-for-stm32.14.3.rel1.win32_1.0.100.202602081740/tools/bin/../lib/gcc/arm-none-eabi/14.3.1/thumb/v7e-m+fp/hard/crti.o
                0x08009e50                _fini
 .fini          0x08009e54        0x8 C:/ST/STM32CubeIDE_2.1.1/STM32CubeIDE/plugins/com.st.stm32cube.ide.mcu.externaltools.gnu-tools-for-stm32.14.3.rel1.win32_1.0.100.202602081740/tools/bin/../lib/gcc/arm-none-eabi/14.3.1/thumb/v7e-m+fp/hard/crtn.o
                0x08009e5c                        . = ALIGN (0x4)
                0x08009e5c                        _etext = .

.vfp11_veneer   0x08009e5c        0x0
 .vfp11_veneer  0x08009e5c        0x0 linker stubs

.v4_bx          0x08009e5c        0x0
 .v4_bx         0x08009e5c        0x0 linker stubs

.iplt           0x08009e5c        0x0
 .iplt          0x08009e5c        0x0 C:/ST/STM32CubeIDE_2.1.1/STM32CubeIDE/plugins/com.st.stm32cube.ide.mcu.externaltools.gnu-tools-for-stm32.14.3.rel1.win32_1.0.100.202602081740/tools/bin/../lib/gcc/arm-none-eabi/14.3.1/thumb/v7e-m+fp/hard/crtbegin.o

.rodata         0x08009e5c     0x2cfc
                0x08009e5c                        . = ALIGN (0x4)
 *(.rodata)
 .rodata        0x08009e5c       0xf0 ./Core/Src/main.o
 .rodata        0x08009f4c        0x5 ./Middlewares/Third_Party/FreeRTOS/Source/tasks.o
 *(.rodata*)
 *fill*         0x08009f51        0x3 
 .rodata.Font12_Table
                0x08009f54      0x474 ./Core/Src/main.o
                0x08009f54                Font12_Table
 .rodata.Font16_Table
                0x0800a3c8      0xbe0 ./Core/Src/main.o
                0x0800a3c8                Font16_Table
 .rodata.Font24_Table
                0x0800afa8     0x1ab8 ./Core/Src/main.o
                0x0800afa8                Font24_Table
 .rodata.AHBPrescTable
                0x0800ca60       0x10 ./Core/Src/system_stm32f4xx.o
                0x0800ca60                AHBPrescTable
 .rodata.APBPrescTable
                0x0800ca70        0x8 ./Core/Src/system_stm32f4xx.o
                0x0800ca70                APBPrescTable
 .rodata.srand.str1.1
                0x0800ca78       0xde C:/ST/STM32CubeIDE_2.1.1/STM32CubeIDE/plugins/com.st.stm32cube.ide.mcu.externaltools.gnu-tools-for-stm32.14.3.rel1.win32_1.0.100.202602081740/tools/bin/../lib/gcc/arm-none-eabi/14.3.1/../../../../arm-none-eabi/lib/thumb/v7e-m+fp/hard\libc_nano.a(libc_a-rand.o)
                                 0x6f (size before relaxing)
 .rodata.__assert_func.str1.1
                0x0800cb56       0x3d C:/ST/STM32CubeIDE_2.1.1/STM32CubeIDE/plugins/com.st.stm32cube.ide.mcu.externaltools.gnu-tools-for-stm32.14.3.rel1.win32_1.0.100.202602081740/tools/bin/../lib/gcc/arm-none-eabi/14.3.1/../../../../arm-none-eabi/lib/thumb/v7e-m+fp/hard\libc_nano.a(libc_a-assert.o)
 .rodata._svfprintf_r.str1.1
                0x0800cb56       0x11 C:/ST/STM32CubeIDE_2.1.1/STM32CubeIDE/plugins/com.st.stm32cube.ide.mcu.externaltools.gnu-tools-for-stm32.14.3.rel1.win32_1.0.100.202602081740/tools/bin/../lib/gcc/arm-none-eabi/14.3.1/../../../../arm-none-eabi/lib/thumb/v7e-m+fp/hard\libc_nano.a(libc_a-nano-svfprintf.o)
 .rodata._printf_i.str1.1
                0x0800cb56       0x22 C:/ST/STM32CubeIDE_2.1.1/STM32CubeIDE/plugins/com.st.stm32cube.ide.mcu.externaltools.gnu-tools-for-stm32.14.3.rel1.win32_1.0.100.202602081740/tools/bin/../lib/gcc/arm-none-eabi/14.3.1/../../../../arm-none-eabi/lib/thumb/v7e-m+fp/hard\libc_nano.a(libc_a-nano-vfprintf_i.o)
 .rodata._vfprintf_r.str1.1
                0x0800cb56       0x11 C:/ST/STM32CubeIDE_2.1.1/STM32CubeIDE/plugins/com.st.stm32cube.ide.mcu.externaltools.gnu-tools-for-stm32.14.3.rel1.win32_1.0.100.202602081740/tools/bin/../lib/gcc/arm-none-eabi/14.3.1/../../../../arm-none-eabi/lib/thumb/v7e-m+fp/hard\libc_nano.a(libc_a-nano-vfprintf.o)
                0x0800cb94                        . = ALIGN (0x4)
 *fill*         0x0800cb56        0x2 

.ARM.extab      0x0800cb58        0x0
                0x0800cb58                        . = ALIGN (0x4)
 *(.ARM.extab* .gnu.linkonce.armextab.*)
                0x0800cb58                        . = ALIGN (0x4)

.ARM            0x0800cb58        0x8
                0x0800cb58                        . = ALIGN (0x4)
                0x0800cb58                        __exidx_start = .
 *(.ARM.exidx*)
 .ARM.exidx     0x0800cb58        0x8 C:/ST/STM32CubeIDE_2.1.1/STM32CubeIDE/plugins/com.st.stm32cube.ide.mcu.externaltools.gnu-tools-for-stm32.14.3.rel1.win32_1.0.100.202602081740/tools/bin/../lib/gcc/arm-none-eabi/14.3.1/../../../../arm-none-eabi/lib/thumb/v7e-m+fp/hard\libc_nano.a(libc_a-memchr.o)
 .ARM.exidx     0x0800cb60        0x0 C:/ST/STM32CubeIDE_2.1.1/STM32CubeIDE/plugins/com.st.stm32cube.ide.mcu.externaltools.gnu-tools-for-stm32.14.3.rel1.win32_1.0.100.202602081740/tools/bin/../lib/gcc/arm-none-eabi/14.3.1/thumb/v7e-m+fp/hard\libgcc.a(_udivmoddi4.o)
                                  0x8 (size before relaxing)
                0x0800cb60                        __exidx_end = .
                0x0800cb60                        . = ALIGN (0x4)

.preinit_array  0x0800cb60        0x0
                0x0800cb60                        . = ALIGN (0x4)
                0x0800cb60                        PROVIDE (__preinit_array_start = .)
 *(.preinit_array*)
                0x0800cb60                        PROVIDE (__preinit_array_end = .)
                0x0800cb60                        . = ALIGN (0x4)

.init_array     0x0800cb60        0x4
                0x0800cb60                        . = ALIGN (0x4)
                0x0800cb60                        PROVIDE (__init_array_start = .)
 *(SORT_BY_NAME(.init_array.*))
 *(.init_array*)
 .init_array    0x0800cb60        0x4 C:/ST/STM32CubeIDE_2.1.1/STM32CubeIDE/plugins/com.st.stm32cube.ide.mcu.externaltools.gnu-tools-for-stm32.14.3.rel1.win32_1.0.100.202602081740/tools/bin/../lib/gcc/arm-none-eabi/14.3.1/thumb/v7e-m+fp/hard/crtbegin.o
                0x0800cb64                        PROVIDE (__init_array_end = .)
                0x0800cb64                        . = ALIGN (0x4)

.fini_array     0x0800cb64        0x4
                0x0800cb64                        . = ALIGN (0x4)
                [!provide]                        PROVIDE (__fini_array_start = .)
 *(SORT_BY_NAME(.fini_array.*))
 *(.fini_array*)
 .fini_array    0x0800cb64        0x4 C:/ST/STM32CubeIDE_2.1.1/STM32CubeIDE/plugins/com.st.stm32cube.ide.mcu.externaltools.gnu-tools-for-stm32.14.3.rel1.win32_1.0.100.202602081740/tools/bin/../lib/gcc/arm-none-eabi/14.3.1/thumb/v7e-m+fp/hard/crtbegin.o
                [!provide]                        PROVIDE (__fini_array_end = .)
                0x0800cb68                        . = ALIGN (0x4)
                0x0800cb68                        _sidata = LOADADDR (.data)

.rel.dyn        0x0800cb68        0x0
 .rel.iplt      0x0800cb68        0x0 C:/ST/STM32CubeIDE_2.1.1/STM32CubeIDE/plugins/com.st.stm32cube.ide.mcu.externaltools.gnu-tools-for-stm32.14.3.rel1.win32_1.0.100.202602081740/tools/bin/../lib/gcc/arm-none-eabi/14.3.1/thumb/v7e-m+fp/hard/crtbegin.o

.data           0x20000000       0xf4 load address 0x0800cb68
                0x20000000                        . = ALIGN (0x4)
                0x20000000                        _sdata = .
 *(.data)
 *(.data*)
 .data.Font12   0x20000000        0x8 ./Core/Src/main.o
                0x20000000                Font12
 .data.Font16   0x20000008        0x8 ./Core/Src/main.o
                0x20000008                Font16
 .data.Font24   0x20000010        0x8 ./Core/Src/main.o
                0x20000010                Font24
 .data.gameSpeed
                0x20000018        0x4 ./Core/Src/main.o
                0x20000018                gameSpeed
 .data.snakeDir
                0x2000001c        0x4 ./Core/Src/main.o
                0x2000001c                snakeDir
 .data.snakeLength
                0x20000020        0x4 ./Core/Src/main.o
                0x20000020                snakeLength
 .data.currentMap
                0x20000024        0x4 ./Core/Src/main.o
                0x20000024                currentMap
 .data.SystemCoreClock
                0x20000028        0x4 ./Core/Src/system_stm32f4xx.o
                0x20000028                SystemCoreClock
 .data.ili9341_drv
                0x2000002c       0x38 ./Drivers/BSP/Components/ili9341/ili9341.o
                0x2000002c                ili9341_drv
 .data.stmpe811_ts_drv
                0x20000064       0x28 ./Drivers/BSP/Components/stmpe811/stmpe811.o
                0x20000064                stmpe811_ts_drv
 .data.uwTickPrio
                0x2000008c        0x4 ./Drivers/STM32F4xx_HAL_Driver/Src/stm32f4xx_hal.o
                0x2000008c                uwTickPrio
 .data.uwTickFreq
                0x20000090        0x1 ./Drivers/STM32F4xx_HAL_Driver/Src/stm32f4xx_hal.o
                0x20000090                uwTickFreq
 *fill*         0x20000091        0x3 
 .data.uxCriticalNesting
                0x20000094        0x4 ./Middlewares/Third_Party/FreeRTOS/Source/portable/GCC/ARM_CM4F/port.o
 .data.__sglue  0x20000098        0xc C:/ST/STM32CubeIDE_2.1.1/STM32CubeIDE/plugins/com.st.stm32cube.ide.mcu.externaltools.gnu-tools-for-stm32.14.3.rel1.win32_1.0.100.202602081740/tools/bin/../lib/gcc/arm-none-eabi/14.3.1/../../../../arm-none-eabi/lib/thumb/v7e-m+fp/hard\libc_nano.a(libc_a-findfp.o)
                0x20000098                __sglue
 .data._impure_ptr
                0x200000a4        0x4 C:/ST/STM32CubeIDE_2.1.1/STM32CubeIDE/plugins/com.st.stm32cube.ide.mcu.externaltools.gnu-tools-for-stm32.14.3.rel1.win32_1.0.100.202602081740/tools/bin/../lib/gcc/arm-none-eabi/14.3.1/../../../../arm-none-eabi/lib/thumb/v7e-m+fp/hard\libc_nano.a(libc_a-impure.o)
                0x200000a4                _impure_ptr
 .data._impure_data
                0x200000a8       0x4c C:/ST/STM32CubeIDE_2.1.1/STM32CubeIDE/plugins/com.st.stm32cube.ide.mcu.externaltools.gnu-tools-for-stm32.14.3.rel1.win32_1.0.100.202602081740/tools/bin/../lib/gcc/arm-none-eabi/14.3.1/../../../../arm-none-eabi/lib/thumb/v7e-m+fp/hard\libc_nano.a(libc_a-impure.o)
                0x200000a8                _impure_data
 *(.RamFunc)
 *(.RamFunc*)
                0x200000f4                        . = ALIGN (0x4)
                0x200000f4                        _edata = .
                0x0800cc5c                        _siccmram = LOADADDR (.ccmram)

.igot.plt       0x200000f4        0x0 load address 0x0800cc5c
 .igot.plt      0x200000f4        0x0 C:/ST/STM32CubeIDE_2.1.1/STM32CubeIDE/plugins/com.st.stm32cube.ide.mcu.externaltools.gnu-tools-for-stm32.14.3.rel1.win32_1.0.100.202602081740/tools/bin/../lib/gcc/arm-none-eabi/14.3.1/thumb/v7e-m+fp/hard/crtbegin.o

.ccmram         0x10000000        0x0 load address 0x0800cc5c
                0x10000000                        . = ALIGN (0x4)
                0x10000000                        _sccmram = .
 *(.ccmram)
 *(.ccmram*)
                0x10000000                        . = ALIGN (0x4)
                0x10000000                        _eccmram = .
                0x10000000                        . = ALIGN (0x4)

.bss            0x200000f4     0x52dc
                0x200000f4                        _sbss = .
                0x200000f4                        __bss_start__ = _sbss
 *(.bss)
 .bss           0x200000f4       0x1c C:/ST/STM32CubeIDE_2.1.1/STM32CubeIDE/plugins/com.st.stm32cube.ide.mcu.externaltools.gnu-tools-for-stm32.14.3.rel1.win32_1.0.100.202602081740/tools/bin/../lib/gcc/arm-none-eabi/14.3.1/thumb/v7e-m+fp/hard/crtbegin.o
 *(.bss*)
 .bss.hi2c3     0x20000110       0x54 ./Core/Src/main.o
                0x20000110                hi2c3
 .bss.hltdc     0x20000164       0xa8 ./Core/Src/main.o
                0x20000164                hltdc
 .bss.hspi5     0x2000020c       0x58 ./Core/Src/main.o
                0x2000020c                hspi5
 .bss.hsdram1   0x20000264       0x34 ./Core/Src/main.o
                0x20000264                hsdram1
 .bss.htim6     0x20000298       0x48 ./Core/Src/main.o
                0x20000298                htim6
 .bss.gameStatus
                0x200002e0        0x4 ./Core/Src/main.o
                0x200002e0                gameStatus
 .bss.score     0x200002e4        0x4 ./Core/Src/main.o
                0x200002e4                score
 .bss.highScore
                0x200002e8        0x4 ./Core/Src/main.o
                0x200002e8                highScore
 .bss.snakeX    0x200002ec      0x900 ./Core/Src/main.o
                0x200002ec                snakeX
 .bss.snakeY    0x20000bec      0x900 ./Core/Src/main.o
                0x20000bec                snakeY
 .bss.foodX     0x200014ec        0x4 ./Core/Src/main.o
                0x200014ec                foodX
 .bss.foodY     0x200014f0        0x4 ./Core/Src/main.o
                0x200014f0                foodY
 .bss.tailX     0x200014f4        0x4 ./Core/Src/main.o
                0x200014f4                tailX
 .bss.tailY     0x200014f8        0x4 ./Core/Src/main.o
                0x200014f8                tailY
 .bss.gameTaskHandle
                0x200014fc        0x4 ./Core/Src/main.o
                0x200014fc                gameTaskHandle
 .bss.displayTaskHandle
                0x20001500        0x4 ./Core/Src/main.o
                0x20001500                displayTaskHandle
 .bss.inputTaskHandle
                0x20001504        0x4 ./Core/Src/main.o
                0x20001504                inputTaskHandle
 .bss.gameMutexHandle
                0x20001508        0x4 ./Core/Src/main.o
                0x20001508                gameMutexHandle
 .bss.TS_State  0x2000150c        0x8 ./Core/Src/main.o
                0x2000150c                TS_State
 .bss.LcdDrv    0x20001514        0x4 ./Core/Src/main.o
                0x20001514                LcdDrv
 .bss.TsDrv     0x20001518        0x4 ./Core/Src/main.o
                0x20001518                TsDrv
 .bss.TsXBoundary
                0x2000151c        0x2 ./Core/Src/main.o
 .bss.TsYBoundary
                0x2000151e        0x2 ./Core/Src/main.o
 .bss._x.1      0x20001520        0x4 ./Core/Src/main.o
 .bss._y.0      0x20001524        0x4 ./Core/Src/main.o
 .bss.FMC_Initialized
                0x20001528        0x4 ./Core/Src/stm32f4xx_hal_msp.o
 .bss.__sbrk_heap_end
                0x2000152c        0x4 ./Core/Src/sysmem.o
 .bss.stmpe811  0x20001530        0x2 ./Drivers/BSP/Components/stmpe811/stmpe811.o
                0x20001530                stmpe811
 *fill*         0x20001532        0x2 
 .bss.uwTick    0x20001534        0x4 ./Drivers/STM32F4xx_HAL_Driver/Src/stm32f4xx_hal.o
                0x20001534                uwTick
 .bss.pxCurrentTCB
                0x20001538        0x4 ./Middlewares/Third_Party/FreeRTOS/Source/tasks.o
                0x20001538                pxCurrentTCB
 .bss.pxReadyTasksLists
                0x2000153c       0x8c ./Middlewares/Third_Party/FreeRTOS/Source/tasks.o
 .bss.xDelayedTaskList1
                0x200015c8       0x14 ./Middlewares/Third_Party/FreeRTOS/Source/tasks.o
 .bss.xDelayedTaskList2
                0x200015dc       0x14 ./Middlewares/Third_Party/FreeRTOS/Source/tasks.o
 .bss.pxDelayedTaskList
                0x200015f0        0x4 ./Middlewares/Third_Party/FreeRTOS/Source/tasks.o
 .bss.pxOverflowDelayedTaskList
                0x200015f4        0x4 ./Middlewares/Third_Party/FreeRTOS/Source/tasks.o
 .bss.xPendingReadyList
                0x200015f8       0x14 ./Middlewares/Third_Party/FreeRTOS/Source/tasks.o
 .bss.xTasksWaitingTermination
                0x2000160c       0x14 ./Middlewares/Third_Party/FreeRTOS/Source/tasks.o
 .bss.uxDeletedTasksWaitingCleanUp
                0x20001620        0x4 ./Middlewares/Third_Party/FreeRTOS/Source/tasks.o
 .bss.xSuspendedTaskList
                0x20001624       0x14 ./Middlewares/Third_Party/FreeRTOS/Source/tasks.o
 .bss.uxCurrentNumberOfTasks
                0x20001638        0x4 ./Middlewares/Third_Party/FreeRTOS/Source/tasks.o
 .bss.xTickCount
                0x2000163c        0x4 ./Middlewares/Third_Party/FreeRTOS/Source/tasks.o
 .bss.uxTopReadyPriority
                0x20001640        0x4 ./Middlewares/Third_Party/FreeRTOS/Source/tasks.o
 .bss.xSchedulerRunning
                0x20001644        0x4 ./Middlewares/Third_Party/FreeRTOS/Source/tasks.o
 .bss.xPendedTicks
                0x20001648        0x4 ./Middlewares/Third_Party/FreeRTOS/Source/tasks.o
 .bss.xYieldPending
                0x2000164c        0x4 ./Middlewares/Third_Party/FreeRTOS/Source/tasks.o
 .bss.xNumOfOverflows
                0x20001650        0x4 ./Middlewares/Third_Party/FreeRTOS/Source/tasks.o
 .bss.uxTaskNumber
                0x20001654        0x4 ./Middlewares/Third_Party/FreeRTOS/Source/tasks.o
 .bss.xNextTaskUnblockTime
                0x20001658        0x4 ./Middlewares/Third_Party/FreeRTOS/Source/tasks.o
 .bss.xIdleTaskHandle
                0x2000165c        0x4 ./Middlewares/Third_Party/FreeRTOS/Source/tasks.o
 .bss.uxSchedulerSuspended
                0x20001660        0x4 ./Middlewares/Third_Party/FreeRTOS/Source/tasks.o
 .bss.ucHeap    0x20001664     0x3c00 ./Middlewares/Third_Party/FreeRTOS/Source/portable/MemMang/heap_4.o
 .bss.xStart    0x20005264        0x8 ./Middlewares/Third_Party/FreeRTOS/Source/portable/MemMang/heap_4.o
 .bss.pxEnd     0x2000526c        0x4 ./Middlewares/Third_Party/FreeRTOS/Source/portable/MemMang/heap_4.o
 .bss.xFreeBytesRemaining
                0x20005270        0x4 ./Middlewares/Third_Party/FreeRTOS/Source/portable/MemMang/heap_4.o
 .bss.xMinimumEverFreeBytesRemaining
                0x20005274        0x4 ./Middlewares/Third_Party/FreeRTOS/Source/portable/MemMang/heap_4.o
 .bss.xNumberOfSuccessfulAllocations
                0x20005278        0x4 ./Middlewares/Third_Party/FreeRTOS/Source/portable/MemMang/heap_4.o
 .bss.xNumberOfSuccessfulFrees
                0x2000527c        0x4 ./Middlewares/Third_Party/FreeRTOS/Source/portable/MemMang/heap_4.o
 .bss.xBlockAllocatedBit
                0x20005280        0x4 ./Middlewares/Third_Party/FreeRTOS/Source/portable/MemMang/heap_4.o
 .bss.__sf      0x20005284      0x138 C:/ST/STM32CubeIDE_2.1.1/STM32CubeIDE/plugins/com.st.stm32cube.ide.mcu.externaltools.gnu-tools-for-stm32.14.3.rel1.win32_1.0.100.202602081740/tools/bin/../lib/gcc/arm-none-eabi/14.3.1/../../../../arm-none-eabi/lib/thumb/v7e-m+fp/hard\libc_nano.a(libc_a-findfp.o)
                0x20005284                __sf
 .bss.__stdio_exit_handler
                0x200053bc        0x4 C:/ST/STM32CubeIDE_2.1.1/STM32CubeIDE/plugins/com.st.stm32cube.ide.mcu.externaltools.gnu-tools-for-stm32.14.3.rel1.win32_1.0.100.202602081740/tools/bin/../lib/gcc/arm-none-eabi/14.3.1/../../../../arm-none-eabi/lib/thumb/v7e-m+fp/hard\libc_nano.a(libc_a-findfp.o)
                0x200053bc                __stdio_exit_handler
 .bss.errno     0x200053c0        0x4 C:/ST/STM32CubeIDE_2.1.1/STM32CubeIDE/plugins/com.st.stm32cube.ide.mcu.externaltools.gnu-tools-for-stm32.14.3.rel1.win32_1.0.100.202602081740/tools/bin/../lib/gcc/arm-none-eabi/14.3.1/../../../../arm-none-eabi/lib/thumb/v7e-m+fp/hard\libc_nano.a(libc_a-reent.o)
                0x200053c0                errno
 .bss.__lock___malloc_recursive_mutex
                0x200053c4        0x1 C:/ST/STM32CubeIDE_2.1.1/STM32CubeIDE/plugins/com.st.stm32cube.ide.mcu.externaltools.gnu-tools-for-stm32.14.3.rel1.win32_1.0.100.202602081740/tools/bin/../lib/gcc/arm-none-eabi/14.3.1/../../../../arm-none-eabi/lib/thumb/v7e-m+fp/hard\libc_nano.a(libc_a-lock.o)
                0x200053c4                __lock___malloc_recursive_mutex
 .bss.__lock___sfp_recursive_mutex
                0x200053c5        0x1 C:/ST/STM32CubeIDE_2.1.1/STM32CubeIDE/plugins/com.st.stm32cube.ide.mcu.externaltools.gnu-tools-for-stm32.14.3.rel1.win32_1.0.100.202602081740/tools/bin/../lib/gcc/arm-none-eabi/14.3.1/../../../../arm-none-eabi/lib/thumb/v7e-m+fp/hard\libc_nano.a(libc_a-lock.o)
                0x200053c5                __lock___sfp_recursive_mutex
 *fill*         0x200053c6        0x2 
 .bss.__malloc_sbrk_start
                0x200053c8        0x4 C:/ST/STM32CubeIDE_2.1.1/STM32CubeIDE/plugins/com.st.stm32cube.ide.mcu.externaltools.gnu-tools-for-stm32.14.3.rel1.win32_1.0.100.202602081740/tools/bin/../lib/gcc/arm-none-eabi/14.3.1/../../../../arm-none-eabi/lib/thumb/v7e-m+fp/hard\libc_nano.a(libc_a-mallocr.o)
                0x200053c8                __malloc_sbrk_start
 .bss.__malloc_free_list
                0x200053cc        0x4 C:/ST/STM32CubeIDE_2.1.1/STM32CubeIDE/plugins/com.st.stm32cube.ide.mcu.externaltools.gnu-tools-for-stm32.14.3.rel1.win32_1.0.100.202602081740/tools/bin/../lib/gcc/arm-none-eabi/14.3.1/../../../../arm-none-eabi/lib/thumb/v7e-m+fp/hard\libc_nano.a(libc_a-mallocr.o)
                0x200053cc                __malloc_free_list
 *(COMMON)
                0x200053d0                        . = ALIGN (0x4)
                0x200053d0                        _ebss = .
                0x200053d0                        __bss_end__ = _ebss

._user_heap_stack
                0x200053d0      0x600
                0x200053d0                        . = ALIGN (0x8)
                [!provide]                        PROVIDE (end = .)
                0x200053d0                        PROVIDE (_end = .)
                0x200055d0                        . = (. + _Min_Heap_Size)
 *fill*         0x200053d0      0x200 
                0x200059d0                        . = (. + _Min_Stack_Size)
 *fill*         0x200055d0      0x400 
                0x200059d0                        . = ALIGN (0x8)

/DISCARD/
 libc.a(*)
 libm.a(*)
 libgcc.a(*)

.ARM.attributes
                0x00000000       0x30
 *(.ARM.attributes)
 .ARM.attributes
                0x00000000       0x22 C:/ST/STM32CubeIDE_2.1.1/STM32CubeIDE/plugins/com.st.stm32cube.ide.mcu.externaltools.gnu-tools-for-stm32.14.3.rel1.win32_1.0.100.202602081740/tools/bin/../lib/gcc/arm-none-eabi/14.3.1/thumb/v7e-m+fp/hard/crti.o
 .ARM.attributes
                0x00000022       0x34 C:/ST/STM32CubeIDE_2.1.1/STM32CubeIDE/plugins/com.st.stm32cube.ide.mcu.externaltools.gnu-tools-for-stm32.14.3.rel1.win32_1.0.100.202602081740/tools/bin/../lib/gcc/arm-none-eabi/14.3.1/thumb/v7e-m+fp/hard/crtbegin.o
 .ARM.attributes
                0x00000056       0x34 ./Core/Src/main.o
 .ARM.attributes
                0x0000008a       0x34 ./Core/Src/stm32f4xx_hal_msp.o
 .ARM.attributes
                0x000000be       0x34 ./Core/Src/stm32f4xx_it.o
 .ARM.attributes
                0x000000f2       0x34 ./Core/Src/syscalls.o
 .ARM.attributes
                0x00000126       0x34 ./Core/Src/sysmem.o
 .ARM.attributes
                0x0000015a       0x34 ./Core/Src/system_stm32f4xx.o
 .ARM.attributes
                0x0000018e       0x21 ./Core/Startup/startup_stm32f429zitx.o
 .ARM.attributes
                0x000001af       0x34 ./Drivers/BSP/Components/ili9341/ili9341.o
 .ARM.attributes
                0x000001e3       0x34 ./Drivers/BSP/Components/stmpe811/stmpe811.o
 .ARM.attributes
                0x00000217       0x34 ./Drivers/STM32F4xx_HAL_Driver/Src/stm32f4xx_hal.o
 .ARM.attributes
                0x0000024b       0x34 ./Drivers/STM32F4xx_HAL_Driver/Src/stm32f4xx_hal_cortex.o
 .ARM.attributes
                0x0000027f       0x34 ./Drivers/STM32F4xx_HAL_Driver/Src/stm32f4xx_hal_gpio.o
 .ARM.attributes
                0x000002b3       0x34 ./Drivers/STM32F4xx_HAL_Driver/Src/stm32f4xx_hal_i2c.o
 .ARM.attributes