Archive member included to satisfy reference by file (symbol)

C:/ST/STM32CubeIDE_2.1.1/STM32CubeIDE/plugins/com.st.stm32cube.ide.mcu.externaltools.gnu-tools-for-stm32.14.3.rel1.win32_1.0.100.202602081740/tools/bin/../lib/gcc/arm-none-eabi/14.3.1/../../../../arm-none-eabi/lib/thumb/v7e-m+fp/hard\libc_nano.a(libc_a-exit.o)
                              C:/ST/STM32CubeIDE_2.1.1/STM32CubeIDE/plugins/com.st.stm32cube.ide.mcu.externaltools.gnu-tools-for-stm32.14.3.rel1.win32_1.0.100.202602081740/tools/bin/../lib/gcc/arm-none-eabi/14.3.1/../../../../arm-none-eabi/lib/thumb/v7e-m+fp/hard/crt0.o (exit)
C:/ST/STM32CubeIDE_2.1.1/STM32CubeIDE/plugins/com.st.stm32cube.ide.mcu.externaltools.gnu-tools-for-stm32.14.3.rel1.win32_1.0.100.202602081740/tools/bin/../lib/gcc/arm-none-eabi/14.3.1/../../../../arm-none-eabi/lib/thumb/v7e-m+fp/hard\libc_nano.a(libc_a-rand.o)
                              ./Core/Src/main.o (srand)
C:/ST/STM32CubeIDE_2.1.1/STM32CubeIDE/plugins/com.st.stm32cube.ide.mcu.externaltools.gnu-tools-for-stm32.14.3.rel1.win32_1.0.100.202602081740/tools/bin/../lib/gcc/arm-none-eabi/14.3.1/../../../../arm-none-eabi/lib/thumb/v7e-m+fp/hard\libc_nano.a(libc_a-findfp.o)
                              C:/ST/STM32CubeIDE_2.1.1/STM32CubeIDE/plugins/com.st.stm32cube.ide.mcu.externaltools.gnu-tools-for-stm32.14.3.rel1.win32_1.0.100.202602081740/tools/bin/../lib/gcc/arm-none-eabi/14.3.1/../../../../arm-none-eabi/lib/thumb/v7e-m+fp/hard\libc_nano.a(libc_a-exit.o) (__stdio_exit_handler)
C:/ST/STM32CubeIDE_2.1.1/STM32CubeIDE/plugins/com.st.stm32cube.ide.mcu.externaltools.gnu-tools-for-stm32.14.3.rel1.win32_1.0.100.202602081740/tools/bin/../lib/gcc/arm-none-eabi/14.3.1/../../../../arm-none-eabi/lib/thumb/v7e-m+fp/hard\libc_nano.a(libc_a-fwalk.o)
                              C:/ST/STM32CubeIDE_2.1.1/STM32CubeIDE/plugins/com.st.stm32cube.ide.mcu.externaltools.gnu-tools-for-stm32.14.3.rel1.win32_1.0.100.202602081740/tools/bin/../lib/gcc/arm-none-eabi/14.3.1/../../../../arm-none-eabi/lib/thumb/v7e-m+fp/hard\libc_nano.a(libc_a-findfp.o) (_fwalk_sglue)
C:/ST/STM32CubeIDE_2.1.1/STM32CubeIDE/plugins/com.st.stm32cube.ide.mcu.externaltools.gnu-tools-for-stm32.14.3.rel1.win32_1.0.100.202602081740/tools/bin/../lib/gcc/arm-none-eabi/14.3.1/../../../../arm-none-eabi/lib/thumb/v7e-m+fp/hard\libc_nano.a(libc_a-sprintf.o)
                              ./Core/Src/main.o (sprintf)
C:/ST/STM32CubeIDE_2.1.1/STM32CubeIDE/plugins/com.st.stm32cube.ide.mcu.externaltools.gnu-tools-for-stm32.14.3.rel1.win32_1.0.100.202602081740/tools/bin/../lib/gcc/arm-none-eabi/14.3.1/../../../../arm-none-eabi/lib/thumb/v7e-m+fp/hard\libc_nano.a(libc_a-stdio.o)
                              C:/ST/STM32CubeIDE_2.1.1/STM32CubeIDE/plugins/com.st.stm32cube.ide.mcu.externaltools.gnu-tools-for-stm32.14.3.rel1.win32_1.0.100.202602081740/tools/bin/../lib/gcc/arm-none-eabi/14.3.1/../../../../arm-none-eabi/lib/thumb/v7e-m+fp/hard\libc_nano.a(libc_a-findfp.o) (__sread)
C:/ST/STM32CubeIDE_2.1.1/STM32CubeIDE/plugins/com.st.stm32cube.ide.mcu.externaltools.gnu-tools-for-stm32.14.3.rel1.win32_1.0.100.202602081740/tools/bin/../lib/gcc/arm-none-eabi/14.3.1/../../../../arm-none-eabi/lib/thumb/v7e-m+fp/hard\libc_nano.a(libc_a-memset.o)
                              C:/ST/STM32CubeIDE_2.1.1/STM32CubeIDE/plugins/com.st.stm32cube.ide.mcu.externaltools.gnu-tools-for-stm32.14.3.rel1.win32_1.0.100.202602081740/tools/bin/../lib/gcc/arm-none-eabi/14.3.1/../../../../arm-none-eabi/lib/thumb/v7e-m+fp/hard/crt0.o (memset)
C:/ST/STM32CubeIDE_2.1.1/STM32CubeIDE/plugins/com.st.stm32cube.ide.mcu.externaltools.gnu-tools-for-stm32.14.3.rel1.win32_1.0.100.202602081740/tools/bin/../lib/gcc/arm-none-eabi/14.3.1/../../../../arm-none-eabi/lib/thumb/v7e-m+fp/hard\libc_nano.a(libc_a-closer.o)
                              C:/ST/STM32CubeIDE_2.1.1/STM32CubeIDE/plugins/com.st.stm32cube.ide.mcu.externaltools.gnu-tools-for-stm32.14.3.rel1.win32_1.0.100.202602081740/tools/bin/../lib/gcc/arm-none-eabi/14.3.1/../../../../arm-none-eabi/lib/thumb/v7e-m+fp/hard\libc_nano.a(libc_a-stdio.o) (_close_r)
C:/ST/STM32CubeIDE_2.1.1/STM32CubeIDE/plugins/com.st.stm32cube.ide.mcu.externaltools.gnu-tools-for-stm32.14.3.rel1.win32_1.0.100.202602081740/tools/bin/../lib/gcc/arm-none-eabi/14.3.1/../../../../arm-none-eabi/lib/thumb/v7e-m+fp/hard\libc_nano.a(libc_a-reent.o)
                              C:/ST/STM32CubeIDE_2.1.1/STM32CubeIDE/plugins/com.st.stm32cube.ide.mcu.externaltools.gnu-tools-for-stm32.14.3.rel1.win32_1.0.100.202602081740/tools/bin/../lib/gcc/arm-none-eabi/14.3.1/../../../../arm-none-eabi/lib/thumb/v7e-m+fp/hard\libc_nano.a(libc_a-closer.o) (errno)
C:/ST/STM32CubeIDE_2.1.1/STM32CubeIDE/plugins/com.st.stm32cube.ide.mcu.externaltools.gnu-tools-for-stm32.14.3.rel1.win32_1.0.100.202602081740/tools/bin/../lib/gcc/arm-none-eabi/14.3.1/../../../../arm-none-eabi/lib/thumb/v7e-m+fp/hard\libc_nano.a(libc_a-impure.o)
[...]
Memory Configuration

Name             Origin             Length             Attributes
CCMRAM           0x10000000         0x00010000         xrw
RAM              0x20000000         0x00030000         xrw
FLASH            0x08000000         0x00100000         xr
*default*        0x00000000         0xffffffff

Linker script and memory map

LOAD C:/ST/STM32CubeIDE_2.1.1/STM32CubeIDE/plugins/com.st.stm32cube.ide.mcu.externaltools.gnu-tools-for-stm32.14.3.rel1.win32_1.0.100.202602081740/tools/bin/../lib/gcc/arm-none-eabi/14.3.1/thumb/v7e-m+fp/hard/crti.o
LOAD C:/ST/STM32CubeIDE_2.1.1/STM32CubeIDE/plugins/com.st.stm32cube.ide.mcu.externaltools.gnu-tools-for-stm32.14.3.rel1.win32_1.0.100.202602081740/tools/bin/../lib/gcc/arm-none-eabi/14.3.1/thumb/v7e-m+fp/hard/crtbegin.o
LOAD C:/ST/STM32CubeIDE_2.1.1/STM32CubeIDE/plugins/com.st.stm32cube.ide.mcu.externaltools.gnu-tools-for-stm32.14.3.rel1.win32_1.0.100.202602081740/tools/bin/../lib/gcc/arm-none-eabi/14.3.1/../../../../arm-none-eabi/lib/thumb/v7e-m+fp/hard/crt0.o
LOAD ./Core/Src/main.o
LOAD ./Core/Src/stm32f4xx_hal_msp.o
LOAD ./Core/Src/stm32f4xx_it.o
LOAD ./Core/Src/syscalls.o
LOAD ./Core/Src/sysmem.o
LOAD ./Core/Src/system_stm32f4xx.o
LOAD ./Core/Startup/startup_stm32f429zitx.o
LOAD ./Drivers/BSP/Components/ili9341/ili9341.o
LOAD ./Drivers/BSP/Components/stmpe811/stmpe811.o
LOAD ./Drivers/BSP/STM32F429I-Discovery/stm32f429i_discovery_io.o
LOAD ./Drivers/STM32F4xx_HAL_Driver/Src/stm32f4xx_hal.o
LOAD ./Drivers/STM32F4xx_HAL_Driver/Src/stm32f4xx_hal_adc.o
LOAD ./Drivers/STM32F4xx_HAL_Driver/Src/stm32f4xx_hal_adc_ex.o
LOAD ./Drivers/STM32F4xx_HAL_Driver/Src/stm32f4xx_hal_cortex.o
LOAD ./Drivers/STM32F4xx_HAL_Driver/Src/stm32f4xx_hal_dma.o
LOAD ./Drivers/STM32F4xx_HAL_Driver/Src/stm32f4xx_hal_dma2d.o
LOAD ./Drivers/STM32F4xx_HAL_Driver/Src/stm32f4xx_hal_dma_ex.o
LOAD ./Drivers/STM32F4xx_HAL_Driver/Src/stm32f4xx_hal_exti.o
LOAD ./Drivers/STM32F4xx_HAL_Driver/Src/stm32f4xx_hal_flash.o
LOAD ./Drivers/STM32F4xx_HAL_Driver/Src/stm32f4xx_hal_flash_ex.o
LOAD ./Drivers/STM32F4xx_HAL_Driver/Src/stm32f4xx_hal_flash_ramfunc.o
LOAD ./Drivers/STM32F4xx_HAL_Driver/Src/stm32f4xx_hal_gpio.o
LOAD ./Drivers/STM32F4xx_HAL_Driver/Src/stm32f4xx_hal_i2c.o
LOAD ./Drivers/STM32F4xx_HAL_Driver/Src/stm32f4xx_hal_i2c_ex.o
LOAD ./Drivers/STM32F4xx_HAL_Driver/Src/stm32f4xx_hal_ltdc.o
LOAD ./Drivers/STM32F4xx_HAL_Driver/Src/stm32f4xx_hal_ltdc_ex.o
LOAD ./Drivers/STM32F4xx_HAL_Driver/Src/stm32f4xx_hal_pwr.o
LOAD ./Drivers/STM32F4xx_HAL_Driver/Src/stm32f4xx_hal_pwr_ex.o
LOAD ./Drivers/STM32F4xx_HAL_Driver/Src/stm32f4xx_hal_rcc.o
LOAD ./Drivers/STM32F4xx_HAL_Driver/Src/stm32f4xx_hal_rcc_ex.o
LOAD ./Drivers/STM32F4xx_HAL_Driver/Src/stm32f4xx_hal_sdram.o
LOAD ./Drivers/STM32F4xx_HAL_Driver/Src/stm32f4xx_hal_spi.o
LOAD ./Drivers/STM32F4xx_HAL_Driver/Src/stm32f4xx_hal_tim.o
LOAD ./Drivers/STM32F4xx_HAL_Driver/Src/stm32f4xx_hal_tim_ex.o
LOAD ./Drivers/STM32F4xx_HAL_Driver/Src/stm32f4xx_hal_uart.o
LOAD ./Drivers/STM32F4xx_HAL_Driver/Src/stm32f4xx_ll_adc.o
LOAD ./Drivers/STM32F4xx_HAL_Driver/Src/stm32f4xx_ll_fmc.o
LOAD ./Middlewares/Third_Party/FreeRTOS/Source/CMSIS_RTOS/cmsis_os.o
LOAD ./Middlewares/Third_Party/FreeRTOS/Source/croutine.o
LOAD ./Middlewares/Third_Party/FreeRTOS/Source/event_groups.o
LOAD ./Middlewares/Third_Party/FreeRTOS/Source/list.o
LOAD ./Middlewares/Third_Party/FreeRTOS/Source/queue.o
LOAD ./Middlewares/Third_Party/FreeRTOS/Source/stream_buffer.o
LOAD ./Middlewares/Third_Party/FreeRTOS/Source/tasks.o
LOAD ./Middlewares/Third_Party/FreeRTOS/Source/timers.o
LOAD ./Middlewares/Third_Party/FreeRTOS/Source/portable/Common/mpu_wrappers.o
LOAD ./Middlewares/Third_Party/FreeRTOS/Source/portable/GCC/ARM_CM4F/port.o
LOAD ./Middlewares/Third_Party/FreeRTOS/Source/portable/MemMang/heap_4.o
START GROUP
LOAD C:/ST/STM32CubeIDE_2.1.1/STM32CubeIDE/plugins/com.st.stm32cube.ide.mcu.externaltools.gnu-tools-for-stm32.14.3.rel1.win32_1.0.100.202602081740/tools/bin/../lib/gcc/arm-none-eabi/14.3.1/../../../../arm-none-eabi/lib/thumb/v7e-m+fp/hard\libc_nano.a
LOAD C:/ST/STM32CubeIDE_2.1.1/STM32CubeIDE/plugins/com.st.stm32cube.ide.mcu.externaltools.gnu-tools-for-stm32.14.3.rel1.win32_1.0.100.202602081740/tools/bin/../lib/gcc/arm-none-eabi/14.3.1/../../../../arm-none-eabi/lib/thumb/v7e-m+fp/hard\libm.a
END GROUP
START GROUP
LOAD C:/ST/STM32CubeIDE_2.1.1/STM32CubeIDE/plugins/com.st.stm32cube.ide.mcu.externaltools.gnu-tools-for-stm32.14.3.rel1.win32_1.0.100.202602081740/tools/bin/../lib/gcc/arm-none-eabi/14.3.1/thumb/v7e-m+fp/hard\libgcc.a
LOAD C:/ST/STM32CubeIDE_2.1.1/STM32CubeIDE/plugins/com.st.stm32cube.ide.mcu.externaltools.gnu-tools-for-stm32.14.3.rel1.win32_1.0.100.202602081740/tools/bin/../lib/gcc/arm-none-eabi/14.3.1/../../../../arm-none-eabi/lib/thumb/v7e-m+fp/hard\libc_nano.a
END GROUP
START GROUP
LOAD C:/ST/STM32CubeIDE_2.1.1/STM32CubeIDE/plugins/com.st.stm32cube.ide.mcu.externaltools.gnu-tools-for-stm32.14.3.rel1.win32_1.0.100.202602081740/tools/bin/../lib/gcc/arm-none-eabi/14.3.1/thumb/v7e-m+fp/hard\libgcc.a
LOAD C:/ST/STM32CubeIDE_2.1.1/STM32CubeIDE/plugins/com.st.stm32cube.ide.mcu.externaltools.gnu-tools-for-stm32.14.3.rel1.win32_1.0.100.202602081740/tools/bin/../lib/gcc/arm-none-eabi/14.3.1/../../../../arm-none-eabi/lib/thumb/v7e-m+fp/hard\libc_nano.a
LOAD C:/ST/STM32CubeIDE_2.1.1/STM32CubeIDE/plugins/com.st.stm32cube.ide.mcu.externaltools.gnu-tools-for-stm32.14.3.rel1.win32_1.0.100.202602081740/tools/bin/../lib/gcc/arm-none-eabi/14.3.1/../../../../arm-none-eabi/lib/thumb/v7e-m+fp/hard\libnosys.a
END GROUP
START GROUP
LOAD C:/ST/STM32CubeIDE_2.1.1/STM32CubeIDE/plugins/com.st.stm32cube.ide.mcu.externaltools.gnu-tools-for-stm32.14.3.rel1.win32_1.0.100.202602081740/tools/bin/../lib/gcc/arm-none-eabi/14.3.1/thumb/v7e-m+fp/hard\libgcc.a
LOAD C:/ST/STM32CubeIDE_2.1.1/STM32CubeIDE/plugins/com.st.stm32cube.ide.mcu.externaltools.gnu-tools-for-stm32.14.3.rel1.win32_1.0.100.202602081740/tools/bin/../lib/gcc/arm-none-eabi/14.3.1/../../../../arm-none-eabi/lib/thumb/v7e-m+fp/hard\libc_nano.a
LOAD C:/ST/STM32CubeIDE_2.1.1/STM32CubeIDE/plugins/com.st.stm32cube.ide.mcu.externaltools.gnu-tools-for-stm32.14.3.rel1.win32_1.0.100.202602081740/tools/bin/../lib/gcc/arm-none-eabi/14.3.1/../../../../arm-none-eabi/lib/thumb/v7e-m+fp/hard\libnosys.a
END GROUP
LOAD C:/ST/STM32CubeIDE_2.1.1/STM32CubeIDE/plugins/com.st.stm32cube.ide.mcu.externaltools.gnu-tools-for-stm32.14.3.rel1.win32_1.0.100.202602081740/tools/bin/../lib/gcc/arm-none-eabi/14.3.1/thumb/v7e-m+fp/hard/crtend.o
LOAD C:/ST/STM32CubeIDE_2.1.1/STM32CubeIDE/plugins/com.st.stm32cube.ide.mcu.externaltools.gnu-tools-for-stm32.14.3.rel1.win32_1.0.100.202602081740/tools/bin/../lib/gcc/arm-none-eabi/14.3.1/thumb/v7e-m+fp/hard/crtn.o
                0x20030000                        _estack = (ORIGIN (RAM) + LENGTH (RAM))
                0x00000200                        _Min_Heap_Size = 0x200
                0x00000400                        _Min_Stack_Size = 0x400

.isr_vector     0x08000000      0x1ac
                0x08000000                        . = ALIGN (0x4)
 *(.isr_vector)
 .isr_vector    0x08000000      0x1ac ./Core/Startup/startup_stm32f429zitx.o
                0x08000000                g_pfnVectors
                0x080001ac                        . = ALIGN (0x4)

.text           0x080001b0     0xc7ec
                0x080001b0                        . = ALIGN (0x4)
 *(.text)
 .text          0x080001b0       0x40 C:/ST/STM32CubeIDE_2.1.1/STM32CubeIDE/plugins/com.st.stm32cube.ide.mcu.externaltools.gnu-tools-for-stm32.14.3.rel1.win32_1.0.100.202602081740/tools/bin/../lib/gcc/arm-none-eabi/14.3.1/thumb/v7e-m+fp/hard/crtbegin.o
 .text          0x080001f0       0xa0 C:/ST/STM32CubeIDE_2.1.1/STM32CubeIDE/plugins/com.st.stm32cube.ide.mcu.externaltools.gnu-tools-for-stm32.14.3.rel1.win32_1.0.100.202602081740/tools/bin/../lib/gcc/arm-none-eabi/14.3.1/../../../../arm-none-eabi/lib/thumb/v7e-m+fp/hard\libc_nano.a(libc_a-memchr.o)
                0x080001f0                memchr
 .text          0x08000290       0x30 C:/ST/STM32CubeIDE_2.1.1/STM32CubeIDE/plugins/com.st.stm32cube.ide.mcu.externaltools.gnu-tools-for-stm32.14.3.rel1.win32_1.0.100.202602081740/tools/bin/../lib/gcc/arm-none-eabi/14.3.1/thumb/v7e-m+fp/hard\libgcc.a(_aeabi_uldivmod.o)
                0x08000290                __aeabi_uldivmod
 .text          0x080002c0      0x2f8 C:/ST/STM32CubeIDE_2.1.1/STM32CubeIDE/plugins/com.st.stm32cube.ide.mcu.externaltools.gnu-tools-for-stm32.14.3.rel1.win32_1.0.100.202602081740/tools/bin/../lib/gcc/arm-none-eabi/14.3.1/thumb/v7e-m+fp/hard\libgcc.a(_udivmoddi4.o)
                0x080002c0                __udivmoddi4
 .text          0x080005b8        0x4 C:/ST/STM32CubeIDE_2.1.1/STM32CubeIDE/plugins/com.st.stm32cube.ide.mcu.externaltools.gnu-tools-for-stm32.14.3.rel1.win32_1.0.100.202602081740/tools/bin/../lib/gcc/arm-none-eabi/14.3.1/thumb/v7e-m+fp/hard\libgcc.a(_dvmd_tls.o)
                0x080005b8                __aeabi_idiv0
                0x080005b8                __aeabi_ldiv0
 *(.text*)
 .text.LCD_DrawPixel
                0x080005bc       0x48 ./Core/Src/main.o
 .text.LCD_FillRect
                0x08000604       0x70 ./Core/Src/main.o
 .text.LCD_Clear
                0x08000674       0x3e ./Core/Src/main.o
 .text.LCD_DrawChar
                0x080006b2      0x122 ./Core/Src/main.o
                0x080006b2                LCD_DrawChar
 .text.LCD_DrawString
                0x080007d4       0x4c ./Core/Src/main.o
                0x080007d4                LCD_DrawString
 .text.isObstacle
                0x08000820       0xfc ./Core/Src/main.o
                0x08000820                isObstacle
 .text.drawMap  0x0800091c      0x150 ./Core/Src/main.o
                0x0800091c                drawMap
 .text.drawControlPanel
                0x08000a6c      0x25c ./Core/Src/main.o
                0x08000a6c                drawControlPanel
 .text.drawMenuScreen
                0x08000cc8      0x224 ./Core/Src/main.o
                0x08000cc8                drawMenuScreen
 .text.drawHelpScreen
                0x08000eec      0x1ac ./Core/Src/main.o
                0x08000eec                drawHelpScreen
 .text.drawPausedOverlay
                0x08001098       0xb4 ./Core/Src/main.o
                0x08001098                drawPausedOverlay
 .text.drawCountdown
                0x0800114c       0x78 ./Core/Src/main.o
                0x0800114c                drawCountdown
 .text.drawGameOverScreen
                0x080011c4      0x140 ./Core/Src/main.o
                0x080011c4                drawGameOverScreen
 .text.LCD_IO_Init
                0x08001304       0x20 ./Core/Src/main.o
                0x08001304                LCD_IO_Init
 .text.LCD_IO_WriteData
                0x08001324       0x44 ./Core/Src/main.o
                0x08001324                LCD_IO_WriteData
 .text.LCD_IO_WriteReg
                0x08001368       0x4c ./Core/Src/main.o
                0x08001368                LCD_IO_WriteReg
 .text.LCD_IO_ReadData
                0x080013b4       0x68 ./Core/Src/main.o
                0x080013b4                LCD_IO_ReadData
 .text.LCD_Delay
                0x0800141c       0x16 ./Core/Src/main.o
                0x0800141c                LCD_Delay
 .text.IOE_Init
                0x08001432        0xe ./Core/Src/main.o
                0x08001432                IOE_Init
 .text.IOE_ITConfig
                0x08001440        0xe ./Core/Src/main.o
                0x08001440                IOE_ITConfig
 .text.IOE_Delay
                0x0800144e       0x16 ./Core/Src/main.o
                0x0800144e                IOE_Delay
 .text.IOE_Write
                0x08001464       0x3c ./Core/Src/main.o
                0x08001464                IOE_Write
 .text.IOE_Read
                0x080014a0       0x44 ./Core/Src/main.o
                0x080014a0                IOE_Read
 .text.IOE_ReadMultiple
                0x080014e4       0x4c ./Core/Src/main.o
                0x080014e4                IOE_ReadMultiple
 .text.QueueClear
                0x08001530       0x4c ./Core/Src/main.o
 .text.spawnFoodAt
                0x0800157c      0x1e0 ./Core/Src/main.o
                0x0800157c                spawnFoodAt
 .text.moveSnake
                0x0800175c      0x18c ./Core/Src/main.o
                0x0800175c                moveSnake
 .text.resetGame
                0x080018e8       0xe8 ./Core/Src/main.o
                0x080018e8                resetGame
 .text.BeginCountdown
                0x080019d0       0x34 ./Core/Src/main.o
 .text.checkCollision
                0x08001a04       0xd8 ./Core/Src/main.o
                0x08001a04                checkCollision
 .text.main     0x08001adc      0x134 ./Core/Src/main.o
                0x08001adc                main
 .text.StartGameTask
                0x08001c10      0x44c ./Core/Src/main.o
                0x08001c10                StartGameTask
 .text.StartDisplayTask
                0x0800205c      0x4dc ./Core/Src/main.o
                0x0800205c                StartDisplayTask
 .text.StartInputTask
                0x08002538      0x730 ./Core/Src/main.o
                0x08002538                StartInputTask
 .text.Sound_Play
                0x08002c68       0x20 ./Core/Src/main.o
 .text.Buzzer_Pulse
                0x08002c88       0x3c ./Core/Src/main.o
 .text.StartSoundTask
                0x08002cc4      0x160 ./Core/Src/main.o
                0x08002cc4                StartSoundTask
 .text.SystemClock_Config
                0x08002e24       0xe4 ./Core/Src/main.o
                0x08002e24                SystemClock_Config
 .text.MX_I2C3_Init
                0x08002f08       0x3c ./Core/Src/main.o
 .text.MX_SPI5_Init
                0x08002f44       0x50 ./Core/Src/main.o
 .text.MX_LTDC_Init
                0x08002f94       0xf8 ./Core/Src/main.o
 .text.MX_ADC1_Init
                0x0800308c       0x9c ./Core/Src/main.o
 .text.MX_ADC2_Init
                0x08003128       0x9c ./Core/Src/main.o
 .text.MX_FMC_Init
                0x080031c4       0x98 ./Core/Src/main.o
 .text.BSP_SDRAM_Initialization_Sequence
                0x0800325c       0xb8 ./Core/Src/main.o
 .text.BSP_TS_Init
                0x08003314       0x74 ./Core/Src/main.o
                0x08003314                BSP_TS_Init
 .text.BSP_TS_GetState
                0x08003388      0x194 ./Core/Src/main.o
                0x08003388                BSP_TS_GetState
 .text.Persistence_Checksum
                0x0800351c       0x5c ./Core/Src/main.o
 .text.Persistence_RecordValid
                0x08003578       0x48 ./Core/Src/main.o
 .text.Persistence_Write
                0x080035c0      0x29c ./Core/Src/main.o
 .text.Flash_LoadHighScore
                0x0800385c       0xc0 ./Core/Src/main.o
 .text.Flash_SaveHighScore
                0x0800391c       0x20 ./Core/Src/main.o
 .text.Flash_SavePausedGame
                0x0800393c        0xe ./Core/Src/main.o
 *fill*         0x0800394a        0x2 
 .text.Flash_ClearSavedGame
                0x0800394c       0x1c ./Core/Src/main.o
 .text.Flash_RestoreSavedGame
                0x08003968      0x194 ./Core/Src/main.o
 .text.ADC_ReadChannel
                0x08003afc       0x3a ./Core/Src/main.o
 *fill*         0x08003b36        0x2 
 .text.JoystickCalibrateCenter
                0x08003b38       0x34 ./Core/Src/main.o
 .text.ReadJoystickDirection
                0x08003b6c       0x84 ./Core/Src/main.o
 .text.MX_GPIO_Init
                0x08003bf0      0x1a0 ./Core/Src/main.o
 .text.Error_Handler
                0x08003d90       0x34 ./Core/Src/main.o
                0x08003d90                Error_Handler
 .text.HAL_MspInit
                0x08003dc4       0x50 ./Core/Src/stm32f4xx_hal_msp.o
                0x08003dc4                HAL_MspInit
 .text.HAL_ADC_MspInit
                0x08003e14       0xec ./Core/Src/stm32f4xx_hal_msp.o
                0x08003e14                HAL_ADC_MspInit
 .text.HAL_I2C_MspInit
                0x08003f00       0xd4 ./Core/Src/stm32f4xx_hal_msp.o
                0x08003f00                HAL_I2C_MspInit
 .text.HAL_LTDC_MspInit
                0x08003fd4      0x20c ./Core/Src/stm32f4xx_hal_msp.o
                0x08003fd4                HAL_LTDC_MspInit
 .text.HAL_SPI_MspInit
                0x080041e0       0x90 ./Core/Src/stm32f4xx_hal_msp.o
                0x080041e0                HAL_SPI_MspInit
 .text.HAL_FMC_MspInit
                0x08004270       0xd4 ./Core/Src/stm32f4xx_hal_msp.o
 .text.HAL_SDRAM_MspInit
                0x08004344       0x14 ./Core/Src/stm32f4xx_hal_msp.o
                0x08004344                HAL_SDRAM_MspInit
 .text.NMI_Handler
                0x08004358        0x8 ./Core/Src/stm32f4xx_it.o
                0x08004358                NMI_Handler
 .text.HardFault_Handler
                0x08004360        0x8 ./Core/Src/stm32f4xx_it.o
                0x08004360                HardFault_Handler
 .text.MemManage_Handler
                0x08004368        0x8 ./Core/Src/stm32f4xx_it.o
                0x08004368                MemManage_Handler
 .text.BusFault_Handler
                0x08004370        0x8 ./Core/Src/stm32f4xx_it.o
                0x08004370                BusFault_Handler
 .text.UsageFault_Handler
                0x08004378        0x8 ./Core/Src/stm32f4xx_it.o
                0x08004378                UsageFault_Handler
 .text.DebugMon_Handler
                0x08004380        0xe ./Core/Src/stm32f4xx_it.o
                0x08004380                DebugMon_Handler
 .text.SysTick_Handler
                0x0800438e       0x1a ./Core/Src/stm32f4xx_it.o
                0x0800438e                SysTick_Handler
 .text.TIM6_DAC_IRQHandler
                0x080043a8       0x14 ./Core/Src/stm32f4xx_it.o
                0x080043a8                TIM6_DAC_IRQHandler
 .text._getpid  0x080043bc       0x10 ./Core/Src/syscalls.o
                0x080043bc                _getpid
 .text._kill    0x080043cc       0x20 ./Core/Src/syscalls.o
                0x080043cc                _kill
 .text._exit    0x080043ec       0x16 ./Core/Src/syscalls.o
                0x080043ec                _exit
 .text._read    0x08004402       0x3a ./Core/Src/syscalls.o
                0x08004402                _read
 .text._write   0x0800443c       0x38 ./Core/Src/syscalls.o
                0x0800443c                _write
 .text._close   0x08004474       0x18 ./Core/Src/syscalls.o
                0x08004474                _close
 .text._fstat   0x0800448c       0x20 ./Core/Src/syscalls.o
                0x0800448c                _fstat
 .text._isatty  0x080044ac       0x16 ./Core/Src/syscalls.o
                0x080044ac                _isatty
 .text._lseek   0x080044c2       0x1a ./Core/Src/syscalls.o
                0x080044c2                _lseek
 .text._sbrk    0x080044dc       0x6c ./Core/Src/sysmem.o
                0x080044dc                _sbrk
 .text.SystemInit
                0x08004548       0x24 ./Core/Src/system_stm32f4xx.o
                0x08004548                SystemInit
 .text.Reset_Handler
                0x0800456c       0x50 ./Core/Startup/startup_stm32f429zitx.o
                0x0800456c                Reset_Handler
 .text.Default_Handler
                0x080045bc        0x2 ./Core/Startup/startup_stm32f429zitx.o
                0x080045bc                RTC_Alarm_IRQHandler
                0x080045bc                HASH_RNG_IRQHandler
                0x080045bc                EXTI2_IRQHandler
                0x080045bc                TIM8_CC_IRQHandler
                0x080045bc                UART8_IRQHandler
                0x080045bc                SPI4_IRQHandler
                0x080045bc                TIM1_CC_IRQHandler
                0x080045bc                DMA2_Stream5_IRQHandler
                0x080045bc                DMA1_Stream5_IRQHandler
                0x080045bc                PVD_IRQHandler
                0x080045bc                SDIO_IRQHandler
                0x080045bc                TAMP_STAMP_IRQHandler
                0x080045bc                CAN2_RX1_IRQHandler
                0x080045bc                EXTI3_IRQHandler
                0x080045bc                TIM8_TRG_COM_TIM14_IRQHandler
                0x080045bc                TIM1_UP_TIM10_IRQHandler
                0x080045bc                TIM8_UP_TIM13_IRQHandler
                0x080045bc                I2C3_ER_IRQHandler
                0x080045bc                EXTI0_IRQHandler
                0x080045bc                I2C2_EV_IRQHandler
                0x080045bc                DMA1_Stream2_IRQHandler
                0x080045bc                CAN1_RX0_IRQHandler
                0x080045bc                FPU_IRQHandler
                0x080045bc                OTG_HS_WKUP_IRQHandler
                0x080045bc                LTDC_ER_IRQHandler
                0x080045bc                CAN2_SCE_IRQHandler
                0x080045bc                DMA2_Stream2_IRQHandler
                0x080045bc                SPI1_IRQHandler
                0x080045bc                TIM1_BRK_TIM9_IRQHandler
                0x080045bc                DCMI_IRQHandler
                0x080045bc                CAN2_RX0_IRQHandler
                0x080045bc                DMA2_Stream3_IRQHandler
                0x080045bc                USART6_IRQHandler
                0x080045bc                USART3_IRQHandler
                0x080045bc                CAN1_RX1_IRQHandler
                0x080045bc                UART5_IRQHandler
                0x080045bc                DMA2_Stream0_IRQHandler
                0x080045bc                TIM4_IRQHandler
                0x080045bc                I2C1_EV_IRQHandler
                0x080045bc                DMA1_Stream6_IRQHandler
                0x080045bc                DMA1_Stream1_IRQHandler
                0x080045bc                UART4_IRQHandler
                0x080045bc                TIM3_IRQHandler
                0x080045bc                RCC_IRQHandler
                0x080045bc                TIM8_BRK_TIM12_IRQHandler
                0x080045bc                Default_Handler
                0x080045bc                EXTI15_10_IRQHandler
                0x080045bc                ADC_IRQHandler
                0x080045bc                DMA1_Stream7_IRQHandler
                0x080045bc                SPI5_IRQHandler
                0x080045bc                TIM7_IRQHandler
                0x080045bc                CAN2_TX_IRQHandler
                0x080045bc                TIM5_IRQHandler
                0x080045bc                DMA2_Stream7_IRQHandler
                0x080045bc                I2C3_EV_IRQHandler
                0x080045bc                EXTI9_5_IRQHandler
                0x080045bc                RTC_WKUP_IRQHandler
                0x080045bc                LTDC_IRQHandler
                0x080045bc                ETH_WKUP_IRQHandler
                0x080045bc                SPI2_IRQHandler
                0x080045bc                OTG_HS_EP1_IN_IRQHandler
                0x080045bc                DMA1_Stream0_IRQHandler
                0x080045bc                CAN1_TX_IRQHandler
                0x080045bc                EXTI4_IRQHandler
                0x080045bc                ETH_IRQHandler
                0x080045bc                OTG_HS_EP1_OUT_IRQHandler
                0x080045bc                WWDG_IRQHandler
                0x080045bc                SPI6_IRQHandler
                0x080045bc                TIM2_IRQHandler
                0x080045bc                OTG_FS_WKUP_IRQHandler
                0x080045bc                TIM1_TRG_COM_TIM11_IRQHandler
                0x080045bc                OTG_HS_IRQHandler
                0x080045bc                DMA2D_IRQHandler
                0x080045bc                EXTI1_IRQHandler
                0x080045bc                UART7_IRQHandler
                0x080045bc                USART2_IRQHandler
                0x080045bc                I2C2_ER_IRQHandler
                0x080045bc                DMA2_Stream1_IRQHandler
                0x080045bc                CAN1_SCE_IRQHandler
                0x080045bc                FLASH_IRQHandler
                0x080045bc                DMA2_Stream4_IRQHandler
                0x080045bc                USART1_IRQHandler
                0x080045bc                OTG_FS_IRQHandler
                0x080045bc                SPI3_IRQHandler
                0x080045bc                DMA1_Stream4_IRQHandler
                0x080045bc                I2C1_ER_IRQHandler
                0x080045bc                FMC_IRQHandler
                0x080045bc                DMA2_Stream6_IRQHandler
                0x080045bc                SAI1_IRQHandler
                0x080045bc                DMA1_Stream3_IRQHandler
 .text.ili9341_Init
                0x080045be      0x294 ./Drivers/BSP/Components/ili9341/ili9341.o
                0x080045be                ili9341_Init
 .text.ili9341_ReadID
                0x08004852       0x18 ./Drivers/BSP/Components/ili9341/ili9341.o
                0x08004852                ili9341_ReadID
 .text.ili9341_DisplayOn
                0x0800486a        0xe ./Drivers/BSP/Components/ili9341/ili9341.o
                0x0800486a                ili9341_DisplayOn
 .text.ili9341_DisplayOff
                0x08004878        0xe ./Drivers/BSP/Components/ili9341/ili9341.o
                0x08004878                ili9341_DisplayOff
 .text.ili9341_WriteReg
                0x08004886       0x1a ./Drivers/BSP/Components/ili9341/ili9341.o
                0x08004886                ili9341_WriteReg
 .text.ili9341_WriteData
                0x080048a0       0x1a ./Drivers/BSP/Components/ili9341/ili9341.o
                0x080048a0                ili9341_WriteData
 .text.ili9341_ReadData
                0x080048ba       0x26 ./Drivers/BSP/Components/ili9341/ili9341.o
                0x080048ba                ili9341_ReadData
 .text.ili9341_GetLcdPixelWidth
                0x080048e0       0x10 ./Drivers/BSP/Components/ili9341/ili9341.o
                0x080048e0                ili9341_GetLcdPixelWidth
 .text.ili9341_GetLcdPixelHeight
                0x080048f0       0x12 ./Drivers/BSP/Components/ili9341/ili9341.o
                0x080048f0                ili9341_GetLcdPixelHeight
 *fill*         0x08004902        0x2 
 .text.stmpe811_Init
                0x08004904       0x50 ./Drivers/BSP/Components/stmpe811/stmpe811.o
                0x08004904                stmpe811_Init
 .text.stmpe811_Reset
                0x08004954       0x3a ./Drivers/BSP/Components/stmpe811/stmpe811.o
                0x08004954                stmpe811_Reset
 .text.stmpe811_ReadID
                0x0800498e       0x40 ./Drivers/BSP/Components/stmpe811/stmpe811.o
                0x0800498e                stmpe811_ReadID
 .text.stmpe811_EnableGlobalIT
                0x080049ce       0x3c ./Drivers/BSP/Components/stmpe811/stmpe811.o
                0x080049ce                stmpe811_EnableGlobalIT
 .text.stmpe811_DisableGlobalIT
                0x08004a0a       0x3c ./Drivers/BSP/Components/stmpe811/stmpe811.o
                0x08004a0a                stmpe811_DisableGlobalIT
 .text.stmpe811_EnableITSource
                0x08004a46       0x42 ./Drivers/BSP/Components/stmpe811/stmpe811.o
                0x08004a46                stmpe811_EnableITSource
 .text.stmpe811_DisableITSource
                0x08004a88       0x4c ./Drivers/BSP/Components/stmpe811/stmpe811.o
                0x08004a88                stmpe811_DisableITSource
 .text.stmpe811_ReadGITStatus
                0x08004ad4       0x2e ./Drivers/BSP/Components/stmpe811/stmpe811.o
                0x08004ad4                stmpe811_ReadGITStatus
 .text.stmpe811_ClearGlobalIT
                0x08004b02       0x26 ./Drivers/BSP/Components/stmpe811/stmpe811.o
                0x08004b02                stmpe811_ClearGlobalIT
 .text.stmpe811_IO_EnableAF
                0x08004b28       0x48 ./Drivers/BSP/Components/stmpe811/stmpe811.o
                0x08004b28                stmpe811_IO_EnableAF
 .text.stmpe811_TS_Start
                0x08004b70       0xf0 ./Drivers/BSP/Components/stmpe811/stmpe811.o
                0x08004b70                stmpe811_TS_Start
 .text.stmpe811_TS_DetectTouch
                0x08004c60       0x70 ./Drivers/BSP/Components/stmpe811/stmpe811.o
                0x08004c60                stmpe811_TS_DetectTouch
 .text.stmpe811_TS_GetXY
                0x08004cd0       0x72 ./Drivers/BSP/Components/stmpe811/stmpe811.o
                0x08004cd0                stmpe811_TS_GetXY
 .text.stmpe811_TS_EnableIT
                0x08004d42       0x28 ./Drivers/BSP/Components/stmpe811/stmpe811.o
                0x08004d42                stmpe811_TS_EnableIT
 .text.stmpe811_TS_DisableIT
                0x08004d6a       0x24 ./Drivers/BSP/Components/stmpe811/stmpe811.o
                0x08004d6a                stmpe811_TS_DisableIT
 .text.stmpe811_TS_ITStatus
                0x08004d8e       0x1e ./Drivers/BSP/Components/stmpe811/stmpe811.o
                0x08004d8e                stmpe811_TS_ITStatus
 .text.stmpe811_TS_ClearIT
                0x08004dac       0x1c ./Drivers/BSP/Components/stmpe811/stmpe811.o
                0x08004dac                stmpe811_TS_ClearIT
 .text.stmpe811_GetInstance
                0x08004dc8       0x44 ./Drivers/BSP/Components/stmpe811/stmpe811.o
 .text.HAL_Init
                0x08004e0c       0x44 ./Drivers/STM32F4xx_HAL_Driver/Src/stm32f4xx_hal.o
                0x08004e0c                HAL_Init
 .text.HAL_InitTick
                0x08004e50       0x60 ./Drivers/STM32F4xx_HAL_Driver/Src/stm32f4xx_hal.o
                0x08004e50                HAL_InitTick
 .text.HAL_IncTick
                0x08004eb0       0x28 ./Drivers/STM32F4xx_HAL_Driver/Src/stm32f4xx_hal.o
                0x08004eb0                HAL_IncTick
 .text.HAL_GetTick
                0x08004ed8       0x18 ./Drivers/STM32F4xx_HAL_Driver/Src/stm32f4xx_hal.o
                0x08004ed8                HAL_GetTick
 .text.HAL_Delay
                0x08004ef0       0x48 ./Drivers/STM32F4xx_HAL_Driver/Src/stm32f4xx_hal.o
                0x08004ef0                HAL_Delay
 .text.HAL_ADC_Init
                0x08004f38       0x86 ./Drivers/STM32F4xx_HAL_Driver/Src/stm32f4xx_hal_adc.o
                0x08004f38                HAL_ADC_Init
 *fill*         0x08004fbe        0x2 
 .text.HAL_ADC_Start
                0x08004fc0      0x1a4 ./Drivers/STM32F4xx_HAL_Driver/Src/stm32f4xx_hal_adc.o
                0x08004fc0                HAL_ADC_Start
 .text.HAL_ADC_Stop
                0x08005164       0x66 ./Drivers/STM32F4xx_HAL_Driver/Src/stm32f4xx_hal_adc.o
                0x08005164                HAL_ADC_Stop
 .text.HAL_ADC_PollForConversion
                0x080051ca      0x116 ./Drivers/STM32F4xx_HAL_Driver/Src/stm32f4xx_hal_adc.o
                0x080051ca                HAL_ADC_PollForConversion
 .text.HAL_ADC_GetValue
                0x080052e0       0x1a ./Drivers/STM32F4xx_HAL_Driver/Src/stm32f4xx_hal_adc.o
                0x080052e0                HAL_ADC_GetValue
 *fill*         0x080052fa        0x2 
 .text.HAL_ADC_ConfigChannel
                0x080052fc      0x264 ./Drivers/STM32F4xx_HAL_Driver/Src/stm32f4xx_hal_adc.o
                0x080052fc                HAL_ADC_ConfigChannel
 .text.ADC_Init
                0x08005560      0x1f8 ./Drivers/STM32F4xx_HAL_Driver/Src/stm32f4xx_hal_adc.o
 .text.__NVIC_SetPriorityGrouping
                0x08005758       0x48 ./Drivers/STM32F4xx_HAL_Driver/Src/stm32f4xx_hal_cortex.o
 .text.__NVIC_GetPriorityGrouping
                0x080057a0       0x1c ./Drivers/STM32F4xx_HAL_Driver/Src/stm32f4xx_hal_cortex.o
 .text.__NVIC_EnableIRQ
                0x080057bc       0x3c ./Drivers/STM32F4xx_HAL_Driver/Src/stm32f4xx_hal_cortex.o
 .text.__NVIC_SetPriority
                0x080057f8       0x54 ./Drivers/STM32F4xx_HAL_Driver/Src/stm32f4xx_hal_cortex.o
 .text.NVIC_EncodePriority
                0x0800584c       0x66 ./Drivers/STM32F4xx_HAL_Driver/Src/stm32f4xx_hal_cortex.o
 *fill*         0x080058b2        0x2 
 .text.SysTick_Config
                0x080058b4       0x44 ./Drivers/STM32F4xx_HAL_Driver/Src/stm32f4xx_hal_cortex.o
 .text.HAL_NVIC_SetPriorityGrouping
                0x080058f8       0x16 ./Drivers/STM32F4xx_HAL_Driver/Src/stm32f4xx_hal_cortex.o
                0x080058f8                HAL_NVIC_SetPriorityGrouping
 .text.HAL_NVIC_SetPriority
                0x0800590e       0x38 ./Drivers/STM32F4xx_HAL_Driver/Src/stm32f4xx_hal_cortex.o
                0x0800590e                HAL_NVIC_SetPriority
 .text.HAL_NVIC_EnableIRQ
                0x08005946       0x1c ./Drivers/STM32F4xx_HAL_Driver/Src/stm32f4xx_hal_cortex.o
                0x08005946                HAL_NVIC_EnableIRQ
 .text.HAL_SYSTICK_Config
                0x08005962       0x18 ./Drivers/STM32F4xx_HAL_Driver/Src/stm32f4xx_hal_cortex.o
                0x08005962                HAL_SYSTICK_Config
 *fill*         0x0800597a        0x2 
 .text.HAL_FLASH_Program
                0x0800597c       0xa8 ./Drivers/STM32F4xx_HAL_Driver/Src/stm32f4xx_hal_flash.o
                0x0800597c                HAL_FLASH_Program
 .text.HAL_FLASH_Unlock
                0x08005a24       0x44 ./Drivers/STM32F4xx_HAL_Driver/Src/stm32f4xx_hal_flash.o
                0x08005a24                HAL_FLASH_Unlock
 .text.HAL_FLASH_Lock
                0x08005a68       0x20 ./Drivers/STM32F4xx_HAL_Driver/Src/stm32f4xx_hal_flash.o
                0x08005a68                HAL_FLASH_Lock
 .text.FLASH_WaitForLastOperation
                0x08005a88       0x80 ./Drivers/STM32F4xx_HAL_Driver/Src/stm32f4xx_hal_flash.o
                0x08005a88                FLASH_WaitForLastOperation
 .text.FLASH_Program_DoubleWord
                0x08005b08       0x64 ./Drivers/STM32F4xx_HAL_Driver/Src/stm32f4xx_hal_flash.o
 .text.FLASH_Program_Word
                0x08005b6c       0x44 ./Drivers/STM32F4xx_HAL_Driver/Src/stm32f4xx_hal_flash.o
 .text.FLASH_Program_HalfWord
                0x08005bb0       0x48 ./Drivers/STM32F4xx_HAL_Driver/Src/stm32f4xx_hal_flash.o
 .text.FLASH_Program_Byte
                0x08005bf8       0x44 ./Drivers/STM32F4xx_HAL_Driver/Src/stm32f4xx_hal_flash.o
 .text.FLASH_SetErrorCode
                0x08005c3c       0xcc ./Drivers/STM32F4xx_HAL_Driver/Src/stm32f4xx_hal_flash.o
 .text.HAL_FLASHEx_Erase
                0x08005d08       0xe4 ./Drivers/STM32F4xx_HAL_Driver/Src/stm32f4xx_hal_flash_ex.o
                0x08005d08                HAL_FLASHEx_Erase
 .text.FLASH_MassErase
                0x08005dec       0x74 ./Drivers/STM32F4xx_HAL_Driver/Src/stm32f4xx_hal_flash_ex.o
 .text.FLASH_Erase_Sector
                0x08005e60       0x9c ./Drivers/STM32F4xx_HAL_Driver/Src/stm32f4xx_hal_flash_ex.o
                0x08005e60                FLASH_Erase_Sector
 .text.FLASH_FlushCaches
                0x08005efc       0x8c ./Drivers/STM32F4xx_HAL_Driver/Src/stm32f4xx_hal_flash_ex.o
                0x08005efc                FLASH_FlushCaches
 .text.HAL_GPIO_Init
                0x08005f88      0x358 ./Drivers/STM32F4xx_HAL_Driver/Src/stm32f4xx_hal_gpio.o
                0x08005f88                HAL_GPIO_Init
 .text.HAL_GPIO_ReadPin
                0x080062e0       0x30 ./Drivers/STM32F4xx_HAL_Driver/Src/stm32f4xx_hal_gpio.o
                0x080062e0                HAL_GPIO_ReadPin
 .text.HAL_GPIO_WritePin
                0x08006310       0x32 ./Drivers/STM32F4xx_HAL_Driver/Src/stm32f4xx_hal_gpio.o
                0x08006310                HAL_GPIO_WritePin
 .text.HAL_GPIO_TogglePin
                0x08006342       0x34 ./Drivers/STM32F4xx_HAL_Driver/Src/stm32f4xx_hal_gpio.o
                0x08006342                HAL_GPIO_TogglePin
 *fill*         0x08006376        0x2 
 .text.HAL_I2C_Init
                0x08006378      0x288 ./Drivers/STM32F4xx_HAL_Driver/Src/stm32f4xx_hal_i2c.o
                0x08006378                HAL_I2C_Init
 .text.HAL_I2C_Mem_Write
                0x08006600      0x1f4 ./Drivers/STM32F4xx_HAL_Driver/Src/stm32f4xx_hal_i2c.o
                0x08006600                HAL_I2C_Mem_Write
 .text.HAL_I2C_Mem_Read
                0x080067f4      0x464 ./Drivers/STM32F4xx_HAL_Driver/Src/stm32f4xx_hal_i2c.o
                0x080067f4                HAL_I2C_Mem_Read
 .text.I2C_RequestMemoryWrite
                0x08006c58      0x12c ./Drivers/STM32F4xx_HAL_Driver/Src/stm32f4xx_hal_i2c.o
 .text.I2C_RequestMemoryRead
                0x08006d84      0x1d0 ./Drivers/STM32F4xx_HAL_Driver/Src/stm32f4xx_hal_i2c.o
 .text.I2C_WaitOnFlagUntilTimeout
                0x08006f54       0xf4 ./Drivers/STM32F4xx_HAL_Driver/Src/stm32f4xx_hal_i2c.o
 .text.I2C_WaitOnMasterAddressFlagUntilTimeout
                0x08007048      0x140 ./Drivers/STM32F4xx_HAL_Driver/Src/stm32f4xx_hal_i2c.o
 .text.I2C_WaitOnTXEFlagUntilTimeout
                0x08007188       0x90 ./Drivers/STM32F4xx_HAL_Driver/Src/stm32f4xx_hal_i2c.o
 .text.I2C_WaitOnBTFFlagUntilTimeout
                0x08007218       0x90 ./Drivers/STM32F4xx_HAL_Driver/Src/stm32f4xx_hal_i2c.o
 .text.I2C_WaitOnRXNEFlagUntilTimeout
                0x080072a8       0xba ./Drivers/STM32F4xx_HAL_Driver/Src/stm32f4xx_hal_i2c.o
 .text.I2C_IsAcknowledgeFailed
                0x08007362       0x5e ./Drivers/STM32F4xx_HAL_Driver/Src/stm32f4xx_hal_i2c.o
 .text.HAL_LTDC_Init
                0x080073c0      0x13a ./Drivers/STM32F4xx_HAL_Driver/Src/stm32f4xx_hal_ltdc.o
                0x080073c0                HAL_LTDC_Init
 .text.HAL_LTDC_ConfigLayer
                0x080074fa       0x7c ./Drivers/STM32F4xx_HAL_Driver/Src/stm32f4xx_hal_ltdc.o
                0x080074fa                HAL_LTDC_ConfigLayer
 .text.LTDC_SetConfig
                0x08007576      0x2e6 ./Drivers/STM32F4xx_HAL_Driver/Src/stm32f4xx_hal_ltdc.o
 .text.HAL_PWREx_EnableOverDrive
                0x0800785c       0xa0 ./Drivers/STM32F4xx_HAL_Driver/Src/stm32f4xx_hal_pwr_ex.o
                0x0800785c                HAL_PWREx_EnableOverDrive
 .text.HAL_RCC_OscConfig
                0x080078fc      0x4f0 ./Drivers/STM32F4xx_HAL_Driver/Src/stm32f4xx_hal_rcc.o
                0x080078fc                HAL_RCC_OscConfig
 .text.HAL_RCC_ClockConfig
                0x08007dec      0x1cc ./Drivers/STM32F4xx_HAL_Driver/Src/stm32f4xx_hal_rcc.o
                0x08007dec                HAL_RCC_ClockConfig
 .text.HAL_RCC_GetSysClockFreq
                0x08007fb8      0x20c ./Drivers/STM32F4xx_HAL_Driver/Src/stm32f4xx_hal_rcc.o
                0x08007fb8                HAL_RCC_GetSysClockFreq
 .text.HAL_RCC_GetHCLKFreq
                0x080081c4       0x18 ./Drivers/STM32F4xx_HAL_Driver/Src/stm32f4xx_hal_rcc.o
                0x080081c4                HAL_RCC_GetHCLKFreq
 .text.HAL_RCC_GetPCLK1Freq
                0x080081dc       0x28 ./Drivers/STM32F4xx_HAL_Driver/Src/stm32f4xx_hal_rcc.o
                0x080081dc                HAL_RCC_GetPCLK1Freq
 .text.HAL_RCCEx_PeriphCLKConfig
                0x08008204      0x380 ./Drivers/STM32F4xx_HAL_Driver/Src/stm32f4xx_hal_rcc_ex.o
                0x08008204                HAL_RCCEx_PeriphCLKConfig
 .text.HAL_SDRAM_Init
                0x08008584       0x68 ./Drivers/STM32F4xx_HAL_Driver/Src/stm32f4xx_hal_sdram.o
                0x08008584                HAL_SDRAM_Init
 .text.HAL_SDRAM_SendCommand
                0x080085ec       0x6a ./Drivers/STM32F4xx_HAL_Driver/Src/stm32f4xx_hal_sdram.o
                0x080085ec                HAL_SDRAM_SendCommand
 .text.HAL_SDRAM_ProgramRefreshRate
                0x08008656       0x50 ./Drivers/STM32F4xx_HAL_Driver/Src/stm32f4xx_hal_sdram.o
                0x08008656                HAL_SDRAM_ProgramRefreshRate
 .text.HAL_SPI_Init
                0x080086a6      0x112 ./Drivers/STM32F4xx_HAL_Driver/Src/stm32f4xx_hal_spi.o
                0x080086a6                HAL_SPI_Init
 .text.HAL_SPI_Transmit
                0x080087b8      0x288 ./Drivers/STM32F4xx_HAL_Driver/Src/stm32f4xx_hal_spi.o
                0x080087b8                HAL_SPI_Transmit
 .text.HAL_SPI_Receive
                0x08008a40      0x232 ./Drivers/STM32F4xx_HAL_Driver/Src/stm32f4xx_hal_spi.o
                0x08008a40                HAL_SPI_Receive
 .text.HAL_SPI_TransmitReceive
                0x08008c72      0x352 ./Drivers/STM32F4xx_HAL_Driver/Src/stm32f4xx_hal_spi.o
                0x08008c72                HAL_SPI_TransmitReceive
 .text.SPI_WaitFlagStateUntilTimeout
                0x08008fc4      0x110 ./Drivers/STM32F4xx_HAL_Driver/Src/stm32f4xx_hal_spi.o
 .text.SPI_EndRxTransaction
                0x080090d4       0xca ./Drivers/STM32F4xx_HAL_Driver/Src/stm32f4xx_hal_spi.o
 *fill*         0x0800919e        0x2 
 .text.SPI_EndRxTxTransaction
                0x080091a0       0xa8 ./Drivers/STM32F4xx_HAL_Driver/Src/stm32f4xx_hal_spi.o
 .text.HAL_TIM_IRQHandler
                0x08009248      0x1e0 ./Drivers/STM32F4xx_HAL_Driver/Src/stm32f4xx_hal_tim.o
                0x08009248                HAL_TIM_IRQHandler
 .text.HAL_TIM_PeriodElapsedCallback
                0x08009428       0x14 ./Drivers/STM32F4xx_HAL_Driver/Src/stm32f4xx_hal_tim.o
                0x08009428                HAL_TIM_PeriodElapsedCallback
 .text.HAL_TIM_OC_DelayElapsedCallback
                0x0800943c       0x14 ./Drivers/STM32F4xx_HAL_Driver/Src/stm32f4xx_hal_tim.o
                0x0800943c                HAL_TIM_OC_DelayElapsedCallback
 .text.HAL_TIM_IC_CaptureCallback
                0x08009450       0x14 ./Drivers/STM32F4xx_HAL_Driver/Src/stm32f4xx_hal_tim.o
                0x08009450                HAL_TIM_IC_CaptureCallback
 .text.HAL_TIM_PWM_PulseFinishedCallback
                0x08009464       0x14 ./Drivers/STM32F4xx_HAL_Driver/Src/stm32f4xx_hal_tim.o
                0x08009464                HAL_TIM_PWM_PulseFinishedCallback
 .text.HAL_TIM_TriggerCallback
                0x08009478       0x14 ./Drivers/STM32F4xx_HAL_Driver/Src/stm32f4xx_hal_tim.o
                0x08009478                HAL_TIM_TriggerCallback
 .text.HAL_TIMEx_CommutCallback
                0x0800948c       0x14 ./Drivers/STM32F4xx_HAL_Driver/Src/stm32f4xx_hal_tim_ex.o
                0x0800948c                HAL_TIMEx_CommutCallback
 .text.HAL_TIMEx_BreakCallback
                0x080094a0       0x14 ./Drivers/STM32F4xx_HAL_Driver/Src/stm32f4xx_hal_tim_ex.o
                0x080094a0                HAL_TIMEx_BreakCallback
 .text.FMC_SDRAM_Init
                0x080094b4       0xba ./Drivers/STM32F4xx_HAL_Driver/Src/stm32f4xx_ll_fmc.o
                0x080094b4                FMC_SDRAM_Init
 .text.FMC_SDRAM_Timing_Init
                0x0800956e       0xd2 ./Drivers/STM32F4xx_HAL_Driver/Src/stm32f4xx_ll_fmc.o
                0x0800956e                FMC_SDRAM_Timing_Init
 .text.FMC_SDRAM_SendCommand
                0x08009640       0x7a ./Drivers/STM32F4xx_HAL_Driver/Src/stm32f4xx_ll_fmc.o
                0x08009640                FMC_SDRAM_SendCommand
 .text.FMC_SDRAM_ProgramRefreshRate
                0x080096ba       0x2e ./Drivers/STM32F4xx_HAL_Driver/Src/stm32f4xx_ll_fmc.o
                0x080096ba                FMC_SDRAM_ProgramRefreshRate
 .text.makeFreeRtosPriority
                0x080096e8       0x30 ./Middlewares/Third_Party/FreeRTOS/Source/CMSIS_RTOS/cmsis_os.o
 .text.inHandlerMode
                0x08009718       0x24 ./Middlewares/Third_Party/FreeRTOS/Source/CMSIS_RTOS/cmsis_os.o
 .text.osKernelStart
                0x0800973c        0xe ./Middlewares/Third_Party/FreeRTOS/Source/CMSIS_RTOS/cmsis_os.o
                0x0800973c                osKernelStart
 .text.osKernelSysTick
                0x0800974a       0x20 ./Middlewares/Third_Party/FreeRTOS/Source/CMSIS_RTOS/cmsis_os.o
                0x0800974a                osKernelSysTick
 .text.osThreadCreate
                0x0800976a       0x4e ./Middlewares/Third_Party/FreeRTOS/Source/CMSIS_RTOS/cmsis_os.o
                0x0800976a                osThreadCreate
 .text.osDelay  0x080097b8       0x28 ./Middlewares/Third_Party/FreeRTOS/Source/CMSIS_RTOS/cmsis_os.o
                0x080097b8                osDelay
 .text.osMutexCreate
                0x080097e0       0x18 ./Middlewares/Third_Party/FreeRTOS/Source/CMSIS_RTOS/cmsis_os.o
                0x080097e0                osMutexCreate
 .text.osMutexWait
                0x080097f8       0x9c ./Middlewares/Third_Party/FreeRTOS/Source/CMSIS_RTOS/cmsis_os.o
                0x080097f8                osMutexWait
 .text.osMutexRelease
                0x08009894       0x6c ./Middlewares/Third_Party/FreeRTOS/Source/CMSIS_RTOS/cmsis_os.o
                0x08009894                osMutexRelease
 .text.vListInitialise
                0x08009900       0x40 ./Middlewares/Third_Party/FreeRTOS/Source/list.o
                0x08009900                vListInitialise
 .text.vListInitialiseItem
                0x08009940       0x1a ./Middlewares/Third_Party/FreeRTOS/Source/list.o
                0x08009940                vListInitialiseItem
 .text.vListInsertEnd
                0x0800995a       0x48 ./Middlewares/Third_Party/FreeRTOS/Source/list.o
                0x0800995a                vListInsertEnd
 .text.vListInsert
                0x080099a2       0x72 ./Middlewares/Third_Party/FreeRTOS/Source/list.o
                0x080099a2                vListInsert
 .text.uxListRemove
                0x08009a14       0x54 ./Middlewares/Third_Party/FreeRTOS/Source/list.o
                0x08009a14                uxListRemove
 .text.xQueueGenericReset
                0x08009a68       0xb4 ./Middlewares/Third_Party/FreeRTOS/Source/queue.o
                0x08009a68                xQueueGenericReset
 .text.xQueueGenericCreate
                0x08009b1c       0x50 ./Middlewares/Third_Party/FreeRTOS/Source/queue.o
                0x08009b1c                xQueueGenericCreate
 .text.prvInitialiseNewQueue
                0x08009b6c       0x46 ./Middlewares/Third_Party/FreeRTOS/Source/queue.o
 .text.prvInitialiseMutex
                0x08009bb2       0x34 ./Middlewares/Third_Party/FreeRTOS/Source/queue.o
 .text.xQueueCreateMutex
                0x08009be6       0x30 ./Middlewares/Third_Party/FreeRTOS/Source/queue.o
                0x08009be6                xQueueCreateMutex
 *fill*         0x08009c16        0x2 
 .text.xQueueGenericSend
                0x08009c18      0x154 ./Middlewares/Third_Party/FreeRTOS/Source/queue.o
                0x08009c18                xQueueGenericSend
 .text.xQueueGiveFromISR
                0x08009d6c       0xa8 ./Middlewares/Third_Party/FreeRTOS/Source/queue.o
                0x08009d6c                xQueueGiveFromISR
 .text.xQueueSemaphoreTake
                0x08009e14      0x190 ./Middlewares/Third_Party/FreeRTOS/Source/queue.o
                0x08009e14                xQueueSemaphoreTake
 .text.xQueueReceiveFromISR
                0x08009fa4       0xae ./Middlewares/Third_Party/FreeRTOS/Source/queue.o
                0x08009fa4                xQueueReceiveFromISR
 .text.prvGetDisinheritPriorityAfterTimeout
                0x0800a052       0x30 ./Middlewares/Third_Party/FreeRTOS/Source/queue.o
 .text.prvCopyDataToQueue
                0x0800a082       0xd4 ./Middlewares/Third_Party/FreeRTOS/Source/queue.o
 .text.prvCopyDataFromQueue
                0x0800a156       0x4c ./Middlewares/Third_Party/FreeRTOS/Source/queue.o
 .text.prvUnlockQueue
                0x0800a1a2       0xa4 ./Middlewares/Third_Party/FreeRTOS/Source/queue.o
 .text.prvIsQueueEmpty
                0x0800a246       0x2c ./Middlewares/Third_Party/FreeRTOS/Source/queue.o
 .text.prvIsQueueFull
                0x0800a272       0x30 ./Middlewares/Third_Party/FreeRTOS/Source/queue.o
 .text.xTaskCreate
                0x0800a2a2       0x82 ./Middlewares/Third_Party/FreeRTOS/Source/tasks.o
                0x0800a2a2                xTaskCreate
 .text.prvInitialiseNewTask
                0x0800a324       0xfe ./Middlewares/Third_Party/FreeRTOS/Source/tasks.o
 *fill*         0x0800a422        0x2 
 .text.prvAddNewTaskToReadyList
                0x0800a424       0xdc ./Middlewares/Third_Party/FreeRTOS/Source/tasks.o
 .text.vTaskDelay
                0x0800a500       0x48 ./Middlewares/Third_Party/FreeRTOS/Source/tasks.o
                0x0800a500                vTaskDelay
 .text.vTaskStartScheduler
                0x0800a548       0x70 ./Middlewares/Third_Party/FreeRTOS/Source/tasks.o
                0x0800a548                vTaskStartScheduler
 .text.vTaskSuspendAll
                0x0800a5b8       0x1c ./Middlewares/Third_Party/FreeRTOS/Source/tasks.o
                0x0800a5b8                vTaskSuspendAll
 .text.xTaskResumeAll
                0x0800a5d4      0x11c ./Middlewares/Third_Party/FreeRTOS/Source/tasks.o
                0x0800a5d4                xTaskResumeAll
 .text.xTaskGetTickCount
                0x0800a6f0       0x20 ./Middlewares/Third_Party/FreeRTOS/Source/tasks.o
                0x0800a6f0                xTaskGetTickCount
 .text.xTaskGetTickCountFromISR
                0x0800a710       0x24 ./Middlewares/Third_Party/FreeRTOS/Source/tasks.o
                0x0800a710                xTaskGetTickCountFromISR
 .text.xTaskIncrementTick
                0x0800a734      0x150 ./Middlewares/Third_Party/FreeRTOS/Source/tasks.o
                0x0800a734                xTaskIncrementTick
 .text.vTaskSwitchContext
                0x0800a884       0x8c ./Middlewares/Third_Party/FreeRTOS/Source/tasks.o
                0x0800a884                vTaskSwitchContext
 .text.vTaskPlaceOnEventList
                0x0800a910       0x2c ./Middlewares/Third_Party/FreeRTOS/Source/tasks.o
                0x0800a910                vTaskPlaceOnEventList
 .text.xTaskRemoveFromEventList
                0x0800a93c       0xa8 ./Middlewares/Third_Party/FreeRTOS/Source/tasks.o
                0x0800a93c                xTaskRemoveFromEventList
 .text.vTaskInternalSetTimeOutState
                0x0800a9e4       0x2c ./Middlewares/Third_Party/FreeRTOS/Source/tasks.o
                0x0800a9e4                vTaskInternalSetTimeOutState
 .text.xTaskCheckForTimeOut
                0x0800aa10       0x8c ./Middlewares/Third_Party/FreeRTOS/Source/tasks.o
                0x0800aa10                xTaskCheckForTimeOut
 .text.vTaskMissedYield
                0x0800aa9c       0x18 ./Middlewares/Third_Party/FreeRTOS/Source/tasks.o
                0x0800aa9c                vTaskMissedYield
 .text.prvIdleTask
                0x0800aab4       0x30 ./Middlewares/Third_Party/FreeRTOS/Source/tasks.o
 .text.prvInitialiseTaskLists
                0x0800aae4       0x80 ./Middlewares/Third_Party/FreeRTOS/Source/tasks.o
 .text.prvCheckTasksWaitingTermination
                0x0800ab64       0x5c ./Middlewares/Third_Party/FreeRTOS/Source/tasks.o
 .text.prvDeleteTCB
                0x0800abc0       0x20 ./Middlewares/Third_Party/FreeRTOS/Source/tasks.o
 .text.prvResetNextTaskUnblockTime
                0x0800abe0       0x40 ./Middlewares/Third_Party/FreeRTOS/Source/tasks.o
 .text.xTaskGetSchedulerState
                0x0800ac20       0x3c ./Middlewares/Third_Party/FreeRTOS/Source/tasks.o
                0x0800ac20                xTaskGetSchedulerState
 .text.xTaskPriorityInherit
                0x0800ac5c       0xec ./Middlewares/Third_Party/FreeRTOS/Source/tasks.o
                0x0800ac5c                xTaskPriorityInherit
 .text.xTaskPriorityDisinherit
                0x0800ad48       0xc8 ./Middlewares/Third_Party/FreeRTOS/Source/tasks.o
                0x0800ad48                xTaskPriorityDisinherit
 .text.vTaskPriorityDisinheritAfterTimeout
                0x0800ae10       0xdc ./Middlewares/Third_Party/FreeRTOS/Source/tasks.o
                0x0800ae10                vTaskPriorityDisinheritAfterTimeout
 .text.pvTaskIncrementMutexHeldCount
                0x0800aeec       0x28 ./Middlewares/Third_Party/FreeRTOS/Source/tasks.o
                0x0800aeec                pvTaskIncrementMutexHeldCount
 .text.prvAddCurrentTaskToDelayedList
                0x0800af14       0xcc ./Middlewares/Third_Party/FreeRTOS/Source/tasks.o
 .text.pxPortInitialiseStack
                0x0800afe0       0x68 ./Middlewares/Third_Party/FreeRTOS/Source/portable/GCC/ARM_CM4F/port.o
                0x0800afe0                pxPortInitialiseStack
 .text.prvTaskExitError
                0x0800b048       0x34 ./Middlewares/Third_Party/FreeRTOS/Source/portable/GCC/ARM_CM4F/port.o
 *fill*         0x0800b07c        0x4 
 .text.SVC_Handler
                0x0800b080       0x28 ./Middlewares/Third_Party/FreeRTOS/Source/portable/GCC/ARM_CM4F/port.o
                0x0800b080                SVC_Handler
 .text.prvPortStartFirstTask
                0x0800b0a8       0x28 ./Middlewares/Third_Party/FreeRTOS/Source/portable/GCC/ARM_CM4F/port.o
 .text.xPortStartScheduler
                0x0800b0d0       0x54 ./Middlewares/Third_Party/FreeRTOS/Source/portable/GCC/ARM_CM4F/port.o
                0x0800b0d0                xPortStartScheduler
 .text.vPortEnterCritical
                0x0800b124       0x34 ./Middlewares/Third_Party/FreeRTOS/Source/portable/GCC/ARM_CM4F/port.o
                0x0800b124                vPortEnterCritical
 .text.vPortExitCritical
                0x0800b158       0x34 ./Middlewares/Third_Party/FreeRTOS/Source/portable/GCC/ARM_CM4F/port.o
                0x0800b158                vPortExitCritical
 *fill*         0x0800b18c        0x4 
 .text.PendSV_Handler
                0x0800b190       0x68 ./Middlewares/Third_Party/FreeRTOS/Source/portable/GCC/ARM_CM4F/port.o
                0x0800b190                PendSV_Handler
 .text.xPortSysTickHandler
                0x0800b1f8       0x44 ./Middlewares/Third_Party/FreeRTOS/Source/portable/GCC/ARM_CM4F/port.o
                0x0800b1f8                xPortSysTickHandler
 .text.vPortSetupTimerInterrupt
                0x0800b23c       0x48 ./Middlewares/Third_Party/FreeRTOS/Source/portable/GCC/ARM_CM4F/port.o
                0x0800b23c                vPortSetupTimerInterrupt
 .text.vPortEnableVFP
                0x0800b284       0x14 ./Middlewares/Third_Party/FreeRTOS/Source/portable/GCC/ARM_CM4F/port.o
 .text.pvPortMalloc
                0x0800b298      0x134 ./Middlewares/Third_Party/FreeRTOS/Source/portable/MemMang/heap_4.o
                0x0800b298                pvPortMalloc
 .text.vPortFree
                0x0800b3cc       0x80 ./Middlewares/Third_Party/FreeRTOS/Source/portable/MemMang/heap_4.o
                0x0800b3cc                vPortFree
 .text.prvHeapInit
                0x0800b44c       0xc4 ./Middlewares/Third_Party/FreeRTOS/Source/portable/MemMang/heap_4.o
 .text.prvInsertBlockIntoFreeList
                0x0800b510       0xb4 ./Middlewares/Third_Party/FreeRTOS/Source/portable/MemMang/heap_4.o
 .text.srand    0x0800b5c4       0x5c C:/ST/STM32CubeIDE_2.1.1/STM32CubeIDE/plugins/com.st.stm32cube.ide.mcu.externaltools.gnu-tools-for-stm32.14.3.rel1.win32_1.0.100.202602081740/tools/bin/../lib/gcc/arm-none-eabi/14.3.1/../../../../arm-none-eabi/lib/thumb/v7e-m+fp/hard\libc_nano.a(libc_a-rand.o)
                0x0800b5c4                srand
 .text.rand     0x0800b620       0x7c C:/ST/STM32CubeIDE_2.1.1/STM32CubeIDE/plugins/com.st.stm32cube.ide.mcu.externaltools.gnu-tools-for-stm32.14.3.rel1.win32_1.0.100.202602081740/tools/bin/../lib/gcc/arm-none-eabi/14.3.1/../../../../arm-none-eabi/lib/thumb/v7e-m+fp/hard\libc_nano.a(libc_a-rand.o)
                0x0800b620                rand
 .text.std      0x0800b69c       0x6c C:/ST/STM32CubeIDE_2.1.1/STM32CubeIDE/plugins/com.st.stm32cube.ide.mcu.externaltools.gnu-tools-for-stm32.14.3.rel1.win32_1.0.100.202602081740/tools/bin/../lib/gcc/arm-none-eabi/14.3.1/../../../../arm-none-eabi/lib/thumb/v7e-m+fp/hard\libc_nano.a(libc_a-findfp.o)
 .text.stdio_exit_handler
                0x0800b708       0x18 C:/ST/STM32CubeIDE_2.1.1/STM32CubeIDE/plugins/com.st.stm32cube.ide.mcu.externaltools.gnu-tools-for-stm32.14.3.rel1.win32_1.0.100.202602081740/tools/bin/../lib/gcc/arm-none-eabi/14.3.1/../../../../arm-none-eabi/lib/thumb/v7e-m+fp/hard\libc_nano.a(libc_a-findfp.o)
 .text.cleanup_stdio
                0x0800b720       0x40 C:/ST/STM32CubeIDE_2.1.1/STM32CubeIDE/plugins/com.st.stm32cube.ide.mcu.externaltools.gnu-tools-for-stm32.14.3.rel1.win32_1.0.100.202602081740/tools/bin/../lib/gcc/arm-none-eabi/14.3.1/../../../../arm-none-eabi/lib/thumb/v7e-m+fp/hard\libc_nano.a(libc_a-findfp.o)
 .text.global_stdio_init.part.0
                0x0800b760       0x40 C:/ST/STM32CubeIDE_2.1.1/STM32CubeIDE/plugins/com.st.stm32cube.ide.mcu.externaltools.gnu-tools-for-stm32.14.3.rel1.win32_1.0.100.202602081740/tools/bin/../lib/gcc/arm-none-eabi/14.3.1/../../../../arm-none-eabi/lib/thumb/v7e-m+fp/hard\libc_nano.a(libc_a-findfp.o)
 .text.__sfp_lock_acquire
                0x0800b7a0        0xc C:/ST/STM32CubeIDE_2.1.1/STM32CubeIDE/plugins/com.st.stm32cube.ide.mcu.externaltools.gnu-tools-for-stm32.14.3.rel1.win32_1.0.100.202602081740/tools/bin/../lib/gcc/arm-none-eabi/14.3.1/../../../../arm-none-eabi/lib/thumb/v7e-m+fp/hard\libc_nano.a(libc_a-findfp.o)
                0x0800b7a0                __sfp_lock_acquire
 .text.__sfp_lock_release
                0x0800b7ac        0xc C:/ST/STM32CubeIDE_2.1.1/STM32CubeIDE/plugins/com.st.stm32cube.ide.mcu.externaltools.gnu-tools-for-stm32.14.3.rel1.win32_1.0.100.202602081740/tools/bin/../lib/gcc/arm-none-eabi/14.3.1/../../../../arm-none-eabi/lib/thumb/v7e-m+fp/hard\libc_nano.a(libc_a-findfp.o)
                0x0800b7ac                __sfp_lock_release
 .text.__sinit  0x0800b7b8       0x30 C:/ST/STM32CubeIDE_2.1.1/STM32CubeIDE/plugins/com.st.stm32cube.ide.mcu.externaltools.gnu-tools-for-stm32.14.3.rel1.win32_1.0.100.202602081740/tools/bin/../lib/gcc/arm-none-eabi/14.3.1/../../../../arm-none-eabi/lib/thumb/v7e-m+fp/hard\libc_nano.a(libc_a-findfp.o)
                0x0800b7b8                __sinit
 .text._fwalk_sglue
                0x0800b7e8       0x3c C:/ST/STM32CubeIDE_2.1.1/STM32CubeIDE/plugins/com.st.stm32cube.ide.mcu.externaltools.gnu-tools-for-stm32.14.3.rel1.win32_1.0.100.202602081740/tools/bin/../lib/gcc/arm-none-eabi/14.3.1/../../../../arm-none-eabi/lib/thumb/v7e-m+fp/hard\libc_nano.a(libc_a-fwalk.o)
                0x0800b7e8                _fwalk_sglue
 .text.sprintf  0x0800b824       0x44 C:/ST/STM32CubeIDE_2.1.1/STM32CubeIDE/plugins/com.st.stm32cube.ide.mcu.externaltools.gnu-tools-for-stm32.14.3.rel1.win32_1.0.100.202602081740/tools/bin/../lib/gcc/arm-none-eabi/14.3.1/../../../../arm-none-eabi/lib/thumb/v7e-m+fp/hard\libc_nano.a(libc_a-sprintf.o)
                0x0800b824                siprintf
                0x0800b824                sprintf
 .text.__sread  0x0800b868       0x22 C:/ST/STM32CubeIDE_2.1.1/STM32CubeIDE/plugins/com.st.stm32cube.ide.mcu.externaltools.gnu-tools-for-stm32.14.3.rel1.win32_1.0.100.202602081740/tools/bin/../lib/gcc/arm-none-eabi/14.3.1/../../../../arm-none-eabi/lib/thumb/v7e-m+fp/hard\libc_nano.a(libc_a-stdio.o)
                0x0800b868                __sread
 .text.__swrite
                0x0800b88a       0x38 C:/ST/STM32CubeIDE_2.1.1/STM32CubeIDE/plugins/com.st.stm32cube.ide.mcu.externaltools.gnu-tools-for-stm32.14.3.rel1.win32_1.0.100.202602081740/tools/bin/../lib/gcc/arm-none-eabi/14.3.1/../../../../arm-none-eabi/lib/thumb/v7e-m+fp/hard\libc_nano.a(libc_a-stdio.o)
                0x0800b88a                __swrite
 .text.__sseek  0x0800b8c2       0x26 C:/ST/STM32CubeIDE_2.1.1/STM32CubeIDE/plugins/com.st.stm32cube.ide.mcu.externaltools.gnu-tools-for-stm32.14.3.rel1.win32_1.0.100.202602081740/tools/bin/../lib/gcc/arm-none-eabi/14.3.1/../../../../arm-none-eabi/lib/thumb/v7e-m+fp/hard\libc_nano.a(libc_a-stdio.o)
                0x0800b8c2                __sseek
 .text.__sclose
                0x0800b8e8        0x8 C:/ST/STM32CubeIDE_2.1.1/STM32CubeIDE/plugins/com.st.stm32cube.ide.mcu.externaltools.gnu-tools-for-stm32.14.3.rel1.win32_1.0.100.202602081740/tools/bin/../lib/gcc/arm-none-eabi/14.3.1/../../../../arm-none-eabi/lib/thumb/v7e-m+fp/hard\libc_nano.a(libc_a-stdio.o)
                0x0800b8e8                __sclose
 .text.memset   0x0800b8f0       0x10 C:/ST/STM32CubeIDE_2.1.1/STM32CubeIDE/plugins/com.st.stm32cube.ide.mcu.externaltools.gnu-tools-for-stm32.14.3.rel1.win32_1.0.100.202602081740/tools/bin/../lib/gcc/arm-none-eabi/14.3.1/../../../../arm-none-eabi/lib/thumb/v7e-m+fp/hard\libc_nano.a(libc_a-memset.o)
                0x0800b8f0                memset
 .text._close_r
                0x0800b900       0x20 C:/ST/STM32CubeIDE_2.1.1/STM32CubeIDE/plugins/com.st.stm32cube.ide.mcu.externaltools.gnu-tools-for-stm32.14.3.rel1.win32_1.0.100.202602081740/tools/bin/../lib/gcc/arm-none-eabi/14.3.1/../../../../arm-none-eabi/lib/thumb/v7e-m+fp/hard\libc_nano.a(libc_a-closer.o)
                0x0800b900                _close_r
 .text._lseek_r
                0x0800b920       0x24 C:/ST/STM32CubeIDE_2.1.1/STM32CubeIDE/plugins/com.st.stm32cube.ide.mcu.externaltools.gnu-tools-for-stm32.14.3.rel1.win32_1.0.100.202602081740/tools/bin/../lib/gcc/arm-none-eabi/14.3.1/../../../../arm-none-eabi/lib/thumb/v7e-m+fp/hard\libc_nano.a(libc_a-lseekr.o)
                0x0800b920                _lseek_r
 .text._read_r  0x0800b944       0x24 C:/ST/STM32CubeIDE_2.1.1/STM32CubeIDE/plugins/com.st.stm32cube.ide.mcu.externaltools.gnu-tools-for-stm32.14.3.rel1.win32_1.0.100.202602081740/tools/bin/../lib/gcc/arm-none-eabi/14.3.1/../../../../arm-none-eabi/lib/thumb/v7e-m+fp/hard\libc_nano.a(libc_a-readr.o)
                0x0800b944                _read_r
 .text._write_r
                0x0800b968       0x24 C:/ST/STM32CubeIDE_2.1.1/STM32CubeIDE/plugins/com.st.stm32cube.ide.mcu.externaltools.gnu-tools-for-stm32.14.3.rel1.win32_1.0.100.202602081740/tools/bin/../lib/gcc/arm-none-eabi/14.3.1/../../../../arm-none-eabi/lib/thumb/v7e-m+fp/hard\libc_nano.a(libc_a-writer.o)
                0x0800b968                _write_r
 .text.__errno  0x0800b98c        0xc C:/ST/STM32CubeIDE_2.1.1/STM32CubeIDE/plugins/com.st.stm32cube.ide.mcu.externaltools.gnu-tools-for-stm32.14.3.rel1.win32_1.0.100.202602081740/tools/bin/../lib/gcc/arm-none-eabi/14.3.1/../../../../arm-none-eabi/lib/thumb/v7e-m+fp/hard\libc_nano.a(libc_a-errno.o)
                0x0800b98c                __errno
 .text.__libc_init_array
                0x0800b998       0x48 C:/ST/STM32CubeIDE_2.1.1/STM32CubeIDE/plugins/com.st.stm32cube.ide.mcu.externaltools.gnu-tools-for-stm32.14.3.rel1.win32_1.0.100.202602081740/tools/bin/../lib/gcc/arm-none-eabi/14.3.1/../../../../arm-none-eabi/lib/thumb/v7e-m+fp/hard\libc_nano.a(libc_a-init.o)
                0x0800b998                __libc_init_array
 .text.__retarget_lock_init_recursive
                0x0800b9e0        0x2 C:/ST/STM32CubeIDE_2.1.1/STM32CubeIDE/plugins/com.st.stm32cube.ide.mcu.externaltools.gnu-tools-for-stm32.14.3.rel1.win32_1.0.100.202602081740/tools/bin/../lib/gcc/arm-none-eabi/14.3.1/../../../../arm-none-eabi/lib/thumb/v7e-m+fp/hard\libc_nano.a(libc_a-lock.o)
                0x0800b9e0                __retarget_lock_init_recursive
 .text.__retarget_lock_acquire_recursive
                0x0800b9e2        0x2 C:/ST/STM32CubeIDE_2.1.1/STM32CubeIDE/plugins/com.st.stm32cube.ide.mcu.externaltools.gnu-tools-for-stm32.14.3.rel1.win32_1.0.100.202602081740/tools/bin/../lib/gcc/arm-none-eabi/14.3.1/../../../../arm-none-eabi/lib/thumb/v7e-m+fp/hard\libc_nano.a(libc_a-lock.o)
                0x0800b9e2                __retarget_lock_acquire_recursive
 .text.__retarget_lock_release_recursive
                0x0800b9e4        0x2 C:/ST/STM32CubeIDE_2.1.1/STM32CubeIDE/plugins/com.st.stm32cube.ide.mcu.externaltools.gnu-tools-for-stm32.14.3.rel1.win32_1.0.100.202602081740/tools/bin/../lib/gcc/arm-none-eabi/14.3.1/../../../../arm-none-eabi/lib/thumb/v7e-m+fp/hard\libc_nano.a(libc_a-lock.o)
                0x0800b9e4                __retarget_lock_release_recursive
 .text.memcpy   0x0800b9e6       0x1c C:/ST/STM32CubeIDE_2.1.1/STM32CubeIDE/plugins/com.st.stm32cube.ide.mcu.externaltools.gnu-tools-for-stm32.14.3.rel1.win32_1.0.100.202602081740/tools/bin/../lib/gcc/arm-none-eabi/14.3.1/../../../../arm-none-eabi/lib/thumb/v7e-m+fp/hard\libc_nano.a(libc_a-memcpy-stub.o)
                0x0800b9e6                memcpy
 *fill*         0x0800ba02        0x2 
 .text.__assert_func
                0x0800ba04       0x3c C:/ST/STM32CubeIDE_2.1.1/STM32CubeIDE/plugins/com.st.stm32cube.ide.mcu.externaltools.gnu-tools-for-stm32.14.3.rel1.win32_1.0.100.202602081740/tools/bin/../lib/gcc/arm-none-eabi/14.3.1/../../../../arm-none-eabi/lib/thumb/v7e-m+fp/hard\libc_nano.a(libc_a-assert.o)
                0x0800ba04                __assert_func
 .text._free_r  0x0800ba40       0x94 C:/ST/STM32CubeIDE_2.1.1/STM32CubeIDE/plugins/com.st.stm32cube.ide.mcu.externaltools.gnu-tools-for-stm32.14.3.rel1.win32_1.0.100.202602081740/tools/bin/../lib/gcc/arm-none-eabi/14.3.1/../../../../arm-none-eabi/lib/thumb/v7e-m+fp/hard\libc_nano.a(libc_a-freer.o)
                0x0800ba40                _free_r
 .text.malloc   0x0800bad4       0x10 C:/ST/STM32CubeIDE_2.1.1/STM32CubeIDE/plugins/com.st.stm32cube.ide.mcu.externaltools.gnu-tools-for-stm32.14.3.rel1.win32_1.0.100.202602081740/tools/bin/../lib/gcc/arm-none-eabi/14.3.1/../../../../arm-none-eabi/lib/thumb/v7e-m+fp/hard\libc_nano.a(libc_a-malloc.o)
                0x0800bad4                malloc
 .text.sbrk_aligned
                0x0800bae4       0x44 C:/ST/STM32CubeIDE_2.1.1/STM32CubeIDE/plugins/com.st.stm32cube.ide.mcu.externaltools.gnu-tools-for-stm32.14.3.rel1.win32_1.0.100.202602081740/tools/bin/../lib/gcc/arm-none-eabi/14.3.1/../../../../arm-none-eabi/lib/thumb/v7e-m+fp/hard\libc_nano.a(libc_a-mallocr.o)
 .text._malloc_r
                0x0800bb28      0x100 C:/ST/STM32CubeIDE_2.1.1/STM32CubeIDE/plugins/com.st.stm32cube.ide.mcu.externaltools.gnu-tools-for-stm32.14.3.rel1.win32_1.0.100.202602081740/tools/bin/../lib/gcc/arm-none-eabi/14.3.1/../../../../arm-none-eabi/lib/thumb/v7e-m+fp/hard\libc_nano.a(libc_a-mallocr.o)
                0x0800bb28                _malloc_r
 .text.__malloc_lock
                0x0800bc28        0xc C:/ST/STM32CubeIDE_2.1.1/STM32CubeIDE/plugins/com.st.stm32cube.ide.mcu.externaltools.gnu-tools-for-stm32.14.3.rel1.win32_1.0.100.202602081740/tools/bin/../lib/gcc/arm-none-eabi/14.3.1/../../../../arm-none-eabi/lib/thumb/v7e-m+fp/hard\libc_nano.a(libc_a-mlock.o)
                0x0800bc28                __malloc_lock
 .text.__malloc_unlock
                0x0800bc34        0xc C:/ST/STM32CubeIDE_2.1.1/STM32CubeIDE/plugins/com.st.stm32cube.ide.mcu.externaltools.gnu-tools-for-stm32.14.3.rel1.win32_1.0.100.202602081740/tools/bin/../lib/gcc/arm-none-eabi/14.3.1/../../../../arm-none-eabi/lib/thumb/v7e-m+fp/hard\libc_nano.a(libc_a-mlock.o)
                0x0800bc34                __malloc_unlock
 .text.__ssputs_r
                0x0800bc40       0xc0 C:/ST/STM32CubeIDE_2.1.1/STM32CubeIDE/plugins/com.st.stm32cube.ide.mcu.externaltools.gnu-tools-for-stm32.14.3.rel1.win32_1.0.100.202602081740/tools/bin/../lib/gcc/arm-none-eabi/14.3.1/../../../../arm-none-eabi/lib/thumb/v7e-m+fp/hard\libc_nano.a(libc_a-nano-svfprintf.o)
                0x0800bc40                __ssputs_r
 .text._svfprintf_r
                0x0800bd00      0x1f0 C:/ST/STM32CubeIDE_2.1.1/STM32CubeIDE/plugins/com.st.stm32cube.ide.mcu.externaltools.gnu-tools-for-stm32.14.3.rel1.win32_1.0.100.202602081740/tools/bin/../lib/gcc/arm-none-eabi/14.3.1/../../../../arm-none-eabi/lib/thumb/v7e-m+fp/hard\libc_nano.a(libc_a-nano-svfprintf.o)
                0x0800bd00                _svfiprintf_r
                0x0800bd00                _svfprintf_r
 .text._printf_common
                0x0800bef0       0xda C:/ST/STM32CubeIDE_2.1.1/STM32CubeIDE/plugins/com.st.stm32cube.ide.mcu.externaltools.gnu-tools-for-stm32.14.3.rel1.win32_1.0.100.202602081740/tools/bin/../lib/gcc/arm-none-eabi/14.3.1/../../../../arm-none-eabi/lib/thumb/v7e-m+fp/hard\libc_nano.a(libc_a-nano-vfprintf_i.o)
                0x0800bef0                _printf_common
 *fill*         0x0800bfca        0x2 
 .text._printf_i
                0x0800bfcc      0x24c C:/ST/STM32CubeIDE_2.1.1/STM32CubeIDE/plugins/com.st.stm32cube.ide.mcu.externaltools.gnu-tools-for-stm32.14.3.rel1.win32_1.0.100.202602081740/tools/bin/../lib/gcc/arm-none-eabi/14.3.1/../../../../arm-none-eabi/lib/thumb/v7e-m+fp/hard\libc_nano.a(libc_a-nano-vfprintf_i.o)
                0x0800bfcc                _printf_i
 .text.__sflush_r
                0x0800c218      0x104 C:/ST/STM32CubeIDE_2.1.1/STM32CubeIDE/plugins/com.st.stm32cube.ide.mcu.externaltools.gnu-tools-for-stm32.14.3.rel1.win32_1.0.100.202602081740/tools/bin/../lib/gcc/arm-none-eabi/14.3.1/../../../../arm-none-eabi/lib/thumb/v7e-m+fp/hard\libc_nano.a(libc_a-fflush.o)
                0x0800c218                __sflush_r
 .text._fflush_r
                0x0800c31c       0x50 C:/ST/STM32CubeIDE_2.1.1/STM32CubeIDE/plugins/com.st.stm32cube.ide.mcu.externaltools.gnu-tools-for-stm32.14.3.rel1.win32_1.0.100.202602081740/tools/bin/../lib/gcc/arm-none-eabi/14.3.1/../../../../arm-none-eabi/lib/thumb/v7e-m+fp/hard\libc_nano.a(libc_a-fflush.o)
                0x0800c31c                _fflush_r
 .text.fprintf  0x0800c36c       0x24 C:/ST/STM32CubeIDE_2.1.1/STM32CubeIDE/plugins/com.st.stm32cube.ide.mcu.externaltools.gnu-tools-for-stm32.14.3.rel1.win32_1.0.100.202602081740/tools/bin/../lib/gcc/arm-none-eabi/14.3.1/../../../../arm-none-eabi/lib/thumb/v7e-m+fp/hard\libc_nano.a(libc_a-fprintf.o)
                0x0800c36c                fiprintf
                0x0800c36c                fprintf
 .text.memmove  0x0800c390       0x32 C:/ST/STM32CubeIDE_2.1.1/STM32CubeIDE/plugins/com.st.stm32cube.ide.mcu.externaltools.gnu-tools-for-stm32.14.3.rel1.win32_1.0.100.202602081740/tools/bin/../lib/gcc/arm-none-eabi/14.3.1/../../../../arm-none-eabi/lib/thumb/v7e-m+fp/hard\libc_nano.a(libc_a-memmove.o)
                0x0800c390                memmove
 *fill*         0x0800c3c2        0x2 
 .text._sbrk_r  0x0800c3c4       0x20 C:/ST/STM32CubeIDE_2.1.1/STM32CubeIDE/plugins/com.st.stm32cube.ide.mcu.externaltools.gnu-tools-for-stm32.14.3.rel1.win32_1.0.100.202602081740/tools/bin/../lib/gcc/arm-none-eabi/14.3.1/../../../../arm-none-eabi/lib/thumb/v7e-m+fp/hard\libc_nano.a(libc_a-sbrkr.o)
                0x0800c3c4                _sbrk_r
 .text.abort    0x0800c3e4        0xe C:/ST/STM32CubeIDE_2.1.1/STM32CubeIDE/plugins/com.st.stm32cube.ide.mcu.externaltools.gnu-tools-for-stm32.14.3.rel1.win32_1.0.100.202602081740/tools/bin/../lib/gcc/arm-none-eabi/14.3.1/../../../../arm-none-eabi/lib/thumb/v7e-m+fp/hard\libc_nano.a(libc_a-abort.o)
                0x0800c3e4                abort
 .text._realloc_r
                0x0800c3f2       0x5c C:/ST/STM32CubeIDE_2.1.1/STM32CubeIDE/plugins/com.st.stm32cube.ide.mcu.externaltools.gnu-tools-for-stm32.14.3.rel1.win32_1.0.100.202602081740/tools/bin/../lib/gcc/arm-none-eabi/14.3.1/../../../../arm-none-eabi/lib/thumb/v7e-m+fp/hard\libc_nano.a(libc_a-reallocr.o)
                0x0800c3f2                _realloc_r
 .text.__sfputc_r
                0x0800c44e       0x2e C:/ST/STM32CubeIDE_2.1.1/STM32CubeIDE/plugins/com.st.stm32cube.ide.mcu.externaltools.gnu-tools-for-stm32.14.3.rel1.win32_1.0.100.202602081740/tools/bin/../lib/gcc/arm-none-eabi/14.3.1/../../../../arm-none-eabi/lib/thumb/v7e-m+fp/hard\libc_nano.a(libc_a-nano-vfprintf.o)
 .text.__sfputs_r
                0x0800c47c       0x24 C:/ST/STM32CubeIDE_2.1.1/STM32CubeIDE/plugins/com.st.stm32cube.ide.mcu.externaltools.gnu-tools-for-stm32.14.3.rel1.win32_1.0.100.202602081740/tools/bin/../lib/gcc/arm-none-eabi/14.3.1/../../../../arm-none-eabi/lib/thumb/v7e-m+fp/hard\libc_nano.a(libc_a-nano-vfprintf.o)
                0x0800c47c                __sfputs_r
 .text._vfprintf_r
                0x0800c4a0      0x228 C:/ST/STM32CubeIDE_2.1.1/STM32CubeIDE/plugins/com.st.stm32cube.ide.mcu.externaltools.gnu-tools-for-stm32.14.3.rel1.win32_1.0.100.202602081740/tools/bin/../lib/gcc/arm-none-eabi/14.3.1/../../../../arm-none-eabi/lib/thumb/v7e-m+fp/hard\libc_nano.a(libc_a-nano-vfprintf.o)
                0x0800c4a0                _vfprintf_r
                0x0800c4a0                _vfiprintf_r
 .text.__swbuf_r
                0x0800c6c8       0x7c C:/ST/STM32CubeIDE_2.1.1/STM32CubeIDE/plugins/com.st.stm32cube.ide.mcu.externaltools.gnu-tools-for-stm32.14.3.rel1.win32_1.0.100.202602081740/tools/bin/../lib/gcc/arm-none-eabi/14.3.1/../../../../arm-none-eabi/lib/thumb/v7e-m+fp/hard\libc_nano.a(libc_a-wbuf.o)
                0x0800c6c8                __swbuf_r
 .text.__swsetup_r
                0x0800c744       0xa8 C:/ST/STM32CubeIDE_2.1.1/STM32CubeIDE/plugins/com.st.stm32cube.ide.mcu.externaltools.gnu-tools-for-stm32.14.3.rel1.win32_1.0.100.202602081740/tools/bin/../lib/gcc/arm-none-eabi/14.3.1/../../../../arm-none-eabi/lib/thumb/v7e-m+fp/hard\libc_nano.a(libc_a-wsetup.o)
                0x0800c744                __swsetup_r
 .text._raise_r
                0x0800c7ec       0x50 C:/ST/STM32CubeIDE_2.1.1/STM32CubeIDE/plugins/com.st.stm32cube.ide.mcu.externaltools.gnu-tools-for-stm32.14.3.rel1.win32_1.0.100.202602081740/tools/bin/../lib/gcc/arm-none-eabi/14.3.1/../../../../arm-none-eabi/lib/thumb/v7e-m+fp/hard\libc_nano.a(libc_a-signal.o)
                0x0800c7ec                _raise_r
 .text.raise    0x0800c83c       0x10 C:/ST/STM32CubeIDE_2.1.1/STM32CubeIDE/plugins/com.st.stm32cube.ide.mcu.externaltools.gnu-tools-for-stm32.14.3.rel1.win32_1.0.100.202602081740/tools/bin/../lib/gcc/arm-none-eabi/14.3.1/../../../../arm-none-eabi/lib/thumb/v7e-m+fp/hard\libc_nano.a(libc_a-signal.o)
                0x0800c83c                raise
 .text._kill_r  0x0800c84c       0x24 C:/ST/STM32CubeIDE_2.1.1/STM32CubeIDE/plugins/com.st.stm32cube.ide.mcu.externaltools.gnu-tools-for-stm32.14.3.rel1.win32_1.0.100.202602081740/tools/bin/../lib/gcc/arm-none-eabi/14.3.1/../../../../arm-none-eabi/lib/thumb/v7e-m+fp/hard\libc_nano.a(libc_a-signalr.o)
                0x0800c84c                _kill_r
 .text._getpid_r
                0x0800c870        0x4 C:/ST/STM32CubeIDE_2.1.1/STM32CubeIDE/plugins/com.st.stm32cube.ide.mcu.externaltools.gnu-tools-for-stm32.14.3.rel1.win32_1.0.100.202602081740/tools/bin/../lib/gcc/arm-none-eabi/14.3.1/../../../../arm-none-eabi/lib/thumb/v7e-m+fp/hard\libc_nano.a(libc_a-signalr.o)
                0x0800c870                _getpid_r
 .text._malloc_usable_size_r
                0x0800c874       0x10 C:/ST/STM32CubeIDE_2.1.1/STM32CubeIDE/plugins/com.st.stm32cube.ide.mcu.externaltools.gnu-tools-for-stm32.14.3.rel1.win32_1.0.100.202602081740/tools/bin/../lib/gcc/arm-none-eabi/14.3.1/../../../../arm-none-eabi/lib/thumb/v7e-m+fp/hard\libc_nano.a(libc_a-msizer.o)
                0x0800c874                _malloc_usable_size_r
 .text.__swhatbuf_r
                0x0800c884       0x48 C:/ST/STM32CubeIDE_2.1.1/STM32CubeIDE/plugins/com.st.stm32cube.ide.mcu.externaltools.gnu-tools-for-stm32.14.3.rel1.win32_1.0.100.202602081740/tools/bin/../lib/gcc/arm-none-eabi/14.3.1/../../../../arm-none-eabi/lib/thumb/v7e-m+fp/hard\libc_nano.a(libc_a-makebuf.o)
                0x0800c884                __swhatbuf_r
 .text.__smakebuf_r
                0x0800c8cc       0x72 C:/ST/STM32CubeIDE_2.1.1/STM32CubeIDE/plugins/com.st.stm32cube.ide.mcu.externaltools.gnu-tools-for-stm32.14.3.rel1.win32_1.0.100.202602081740/tools/bin/../lib/gcc/arm-none-eabi/14.3.1/../../../../arm-none-eabi/lib/thumb/v7e-m+fp/hard\libc_nano.a(libc_a-makebuf.o)
                0x0800c8cc                __smakebuf_r
 *fill*         0x0800c93e        0x2 
 .text._fstat_r
                0x0800c940       0x24 C:/ST/STM32CubeIDE_2.1.1/STM32CubeIDE/plugins/com.st.stm32cube.ide.mcu.externaltools.gnu-tools-for-stm32.14.3.rel1.win32_1.0.100.202602081740/tools/bin/../lib/gcc/arm-none-eabi/14.3.1/../../../../arm-none-eabi/lib/thumb/v7e-m+fp/hard\libc_nano.a(libc_a-fstatr.o)
                0x0800c940                _fstat_r
 .text._isatty_r
                0x0800c964       0x20 C:/ST/STM32CubeIDE_2.1.1/STM32CubeIDE/plugins/com.st.stm32cube.ide.mcu.externaltools.gnu-tools-for-stm32.14.3.rel1.win32_1.0.100.202602081740/tools/bin/../lib/gcc/arm-none-eabi/14.3.1/../../../../arm-none-eabi/lib/thumb/v7e-m+fp/hard\libc_nano.a(libc_a-isattyr.o)
                0x0800c964                _isatty_r
 *(.glue_7)
 .glue_7        0x0800c984        0x0 linker stubs
 *(.glue_7t)
 .glue_7t       0x0800c984        0x0 linker stubs
 *(.eh_frame)
 .eh_frame      0x0800c984        0x0 C:/ST/STM32CubeIDE_2.1.1/STM32CubeIDE/plugins/com.st.stm32cube.ide.mcu.externaltools.gnu-tools-for-stm32.14.3.rel1.win32_1.0.100.202602081740/tools/bin/../lib/gcc/arm-none-eabi/14.3.1/thumb/v7e-m+fp/hard/crtbegin.o
 *(.init)
 .init          0x0800c984        0x4 C:/ST/STM32CubeIDE_2.1.1/STM32CubeIDE/plugins/com.st.stm32cube.ide.mcu.externaltools.gnu-tools-for-stm32.14.3.rel1.win32_1.0.100.202602081740/tools/bin/../lib/gcc/arm-none-eabi/14.3.1/thumb/v7e-m+fp/hard/crti.o
                0x0800c984                _init
 .init          0x0800c988        0x8 C:/ST/STM32CubeIDE_2.1.1/STM32CubeIDE/plugins/com.st.stm32cube.ide.mcu.externaltools.gnu-tools-for-stm32.14.3.rel1.win32_1.0.100.202602081740/tools/bin/../lib/gcc/arm-none-eabi/14.3.1/thumb/v7e-m+fp/hard/crtn.o
 *(.fini)
 .fini          0x0800c990        0x4 C:/ST/STM32CubeIDE_2.1.1/STM32CubeIDE/plugins/com.st.stm32cube.ide.mcu.externaltools.gnu-tools-for-stm32.14.3.rel1.win32_1.0.100.202602081740/tools/bin/../lib/gcc/arm-none-eabi/14.3.1/thumb/v7e-m+fp/hard/crti.o
                0x0800c990                _fini
 .fini          0x0800c994        0x8 C:/ST/STM32CubeIDE_2.1.1/STM32CubeIDE/plugins/com.st.stm32cube.ide.mcu.externaltools.gnu-tools-for-stm32.14.3.rel1.win32_1.0.100.202602081740/tools/bin/../lib/gcc/arm-none-eabi/14.3.1/thumb/v7e-m+fp/hard/crtn.o
                0x0800c99c                        . = ALIGN (0x4)
                0x0800c99c                        _etext = .

.vfp11_veneer   0x0800c99c        0x0
 .vfp11_veneer  0x0800c99c        0x0 linker stubs

.v4_bx          0x0800c99c        0x0
 .v4_bx         0x0800c99c        0x0 linker stubs

.iplt           0x0800c99c        0x0
 .iplt          0x0800c99c        0x0 C:/ST/STM32CubeIDE_2.1.1/STM32CubeIDE/plugins/com.st.stm32cube.ide.mcu.externaltools.gnu-tools-for-stm32.14.3.rel1.win32_1.0.100.202602081740/tools/bin/../lib/gcc/arm-none-eabi/14.3.1/thumb/v7e-m+fp/hard/crtbegin.o

.rodata         0x0800c99c     0x3d94
                0x0800c99c                        . = ALIGN (0x4)
 *(.rodata)
 .rodata        0x0800c99c      0x25d ./Core/Src/main.o
 *fill*         0x0800cbf9        0x3 
 .rodata        0x0800cbfc        0x5 ./Middlewares/Third_Party/FreeRTOS/Source/tasks.o
 *(.rodata*)
 *fill*         0x0800cc01        0x3 
 .rodata.Font12_Table
                0x0800cc04      0x474 ./Core/Src/main.o
                0x0800cc04                Font12_Table
 .rodata.Font16_Table
                0x0800d078      0xbe0 ./Core/Src/main.o
                0x0800d078                Font16_Table
 .rodata.Font20_Table
                0x0800dc58      0xed8 ./Core/Src/main.o
                0x0800dc58                Font20_Table
 .rodata.Font24_Table
                0x0800eb30     0x1ab8 ./Core/Src/main.o
                0x0800eb30                Font24_Table
 .rodata.difficultySpeeds
                0x080105e8        0xc ./Core/Src/main.o
 .rodata.difficultyMinSpeeds
                0x080105f4        0xc ./Core/Src/main.o
 .rodata.difficultyStepMs
                0x08010600        0xc ./Core/Src/main.o
 .rodata.difficultyNames
                0x0801060c        0xc ./Core/Src/main.o
 .rodata.snakeColors
                0x08010618        0xa ./Core/Src/main.o
 *fill*         0x08010622        0x2 
 .rodata.snakeColorNames
                0x08010624       0x14 ./Core/Src/main.o
 .rodata.AHBPrescTable
                0x08010638       0x10 ./Core/Src/system_stm32f4xx.o
                0x08010638                AHBPrescTable
 .rodata.APBPrescTable
                0x08010648        0x8 ./Core/Src/system_stm32f4xx.o
                0x08010648                APBPrescTable
 .rodata.srand.str1.1
                0x08010650       0xde C:/ST/STM32CubeIDE_2.1.1/STM32CubeIDE/plugins/com.st.stm32cube.ide.mcu.externaltools.gnu-tools-for-stm32.14.3.rel1.win32_1.0.100.202602081740/tools/bin/../lib/gcc/arm-none-eabi/14.3.1/../../../../arm-none-eabi/lib/thumb/v7e-m+fp/hard\libc_nano.a(libc_a-rand.o)
                                 0x6f (size before relaxing)
 .rodata.__assert_func.str1.1
                0x0801072e       0x3d C:/ST/STM32CubeIDE_2.1.1/STM32CubeIDE/plugins/com.st.stm32cube.ide.mcu.externaltools.gnu-tools-for-stm32.14.3.rel1.win32_1.0.100.202602081740/tools/bin/../lib/gcc/arm-none-eabi/14.3.1/../../../../arm-none-eabi/lib/thumb/v7e-m+fp/hard\libc_nano.a(libc_a-assert.o)
 .rodata._svfprintf_r.str1.1
                0x0801072e       0x11 C:/ST/STM32CubeIDE_2.1.1/STM32CubeIDE/plugins/com.st.stm32cube.ide.mcu.externaltools.gnu-tools-for-stm32.14.3.rel1.win32_1.0.100.202602081740/tools/bin/../lib/gcc/arm-none-eabi/14.3.1/../../../../arm-none-eabi/lib/thumb/v7e-m+fp/hard\libc_nano.a(libc_a-nano-svfprintf.o)
 .rodata._printf_i.str1.1
                0x0801072e       0x22 C:/ST/STM32CubeIDE_2.1.1/STM32CubeIDE/plugins/com.st.stm32cube.ide.mcu.externaltools.gnu-tools-for-stm32.14.3.rel1.win32_1.0.100.202602081740/tools/bin/../lib/gcc/arm-none-eabi/14.3.1/../../../../arm-none-eabi/lib/thumb/v7e-m+fp/hard\libc_nano.a(libc_a-nano-vfprintf_i.o)
 .rodata._vfprintf_r.str1.1
                0x0801072e       0x11 C:/ST/STM32CubeIDE_2.1.1/STM32CubeIDE/plugins/com.st.stm32cube.ide.mcu.externaltools.gnu-tools-for-stm32.14.3.rel1.win32_1.0.100.202602081740/tools/bin/../lib/gcc/arm-none-eabi/14.3.1/../../../../arm-none-eabi/lib/thumb/v7e-m+fp/hard\libc_nano.a(libc_a-nano-vfprintf.o)
                0x0801076c                        . = ALIGN (0x4)
 *fill*         0x0801072e        0x2 

.ARM.extab      0x08010730        0x0
                0x08010730                        . = ALIGN (0x4)
 *(.ARM.extab* .gnu.linkonce.armextab.*)
                0x08010730                        . = ALIGN (0x4)

.ARM            0x08010730        0x8
                0x08010730                        . = ALIGN (0x4)
                0x08010730                        __exidx_start = .
 *(.ARM.exidx*)
 .ARM.exidx     0x08010730        0x8 C:/ST/STM32CubeIDE_2.1.1/STM32CubeIDE/plugins/com.st.stm32cube.ide.mcu.externaltools.gnu-tools-for-stm32.14.3.rel1.win32_1.0.100.202602081740/tools/bin/../lib/gcc/arm-none-eabi/14.3.1/../../../../arm-none-eabi/lib/thumb/v7e-m+fp/hard\libc_nano.a(libc_a-memchr.o)
 .ARM.exidx     0x08010738        0x0 C:/ST/STM32CubeIDE_2.1.1/STM32CubeIDE/plugins/com.st.stm32cube.ide.mcu.externaltools.gnu-tools-for-stm32.14.3.rel1.win32_1.0.100.202602081740/tools/bin/../lib/gcc/arm-none-eabi/14.3.1/thumb/v7e-m+fp/hard\libgcc.a(_udivmoddi4.o)
                                  0x8 (size before relaxing)
                0x08010738                        __exidx_end = .
                0x08010738                        . = ALIGN (0x4)

.preinit_array  0x08010738        0x0
                0x08010738                        . = ALIGN (0x4)
                0x08010738                        PROVIDE (__preinit_array_start = .)
 *(.preinit_array*)
                0x08010738                        PROVIDE (__preinit_array_end = .)
                0x08010738                        . = ALIGN (0x4)

.init_array     0x08010738        0x4
                0x08010738                        . = ALIGN (0x4)
                0x08010738                        PROVIDE (__init_array_start = .)
 *(SORT_BY_NAME(.init_array.*))
 *(.init_array*)
 .init_array    0x08010738        0x4 C:/ST/STM32CubeIDE_2.1.1/STM32CubeIDE/plugins/com.st.stm32cube.ide.mcu.externaltools.gnu-tools-for-stm32.14.3.rel1.win32_1.0.100.202602081740/tools/bin/../lib/gcc/arm-none-eabi/14.3.1/thumb/v7e-m+fp/hard/crtbegin.o
                0x0801073c                        PROVIDE (__init_array_end = .)
                0x0801073c                        . = ALIGN (0x4)

.fini_array     0x0801073c        0x4
                0x0801073c                        . = ALIGN (0x4)
                [!provide]                        PROVIDE (__fini_array_start = .)
 *(SORT_BY_NAME(.fini_array.*))
 *(.fini_array*)
 .fini_array    0x0801073c        0x4 C:/ST/STM32CubeIDE_2.1.1/STM32CubeIDE/plugins/com.st.stm32cube.ide.mcu.externaltools.gnu-tools-for-stm32.14.3.rel1.win32_1.0.100.202602081740/tools/bin/../lib/gcc/arm-none-eabi/14.3.1/thumb/v7e-m+fp/hard/crtbegin.o
                [!provide]                        PROVIDE (__fini_array_end = .)
                0x08010740                        . = ALIGN (0x4)
                0x08010740                        _sidata = LOADADDR (.data)

.rel.dyn        0x08010740        0x0
 .rel.iplt      0x08010740        0x0 C:/ST/STM32CubeIDE_2.1.1/STM32CubeIDE/plugins/com.st.stm32cube.ide.mcu.externaltools.gnu-tools-for-stm32.14.3.rel1.win32_1.0.100.202602081740/tools/bin/../lib/gcc/arm-none-eabi/14.3.1/thumb/v7e-m+fp/hard/crtbegin.o

.data           0x20000000      0x10c load address 0x08010740
                0x20000000                        . = ALIGN (0x4)
                0x20000000                        _sdata = .
 *(.data)
 *(.data*)
 .data.Font12   0x20000000        0x8 ./Core/Src/main.o
                0x20000000                Font12
 .data.Font16   0x20000008        0x8 ./Core/Src/main.o
                0x20000008                Font16
 .data.Font20   0x20000010        0x8 ./Core/Src/main.o
                0x20000010                Font20
 .data.Font24   0x20000018        0x8 ./Core/Src/main.o
                0x20000018                Font24
 .data.joyXCenter
                0x20000020        0x2 ./Core/Src/main.o
 .data.joyYCenter
                0x20000022        0x2 ./Core/Src/main.o
 .data.gameSpeed
                0x20000024        0x4 ./Core/Src/main.o
                0x20000024                gameSpeed
 .data.snakeDir
                0x20000028        0x4 ./Core/Src/main.o
                0x20000028                snakeDir
 .data.lastAppliedDir
                0x2000002c        0x4 ./Core/Src/main.o
                0x2000002c                lastAppliedDir
 .data.snakeLength
                0x20000030        0x4 ./Core/Src/main.o
                0x20000030                snakeLength
 .data.currentMap
                0x20000034        0x4 ./Core/Src/main.o
                0x20000034                currentMap
 .data.lastEatenFoodSlot
                0x20000038        0x4 ./Core/Src/main.o
                0x20000038                lastEatenFoodSlot
 .data.difficulty
                0x2000003c        0x4 ./Core/Src/main.o
                0x2000003c                difficulty
 .data.SystemCoreClock
                0x20000040        0x4 ./Core/Src/system_stm32f4xx.o
                0x20000040                SystemCoreClock
 .data.ili9341_drv
                0x20000044       0x38 ./Drivers/BSP/Components/ili9341/ili9341.o
                0x20000044                ili9341_drv
 .data.stmpe811_ts_drv
                0x2000007c       0x28 ./Drivers/BSP/Components/stmpe811/stmpe811.o
                0x2000007c                stmpe811_ts_drv
 .data.uwTickPrio
                0x200000a4        0x4 ./Drivers/STM32F4xx_HAL_Driver/Src/stm32f4xx_hal.o
                0x200000a4                uwTickPrio
 .data.uwTickFreq
                0x200000a8        0x1 ./Drivers/STM32F4xx_HAL_Driver/Src/stm32f4xx_hal.o
                0x200000a8                uwTickFreq
 *fill*         0x200000a9        0x3 
 .data.uxCriticalNesting
                0x200000ac        0x4 ./Middlewares/Third_Party/FreeRTOS/Source/portable/GCC/ARM_CM4F/port.o
 .data.__sglue  0x200000b0        0xc C:/ST/STM32CubeIDE_2.1.1/STM32CubeIDE/plugins/com.st.stm32cube.ide.mcu.externaltools.gnu-tools-for-stm32.14.3.rel1.win32_1.0.100.202602081740/tools/bin/../lib/gcc/arm-none-eabi/14.3.1/../../../../arm-none-eabi/lib/thumb/v7e-m+fp/hard\libc_nano.a(libc_a-findfp.o)
                0x200000b0                __sglue
 .data._impure_ptr
                0x200000bc        0x4 C:/ST/STM32CubeIDE_2.1.1/STM32CubeIDE/plugins/com.st.stm32cube.ide.mcu.externaltools.gnu-tools-for-stm32.14.3.rel1.win32_1.0.100.202602081740/tools/bin/../lib/gcc/arm-none-eabi/14.3.1/../../../../arm-none-eabi/lib/thumb/v7e-m+fp/hard\libc_nano.a(libc_a-impure.o)
                0x200000bc                _impure_ptr
 .data._impure_data
                0x200000c0       0x4c C:/ST/STM32CubeIDE_2.1.1/STM32CubeIDE/plugins/com.st.stm32cube.ide.mcu.externaltools.gnu-tools-for-stm32.14.3.rel1.win32_1.0.100.202602081740/tools/bin/../lib/gcc/arm-none-eabi/14.3.1/../../../../arm-none-eabi/lib/thumb/v7e-m+fp/hard\libc_nano.a(libc_a-impure.o)
                0x200000c0                _impure_data
 *(.RamFunc)
 *(.RamFunc*)
                0x2000010c                        . = ALIGN (0x4)
                0x2000010c                        _edata = .
                0x0801084c                        _siccmram = LOADADDR (.ccmram)

.igot.plt       0x2000010c        0x0 load address 0x0801084c
 .igot.plt      0x2000010c        0x0 C:/ST/STM32CubeIDE_2.1.1/STM32CubeIDE/plugins/com.st.stm32cube.ide.mcu.externaltools.gnu-tools-for-stm32.14.3.rel1.win32_1.0.100.202602081740/tools/bin/../lib/gcc/arm-none-eabi/14.3.1/thumb/v7e-m+fp/hard/crtbegin.o

.ccmram         0x10000000        0x0 load address 0x0801084c
                0x10000000                        . = ALIGN (0x4)
                0x10000000                        _sccmram = .
 *(.ccmram)
 *(.ccmram*)
                0x10000000                        . = ALIGN (0x4)
                0x10000000                        _eccmram = .
                0x10000000                        . = ALIGN (0x4)

.bss            0x2000010c     0x6684
                0x2000010c                        _sbss = .
                0x2000010c                        __bss_start__ = _sbss
 *(.bss)
 .bss           0x2000010c       0x1c C:/ST/STM32CubeIDE_2.1.1/STM32CubeIDE/plugins/com.st.stm32cube.ide.mcu.externaltools.gnu-tools-for-stm32.14.3.rel1.win32_1.0.100.202602081740/tools/bin/../lib/gcc/arm-none-eabi/14.3.1/thumb/v7e-m+fp/hard/crtbegin.o
 *(.bss*)
 .bss.hi2c3     0x20000128       0x54 ./Core/Src/main.o
                0x20000128                hi2c3
 .bss.hltdc     0x2000017c       0xa8 ./Core/Src/main.o
                0x2000017c                hltdc
 .bss.hspi5     0x20000224       0x58 ./Core/Src/main.o
                0x20000224                hspi5
 .bss.hsdram1   0x2000027c       0x34 ./Core/Src/main.o
                0x2000027c                hsdram1
 .bss.htim6     0x200002b0       0x48 ./Core/Src/main.o
                0x200002b0                htim6
 .bss.hadc1     0x200002f8       0x48 ./Core/Src/main.o
                0x200002f8                hadc1
 .bss.hadc2     0x20000340       0x48 ./Core/Src/main.o
                0x20000340                hadc2
 .bss.requestJoyRecalibrate
                0x20000388        0x1 ./Core/Src/main.o
                0x20000388                requestJoyRecalibrate
 *fill*         0x20000389        0x3 
 .bss.gameStatus
                0x2000038c        0x4 ./Core/Src/main.o
                0x2000038c                gameStatus
 .bss.score     0x20000390        0x4 ./Core/Src/main.o
                0x20000390                score
 .bss.highScore
                0x20000394        0x4 ./Core/Src/main.o
                0x20000394                highScore
 .bss.highScoreDirty
                0x20000398        0x1 ./Core/Src/main.o
                0x20000398                highScoreDirty
 *fill*         0x20000399        0x3 
 .bss.snakeX    0x2000039c      0x900 ./Core/Src/main.o
                0x2000039c                snakeX
 .bss.snakeY    0x20000c9c      0x900 ./Core/Src/main.o
                0x20000c9c                snakeY
 .bss.tailX     0x2000159c        0x4 ./Core/Src/main.o
                0x2000159c                tailX
 .bss.tailY     0x200015a0        0x4 ./Core/Src/main.o
                0x200015a0                tailY
 .bss.foodX     0x200015a4        0xc ./Core/Src/main.o
                0x200015a4                foodX
 .bss.foodY     0x200015b0        0xc ./Core/Src/main.o
                0x200015b0                foodY
 .bss.foodType  0x200015bc        0xc ./Core/Src/main.o
                0x200015bc                foodType
 .bss.foodActive
                0x200015c8        0x3 ./Core/Src/main.o
                0x200015c8                foodActive
 *fill*         0x200015cb        0x1 
 .bss.foodTicksLeft
                0x200015cc        0xc ./Core/Src/main.o
                0x200015cc                foodTicksLeft
 .bss.pendingClearX
                0x200015d8       0x14 ./Core/Src/main.o
                0x200015d8                pendingClearX
 .bss.pendingClearY
                0x200015ec       0x14 ./Core/Src/main.o
                0x200015ec                pendingClearY
 .bss.pendingClearCount
                0x20001600        0x4 ./Core/Src/main.o
                0x20001600                pendingClearCount
 .bss.currentColorIdx
                0x20001604        0x4 ./Core/Src/main.o
                0x20001604                currentColorIdx
 .bss.speedBoostTicks
                0x20001608        0x4 ./Core/Src/main.o
                0x20001608                speedBoostTicks
 .bss.pendingSound
                0x2000160c        0x1 ./Core/Src/main.o
 *fill*         0x2000160d        0x3 
 .bss.countdownValue
                0x20001610        0x4 ./Core/Src/main.o
 .bss.countdownNextTick
                0x20001614        0x4 ./Core/Src/main.o
 .bss.savedGameAvailable
                0x20001618        0x1 ./Core/Src/main.o
 *fill*         0x20001619        0x3 
 .bss.gameTaskHandle
                0x2000161c        0x4 ./Core/Src/main.o
                0x2000161c                gameTaskHandle
 .bss.displayTaskHandle
                0x20001620        0x4 ./Core/Src/main.o
                0x20001620                displayTaskHandle
 .bss.inputTaskHandle
                0x20001624        0x4 ./Core/Src/main.o
                0x20001624                inputTaskHandle
 .bss.soundTaskHandle
                0x20001628        0x4 ./Core/Src/main.o
                0x20001628                soundTaskHandle
 .bss.gameMutexHandle
                0x2000162c        0x4 ./Core/Src/main.o
                0x2000162c                gameMutexHandle
 .bss.TS_State  0x20001630        0x8 ./Core/Src/main.o
                0x20001630                TS_State
 .bss.LcdDrv    0x20001638        0x4 ./Core/Src/main.o
                0x20001638                LcdDrv
 .bss.TsDrv     0x2000163c        0x4 ./Core/Src/main.o
                0x2000163c                TsDrv
 .bss.TsXBoundary
                0x20001640        0x2 ./Core/Src/main.o
 .bss.TsYBoundary
                0x20001642        0x2 ./Core/Src/main.o
 .bss.persistBuffer
                0x20001644     0x127c ./Core/Src/main.o
 .bss._x.1      0x200028c0        0x4 ./Core/Src/main.o