../Core/Src/main.c:97:20:LCD_DrawPixel	16	static
../Core/Src/main.c:103:13:LCD_FillRect	32	static
../Core/Src/main.c:110:13:LCD_Clear	24	static
../Core/Src/main.c:123:6:LCD_DrawChar	48	static
../Core/Src/main.c:152:6:LCD_DrawString	32	static
../Core/Src/main.c:162:5:isObstacle	16	static
../Core/Src/main.c:211:6:drawMap	40	static
../Core/Src/main.c:233:6:drawControlPanel	64	static
../Core/Src/main.c:273:6:drawMenuScreen	40	static
../Core/Src/main.c:297:6:drawGameOverScreen	56	static
../Core/Src/main.c:326:6:LCD_IO_Init	4	static
../Core/Src/main.c:330:6:LCD_IO_WriteData	16	static
../Core/Src/main.c:336:6:LCD_IO_WriteReg	24	static
../Core/Src/main.c:343:10:LCD_IO_ReadData	24	static
../Core/Src/main.c:353:6:LCD_Delay	16	static
../Core/Src/main.c:355:6:IOE_Init	4	static
../Core/Src/main.c:356:6:IOE_ITConfig	4	static
../Core/Src/main.c:357:6:IOE_Delay	16	static
../Core/Src/main.c:358:6:IOE_Write	32	static
../Core/Src/main.c:361:9:IOE_Read	40	static
../Core/Src/main.c:366:10:IOE_ReadMultiple	32	static
../Core/Src/main.c:372:6:spawnFood	24	static
../Core/Src/main.c:390:6:moveSnake	16	static
../Core/Src/main.c:405:6:resetGame	16	static
../Core/Src/main.c:420:5:checkCollision	16	static
../Core/Src/main.c:435:5:main	96	static
../Core/Src/main.c:486:6:StartGameTask	24	static
../Core/Src/main.c:519:6:StartDisplayTask	80	static
../Core/Src/main.c:603:6:StartInputTask	24	static
../Core/Src/main.c:687:6:SystemClock_Config	88	static
../Core/Src/main.c:726:13:MX_I2C3_Init	8	static
../Core/Src/main.c:736:13:MX_SPI5_Init	8	static
../Core/Src/main.c:750:13:MX_LTDC_Init	64	static
../Core/Src/main.c:791:13:MX_FMC_Init	40	static
../Core/Src/main.c:816:13:BSP_SDRAM_Initialization_Sequence	24	static
../Core/Src/main.c:847:9:BSP_TS_Init	24	static
../Core/Src/main.c:867:6:BSP_TS_GetState	32	static
../Core/Src/main.c:918:13:MX_GPIO_Init	64	static
../Core/Src/main.c:949:6:Error_Handler	16	static,ignoring_inline_asm
