../Core/Src/main.c:172:20:LCD_DrawPixel	16	static
../Core/Src/main.c:178:13:LCD_FillRect	32	static
../Core/Src/main.c:185:13:LCD_Clear	24	static
../Core/Src/main.c:192:6:LCD_DrawChar	48	static
../Core/Src/main.c:221:6:LCD_DrawString	32	static
../Core/Src/main.c:231:5:isObstacle	16	static
../Core/Src/main.c:286:6:drawMap	40	static
../Core/Src/main.c:317:6:drawControlPanel	72	static
../Core/Src/main.c:367:6:drawMenuScreen	96	static
../Core/Src/main.c:411:6:drawHelpScreen	16	static
../Core/Src/main.c:440:6:drawPausedOverlay	24	static
../Core/Src/main.c:454:6:drawGameOverScreen	56	static
../Core/Src/main.c:483:6:LCD_IO_Init	4	static
../Core/Src/main.c:487:6:LCD_IO_WriteData	16	static
../Core/Src/main.c:493:6:LCD_IO_WriteReg	24	static
../Core/Src/main.c:500:10:LCD_IO_ReadData	24	static
../Core/Src/main.c:510:6:LCD_Delay	16	static
../Core/Src/main.c:512:6:IOE_Init	4	static
../Core/Src/main.c:513:6:IOE_ITConfig	4	static
../Core/Src/main.c:514:6:IOE_Delay	16	static
../Core/Src/main.c:515:6:IOE_Write	32	static
../Core/Src/main.c:518:9:IOE_Read	40	static
../Core/Src/main.c:523:10:IOE_ReadMultiple	32	static
../Core/Src/main.c:529:13:QueueClear	16	static
../Core/Src/main.c:540:6:spawnFoodAt	40	static
../Core/Src/main.c:580:6:moveSnake	16	static
../Core/Src/main.c:606:6:resetGame	24	static
../Core/Src/main.c:629:5:checkCollision	16	static
../Core/Src/main.c:649:5:main	96	static
../Core/Src/main.c:704:6:StartGameTask	56	static
../Core/Src/main.c:800:6:StartDisplayTask	160	static
../Core/Src/main.c:938:6:StartInputTask	32	static
../Core/Src/main.c:1156:6:SystemClock_Config	88	static
../Core/Src/main.c:1195:13:MX_I2C3_Init	8	static
../Core/Src/main.c:1205:13:MX_SPI5_Init	8	static
../Core/Src/main.c:1219:13:MX_LTDC_Init	64	static
../Core/Src/main.c:1260:13:MX_ADC1_Init	24	static
../Core/Src/main.c:1289:13:MX_ADC2_Init	24	static
../Core/Src/main.c:1318:13:MX_FMC_Init	40	static
../Core/Src/main.c:1343:13:BSP_SDRAM_Initialization_Sequence	24	static
../Core/Src/main.c:1374:9:BSP_TS_Init	24	static
../Core/Src/main.c:1394:6:BSP_TS_GetState	32	static
../Core/Src/main.c:1457:13:Flash_LoadHighScore	16	static
../Core/Src/main.c:1463:13:Flash_SaveHighScore	48	static
../Core/Src/main.c:1484:17:ADC_ReadChannel	24	static
../Core/Src/main.c:1498:13:JoystickCalibrateCenter	8	static
../Core/Src/main.c:1505:12:ReadJoystickDirection	16	static
../Core/Src/main.c:1517:13:MX_GPIO_Init	64	static
../Core/Src/main.c:1557:6:Error_Handler	16	static,ignoring_inline_asm
