../Core/Src/main.c:209:20:LCD_DrawPixel	16	static
../Core/Src/main.c:215:13:LCD_FillRect	32	static
../Core/Src/main.c:222:13:LCD_Clear	24	static
../Core/Src/main.c:229:6:LCD_DrawChar	48	static
../Core/Src/main.c:258:6:LCD_DrawString	32	static
../Core/Src/main.c:268:5:isObstacle	16	static
../Core/Src/main.c:323:6:drawMap	40	static
../Core/Src/main.c:354:6:drawControlPanel	72	static
../Core/Src/main.c:399:6:drawMenuScreen	96	static
../Core/Src/main.c:441:6:drawHelpScreen	16	static
../Core/Src/main.c:470:6:drawPausedOverlay	24	static
../Core/Src/main.c:484:6:drawCountdown	32	static
../Core/Src/main.c:496:6:drawGameOverScreen	56	static
../Core/Src/main.c:525:6:LCD_IO_Init	4	static
../Core/Src/main.c:529:6:LCD_IO_WriteData	16	static
../Core/Src/main.c:535:6:LCD_IO_WriteReg	24	static
../Core/Src/main.c:542:10:LCD_IO_ReadData	24	static
../Core/Src/main.c:552:6:LCD_Delay	16	static
../Core/Src/main.c:554:6:IOE_Init	4	static
../Core/Src/main.c:555:6:IOE_ITConfig	4	static
../Core/Src/main.c:556:6:IOE_Delay	16	static
../Core/Src/main.c:557:6:IOE_Write	32	static
../Core/Src/main.c:560:9:IOE_Read	40	static
../Core/Src/main.c:565:10:IOE_ReadMultiple	32	static
../Core/Src/main.c:571:13:QueueClear	16	static
../Core/Src/main.c:582:6:spawnFoodAt	40	static
../Core/Src/main.c:622:6:moveSnake	16	static
../Core/Src/main.c:650:6:resetGame	24	static
../Core/Src/main.c:673:13:BeginCountdown	8	static
../Core/Src/main.c:681:5:checkCollision	16	static
../Core/Src/main.c:701:5:main	120	static
../Core/Src/main.c:759:6:StartGameTask	64	static
../Core/Src/main.c:882:6:StartDisplayTask	160	static
../Core/Src/main.c:1034:6:StartInputTask	32	static
../Core/Src/main.c:1299:13:Sound_Play	16	static
../Core/Src/main.c:1306:13:Buzzer_Pulse	16	static
../Core/Src/main.c:1314:6:StartSoundTask	24	static
../Core/Src/main.c:1385:6:SystemClock_Config	88	static
../Core/Src/main.c:1424:13:MX_I2C3_Init	8	static
../Core/Src/main.c:1434:13:MX_SPI5_Init	8	static
../Core/Src/main.c:1448:13:MX_LTDC_Init	64	static
../Core/Src/main.c:1489:13:MX_ADC1_Init	24	static
../Core/Src/main.c:1518:13:MX_ADC2_Init	24	static
../Core/Src/main.c:1547:13:MX_FMC_Init	40	static
../Core/Src/main.c:1572:13:BSP_SDRAM_Initialization_Sequence	24	static
../Core/Src/main.c:1603:9:BSP_TS_Init	24	static
../Core/Src/main.c:1623:6:BSP_TS_GetState	32	static
../Core/Src/main.c:1710:17:Persistence_Checksum	32	static
../Core/Src/main.c:1722:16:Persistence_RecordValid	24	static
../Core/Src/main.c:1728:16:Persistence_Write	72	static
../Core/Src/main.c:1791:13:Flash_LoadHighScore	16	static
../Core/Src/main.c:1811:13:Flash_SaveHighScore	16	static
../Core/Src/main.c:1817:13:Flash_SavePausedGame	8	static
../Core/Src/main.c:1822:13:Flash_ClearSavedGame	8	static
../Core/Src/main.c:1827:16:Flash_RestoreSavedGame	16	static
../Core/Src/main.c:1858:17:ADC_ReadChannel	24	static
../Core/Src/main.c:1872:13:JoystickCalibrateCenter	8	static
../Core/Src/main.c:1879:12:ReadJoystickDirection	16	static
../Core/Src/main.c:1891:13:MX_GPIO_Init	64	static
../Core/Src/main.c:1940:6:Error_Handler	16	static,ignoring_inline_asm
