../Core/Src/main.c:156:20:LCD_DrawPixel	16	static
../Core/Src/main.c:162:13:LCD_FillRect	32	static
../Core/Src/main.c:169:13:LCD_Clear	24	static
../Core/Src/main.c:182:6:LCD_DrawChar	48	static
../Core/Src/main.c:211:6:LCD_DrawString	32	static
../Core/Src/main.c:221:5:isObstacle	16	static
../Core/Src/main.c:271:6:drawMap	40	static
../Core/Src/main.c:293:6:drawControlPanel	64	static
../Core/Src/main.c:333:6:drawMenuScreen	72	static
../Core/Src/main.c:373:6:drawHelpScreen	16	static
../Core/Src/main.c:402:6:drawPausedOverlay	24	static
../Core/Src/main.c:416:6:drawGameOverScreen	56	static
../Core/Src/main.c:445:6:LCD_IO_Init	4	static
../Core/Src/main.c:449:6:LCD_IO_WriteData	16	static
../Core/Src/main.c:455:6:LCD_IO_WriteReg	24	static
../Core/Src/main.c:462:10:LCD_IO_ReadData	24	static
../Core/Src/main.c:472:6:LCD_Delay	16	static
../Core/Src/main.c:474:6:IOE_Init	4	static
../Core/Src/main.c:475:6:IOE_ITConfig	4	static
../Core/Src/main.c:476:6:IOE_Delay	16	static
../Core/Src/main.c:477:6:IOE_Write	32	static
../Core/Src/main.c:480:9:IOE_Read	40	static
../Core/Src/main.c:485:10:IOE_ReadMultiple	32	static
../Core/Src/main.c:491:13:QueueClear	16	static
../Core/Src/main.c:502:6:spawnFoodAt	40	static
../Core/Src/main.c:536:6:moveSnake	16	static
../Core/Src/main.c:552:6:resetGame	24	static
../Core/Src/main.c:575:5:checkCollision	16	static
../Core/Src/main.c:595:5:main	96	static
../Core/Src/main.c:650:6:StartGameTask	56	static
../Core/Src/main.c:746:6:StartDisplayTask	120	static
../Core/Src/main.c:864:6:StartInputTask	32	static
../Core/Src/main.c:1060:6:SystemClock_Config	88	static
../Core/Src/main.c:1099:13:MX_I2C3_Init	8	static
../Core/Src/main.c:1109:13:MX_SPI5_Init	8	static
../Core/Src/main.c:1123:13:MX_LTDC_Init	64	static
../Core/Src/main.c:1164:13:MX_ADC1_Init	24	static
../Core/Src/main.c:1193:13:MX_ADC2_Init	24	static
../Core/Src/main.c:1222:13:MX_FMC_Init	40	static
../Core/Src/main.c:1247:13:BSP_SDRAM_Initialization_Sequence	24	static
../Core/Src/main.c:1278:9:BSP_TS_Init	24	static
../Core/Src/main.c:1298:6:BSP_TS_GetState	32	static
../Core/Src/main.c:1361:13:Flash_LoadHighScore	16	static
../Core/Src/main.c:1367:13:Flash_SaveHighScore	48	static
../Core/Src/main.c:1388:17:ADC_ReadChannel	24	static
../Core/Src/main.c:1402:13:JoystickCalibrateCenter	8	static
../Core/Src/main.c:1409:12:ReadJoystickDirection	16	static
../Core/Src/main.c:1421:13:MX_GPIO_Init	64	static
../Core/Src/main.c:1461:6:Error_Handler	16	static,ignoring_inline_asm
