../Core/Src/main.c:201:20:LCD_DrawPixel	16	static
../Core/Src/main.c:207:13:LCD_FillRect	32	static
../Core/Src/main.c:214:13:LCD_Clear	24	static
../Core/Src/main.c:221:6:LCD_DrawChar	48	static
../Core/Src/main.c:250:6:LCD_DrawString	32	static
../Core/Src/main.c:260:5:isObstacle	16	static
../Core/Src/main.c:315:6:drawMap	40	static
../Core/Src/main.c:346:6:drawControlPanel	72	static
../Core/Src/main.c:391:6:drawMenuScreen	96	static
../Core/Src/main.c:433:6:drawHelpScreen	16	static
../Core/Src/main.c:462:6:drawPausedOverlay	24	static
../Core/Src/main.c:476:6:drawCountdown	32	static
../Core/Src/main.c:488:6:drawGameOverScreen	56	static
../Core/Src/main.c:517:6:LCD_IO_Init	4	static
../Core/Src/main.c:521:6:LCD_IO_WriteData	16	static
../Core/Src/main.c:527:6:LCD_IO_WriteReg	24	static
../Core/Src/main.c:534:10:LCD_IO_ReadData	24	static
../Core/Src/main.c:544:6:LCD_Delay	16	static
../Core/Src/main.c:546:6:IOE_Init	4	static
../Core/Src/main.c:547:6:IOE_ITConfig	4	static
../Core/Src/main.c:548:6:IOE_Delay	16	static
../Core/Src/main.c:549:6:IOE_Write	32	static
../Core/Src/main.c:552:9:IOE_Read	40	static
../Core/Src/main.c:557:10:IOE_ReadMultiple	32	static
../Core/Src/main.c:563:13:QueueClear	16	static
../Core/Src/main.c:573:6:spawnFoodAt	40	static
../Core/Src/main.c:620:6:moveSnake	16	static
../Core/Src/main.c:652:6:resetGame	24	static
../Core/Src/main.c:675:13:BeginCountdown	8	static
../Core/Src/main.c:683:5:checkCollision	16	static
../Core/Src/main.c:703:5:main	120	static
../Core/Src/main.c:761:6:StartGameTask	64	static
../Core/Src/main.c:882:6:StartDisplayTask	160	static
../Core/Src/main.c:1034:6:StartInputTask	32	static
../Core/Src/main.c:1298:13:Sound_Play	16	static
../Core/Src/main.c:1305:13:Buzzer_Pulse	16	static
../Core/Src/main.c:1313:6:StartSoundTask	24	static
../Core/Src/main.c:1384:6:SystemClock_Config	88	static
../Core/Src/main.c:1423:13:MX_I2C3_Init	8	static
../Core/Src/main.c:1433:13:MX_SPI5_Init	8	static
../Core/Src/main.c:1447:13:MX_LTDC_Init	64	static
../Core/Src/main.c:1488:13:MX_ADC1_Init	24	static
../Core/Src/main.c:1517:13:MX_ADC2_Init	24	static
../Core/Src/main.c:1546:13:MX_FMC_Init	40	static
../Core/Src/main.c:1571:13:BSP_SDRAM_Initialization_Sequence	24	static
../Core/Src/main.c:1602:9:BSP_TS_Init	24	static
../Core/Src/main.c:1622:6:BSP_TS_GetState	32	static
../Core/Src/main.c:1708:17:Persistence_Checksum	32	static
../Core/Src/main.c:1720:16:Persistence_RecordValid	24	static
../Core/Src/main.c:1726:16:Persistence_Write	72	static
../Core/Src/main.c:1789:13:Flash_LoadHighScore	16	static
../Core/Src/main.c:1809:13:Flash_SaveHighScore	16	static
../Core/Src/main.c:1815:13:Flash_SavePausedGame	8	static
../Core/Src/main.c:1820:13:Flash_ClearSavedGame	8	static
../Core/Src/main.c:1825:16:Flash_RestoreSavedGame	16	static
../Core/Src/main.c:1856:17:ADC_ReadChannel	24	static
../Core/Src/main.c:1869:13:JoystickCalibrateCenter	8	static
../Core/Src/main.c:1876:12:ReadJoystickDirection	16	static
../Core/Src/main.c:1888:13:MX_GPIO_Init	64	static
../Core/Src/main.c:1936:6:Error_Handler	16	static,ignoring_inline_asm
