../Middlewares/Third_Party/FreeRTOS/Source/portable/Common/mpu_wrappers.c:63:12:xPortRaisePrivilege	8	static
../Middlewares/Third_Party/FreeRTOS/Source/portable/Common/mpu_wrappers.c:80:6:vPortResetPrivilege	0	static
../Middlewares/Third_Party/FreeRTOS/Source/portable/Common/mpu_wrappers.c:90:13:MPU_xTaskCreateRestricted	16	static
../Middlewares/Third_Party/FreeRTOS/Source/portable/Common/mpu_wrappers.c:116:13:MPU_xTaskCreate	32	static
../Middlewares/Third_Party/FreeRTOS/Source/portable/Common/mpu_wrappers.c:141:6:MPU_vTaskAllocateMPURegions	16	static
../Middlewares/Third_Party/FreeRTOS/Source/portable/Common/mpu_wrappers.c:151:7:MPU_vTaskDelete	16	static
../Middlewares/Third_Party/FreeRTOS/Source/portable/Common/mpu_wrappers.c:162:7:MPU_vTaskDelayUntil	16	static
../Middlewares/Third_Party/FreeRTOS/Source/portable/Common/mpu_wrappers.c:186:7:MPU_vTaskDelay	16	static
../Middlewares/Third_Party/FreeRTOS/Source/portable/Common/mpu_wrappers.c:197:14:MPU_uxTaskPriorityGet	16	static
../Middlewares/Third_Party/FreeRTOS/Source/portable/Common/mpu_wrappers.c:210:7:MPU_vTaskPrioritySet	16	static
../Middlewares/Third_Party/FreeRTOS/Source/portable/Common/mpu_wrappers.c:234:7:MPU_vTaskGetInfo	24	static
../Middlewares/Third_Party/FreeRTOS/Source/portable/Common/mpu_wrappers.c:258:7:MPU_vTaskSuspend	16	static
../Middlewares/Third_Party/FreeRTOS/Source/portable/Common/mpu_wrappers.c:269:7:MPU_vTaskResume	16	static
../Middlewares/Third_Party/FreeRTOS/Source/portable/Common/mpu_wrappers.c:279:6:MPU_vTaskSuspendAll	8	static
../Middlewares/Third_Party/FreeRTOS/Source/portable/Common/mpu_wrappers.c:288:12:MPU_xTaskResumeAll	16	static
../Middlewares/Third_Party/FreeRTOS/Source/portable/Common/mpu_wrappers.c:299:12:MPU_xTaskGetTickCount	16	static
../Middlewares/Third_Party/FreeRTOS/Source/portable/Common/mpu_wrappers.c:310:13:MPU_uxTaskGetNumberOfTasks	16	static
../Middlewares/Third_Party/FreeRTOS/Source/portable/Common/mpu_wrappers.c:321:8:MPU_pcTaskGetName	16	static
../Middlewares/Third_Party/FreeRTOS/Source/portable/Common/mpu_wrappers.c:442:14:MPU_uxTaskGetSystemState	24	static
../Middlewares/Third_Party/FreeRTOS/Source/portable/Common/mpu_wrappers.c:454:12:MPU_xTaskCatchUpTicks	16	static
../Middlewares/Third_Party/FreeRTOS/Source/portable/Common/mpu_wrappers.c:505:13:MPU_xTaskGetSchedulerState	16	static
../Middlewares/Third_Party/FreeRTOS/Source/portable/Common/mpu_wrappers.c:517:6:MPU_vTaskSetTimeOutState	16	static
../Middlewares/Third_Party/FreeRTOS/Source/portable/Common/mpu_wrappers.c:526:12:MPU_xTaskCheckForTimeOut	16	static
../Middlewares/Third_Party/FreeRTOS/Source/portable/Common/mpu_wrappers.c:538:13:MPU_xTaskGenericNotify	24	static
../Middlewares/Third_Party/FreeRTOS/Source/portable/Common/mpu_wrappers.c:551:13:MPU_xTaskNotifyWait	24	static
../Middlewares/Third_Party/FreeRTOS/Source/portable/Common/mpu_wrappers.c:564:11:MPU_ulTaskNotifyTake	16	static
../Middlewares/Third_Party/FreeRTOS/Source/portable/Common/mpu_wrappers.c:577:13:MPU_xTaskNotifyStateClear	16	static
../Middlewares/Third_Party/FreeRTOS/Source/portable/Common/mpu_wrappers.c:590:11:MPU_ulTaskNotifyValueClear	16	static
../Middlewares/Third_Party/FreeRTOS/Source/portable/Common/mpu_wrappers.c:603:16:MPU_xQueueGenericCreate	24	static
../Middlewares/Third_Party/FreeRTOS/Source/portable/Common/mpu_wrappers.c:628:12:MPU_xQueueGenericReset	16	static
../Middlewares/Third_Party/FreeRTOS/Source/portable/Common/mpu_wrappers.c:639:12:MPU_xQueueGenericSend	24	static
../Middlewares/Third_Party/FreeRTOS/Source/portable/Common/mpu_wrappers.c:650:13:MPU_uxQueueMessagesWaiting	16	static
../Middlewares/Third_Party/FreeRTOS/Source/portable/Common/mpu_wrappers.c:661:13:MPU_uxQueueSpacesAvailable	16	static
../Middlewares/Third_Party/FreeRTOS/Source/portable/Common/mpu_wrappers.c:672:12:MPU_xQueueReceive	24	static
../Middlewares/Third_Party/FreeRTOS/Source/portable/Common/mpu_wrappers.c:683:12:MPU_xQueuePeek	24	static
../Middlewares/Third_Party/FreeRTOS/Source/portable/Common/mpu_wrappers.c:694:12:MPU_xQueueSemaphoreTake	16	static
../Middlewares/Third_Party/FreeRTOS/Source/portable/Common/mpu_wrappers.c:719:16:MPU_xQueueCreateMutex	16	static
../Middlewares/Third_Party/FreeRTOS/Source/portable/Common/mpu_wrappers.c:745:16:MPU_xQueueCreateCountingSemaphore	16	static
../Middlewares/Third_Party/FreeRTOS/Source/portable/Common/mpu_wrappers.c:772:13:MPU_xQueueTakeMutexRecursive	16	static
../Middlewares/Third_Party/FreeRTOS/Source/portable/Common/mpu_wrappers.c:785:13:MPU_xQueueGiveMutexRecursive	16	static
../Middlewares/Third_Party/FreeRTOS/Source/portable/Common/mpu_wrappers.c:850:7:MPU_vQueueAddToRegistry	16	static
../Middlewares/Third_Party/FreeRTOS/Source/portable/Common/mpu_wrappers.c:862:7:MPU_vQueueUnregisterQueue	16	static
../Middlewares/Third_Party/FreeRTOS/Source/portable/Common/mpu_wrappers.c:874:14:MPU_pcQueueGetName	16	static
../Middlewares/Third_Party/FreeRTOS/Source/portable/Common/mpu_wrappers.c:887:6:MPU_vQueueDelete	16	static
../Middlewares/Third_Party/FreeRTOS/Source/portable/Common/mpu_wrappers.c:898:8:MPU_pvPortMalloc	16	static
../Middlewares/Third_Party/FreeRTOS/Source/portable/Common/mpu_wrappers.c:913:7:MPU_vPortFree	16	static
../Middlewares/Third_Party/FreeRTOS/Source/portable/Common/mpu_wrappers.c:925:7:MPU_vPortInitialiseBlocks	8	static
../Middlewares/Third_Party/FreeRTOS/Source/portable/Common/mpu_wrappers.c:937:9:MPU_xPortGetFreeHeapSize	16	static
../Middlewares/Third_Party/FreeRTOS/Source/portable/Common/mpu_wrappers.c:1127:21:MPU_xEventGroupCreate	16	static
../Middlewares/Third_Party/FreeRTOS/Source/portable/Common/mpu_wrappers.c:1154:13:MPU_xEventGroupWaitBits	32	static
../Middlewares/Third_Party/FreeRTOS/Source/portable/Common/mpu_wrappers.c:1166:13:MPU_xEventGroupClearBits	16	static
../Middlewares/Third_Party/FreeRTOS/Source/portable/Common/mpu_wrappers.c:1178:13:MPU_xEventGroupSetBits	16	static
../Middlewares/Third_Party/FreeRTOS/Source/portable/Common/mpu_wrappers.c:1190:13:MPU_xEventGroupSync	24	static
../Middlewares/Third_Party/FreeRTOS/Source/portable/Common/mpu_wrappers.c:1202:6:MPU_vEventGroupDelete	16	static
../Middlewares/Third_Party/FreeRTOS/Source/portable/Common/mpu_wrappers.c:1211:8:MPU_xStreamBufferSend	24	static
../Middlewares/Third_Party/FreeRTOS/Source/portable/Common/mpu_wrappers.c:1223:8:MPU_xStreamBufferNextMessageLengthBytes	16	static
../Middlewares/Third_Party/FreeRTOS/Source/portable/Common/mpu_wrappers.c:1235:8:MPU_xStreamBufferReceive	24	static
../Middlewares/Third_Party/FreeRTOS/Source/portable/Common/mpu_wrappers.c:1247:6:MPU_vStreamBufferDelete	16	static
../Middlewares/Third_Party/FreeRTOS/Source/portable/Common/mpu_wrappers.c:1256:12:MPU_xStreamBufferIsFull	16	static
../Middlewares/Third_Party/FreeRTOS/Source/portable/Common/mpu_wrappers.c:1268:12:MPU_xStreamBufferIsEmpty	16	static
../Middlewares/Third_Party/FreeRTOS/Source/portable/Common/mpu_wrappers.c:1280:12:MPU_xStreamBufferReset	16	static
../Middlewares/Third_Party/FreeRTOS/Source/portable/Common/mpu_wrappers.c:1292:8:MPU_xStreamBufferSpacesAvailable	16	static
../Middlewares/Third_Party/FreeRTOS/Source/portable/Common/mpu_wrappers.c:1304:8:MPU_xStreamBufferBytesAvailable	16	static
../Middlewares/Third_Party/FreeRTOS/Source/portable/Common/mpu_wrappers.c:1316:12:MPU_xStreamBufferSetTriggerLevel	16	static
../Middlewares/Third_Party/FreeRTOS/Source/portable/Common/mpu_wrappers.c:1329:23:MPU_xStreamBufferGenericCreate	24	static
