Archive member included to satisfy reference by file (symbol)

C:/ST/STM32CubeIDE_1.18.0/STM32CubeIDE/plugins/com.st.stm32cube.ide.mcu.externaltools.gnu-tools-for-stm32.13.3.rel1.win32_1.0.0.202411081344/tools/bin/../lib/gcc/arm-none-eabi/13.3.1/../../../../arm-none-eabi/lib/thumb/v7e-m+fp/hard\libc_nano.a(libc_a-exit.o)
                              C:/ST/STM32CubeIDE_1.18.0/STM32CubeIDE/plugins/com.st.stm32cube.ide.mcu.externaltools.gnu-tools-for-stm32.13.3.rel1.win32_1.0.0.202411081344/tools/bin/../lib/gcc/arm-none-eabi/13.3.1/../../../../arm-none-eabi/lib/thumb/v7e-m+fp/hard/crt0.o (exit)
C:/ST/STM32CubeIDE_1.18.0/STM32CubeIDE/plugins/com.st.stm32cube.ide.mcu.externaltools.gnu-tools-for-stm32.13.3.rel1.win32_1.0.0.202411081344/tools/bin/../lib/gcc/arm-none-eabi/13.3.1/../../../../arm-none-eabi/lib/thumb/v7e-m+fp/hard\libc_nano.a(libc_a-rand.o)
                              ./Core/Src/main.o (srand)
C:/ST/STM32CubeIDE_1.18.0/STM32CubeIDE/plugins/com.st.stm32cube.ide.mcu.externaltools.gnu-tools-for-stm32.13.3.rel1.win32_1.0.0.202411081344/tools/bin/../lib/gcc/arm-none-eabi/13.3.1/../../../../arm-none-eabi/lib/thumb/v7e-m+fp/hard\libc_nano.a(libc_a-findfp.o)
                              C:/ST/STM32CubeIDE_1.18.0/STM32CubeIDE/plugins/com.st.stm32cube.ide.mcu.externaltools.gnu-tools-for-stm32.13.3.rel1.win32_1.0.0.202411081344/tools/bin/../lib/gcc/arm-none-eabi/13.3.1/../../../../arm-none-eabi/lib/thumb/v7e-m+fp/hard\libc_nano.a(libc_a-exit.o) (__stdio_exit_handler)
C:/ST/STM32CubeIDE_1.18.0/STM32CubeIDE/plugins/com.st.stm32cube.ide.mcu.externaltools.gnu-tools-for-stm32.13.3.rel1.win32_1.0.0.202411081344/tools/bin/../lib/gcc/arm-none-eabi/13.3.1/../../../../arm-none-eabi/lib/thumb/v7e-m+fp/hard\libc_nano.a(libc_a-fwalk.o)
                              C:/ST/STM32CubeIDE_1.18.0/STM32CubeIDE/plugins/com.st.stm32cube.ide.mcu.externaltools.gnu-tools-for-stm32.13.3.rel1.win32_1.0.0.202411081344/tools/bin/../lib/gcc/arm-none-eabi/13.3.1/../../../../arm-none-eabi/lib/thumb/v7e-m+fp/hard\libc_nano.a(libc_a-findfp.o) (_fwalk_sglue)
C:/ST/STM32CubeIDE_1.18.0/STM32CubeIDE/plugins/com.st.stm32cube.ide.mcu.externaltools.gnu-tools-for-stm32.13.3.rel1.win32_1.0.0.202411081344/tools/bin/../lib/gcc/arm-none-eabi/13.3.1/../../../../arm-none-eabi/lib/thumb/v7e-m+fp/hard\libc_nano.a(libc_a-stdio.o)
                              C:/ST/STM32CubeIDE_1.18.0/STM32CubeIDE/plugins/com.st.stm32cube.ide.mcu.externaltools.gnu-tools-for-stm32.13.3.rel1.win32_1.0.0.202411081344/tools/bin/../lib/gcc/arm-none-eabi/13.3.1/../../../../arm-none-eabi/lib/thumb/v7e-m+fp/hard\libc_nano.a(libc_a-findfp.o) (__sread)
C:/ST/STM32CubeIDE_1.18.0/STM32CubeIDE/plugins/com.st.stm32cube.ide.mcu.externaltools.gnu-tools-for-stm32.13.3.rel1.win32_1.0.0.202411081344/tools/bin/../lib/gcc/arm-none-eabi/13.3.1/../../../../arm-none-eabi/lib/thumb/v7e-m+fp/hard\libc_nano.a(libc_a-memset.o)
                              C:/ST/STM32CubeIDE_1.18.0/STM32CubeIDE/plugins/com.st.stm32cube.ide.mcu.externaltools.gnu-tools-for-stm32.13.3.rel1.win32_1.0.0.202411081344/tools/bin/../lib/gcc/arm-none-eabi/13.3.1/../../../../arm-none-eabi/lib/thumb/v7e-m+fp/hard/crt0.o (memset)
C:/ST/STM32CubeIDE_1.18.0/STM32CubeIDE/plugins/com.st.stm32cube.ide.mcu.externaltools.gnu-tools-for-stm32.13.3.rel1.win32_1.0.0.202411081344/tools/bin/../lib/gcc/arm-none-eabi/13.3.1/../../../../arm-none-eabi/lib/thumb/v7e-m+fp/hard\libc_nano.a(libc_a-closer.o)
                              C:/ST/STM32CubeIDE_1.18.0/STM32CubeIDE/plugins/com.st.stm32cube.ide.mcu.externaltools.gnu-tools-for-stm32.13.3.rel1.win32_1.0.0.202411081344/tools/bin/../lib/gcc/arm-none-eabi/13.3.1/../../../../arm-none-eabi/lib/thumb/v7e-m+fp/hard\libc_nano.a(libc_a-stdio.o) (_close_r)
C:/ST/STM32CubeIDE_1.18.0/STM32CubeIDE/plugins/com.st.stm32cube.ide.mcu.externaltools.gnu-tools-for-stm32.13.3.rel1.win32_1.0.0.202411081344/tools/bin/../lib/gcc/arm-none-eabi/13.3.1/../../../../arm-none-eabi/lib/thumb/v7e-m+fp/hard\libc_nano.a(libc_a-reent.o)
                              C:/ST/STM32CubeIDE_1.18.0/STM32CubeIDE/plugins/com.st.stm32cube.ide.mcu.externaltools.gnu-tools-for-stm32.13.3.rel1.win32_1.0.0.202411081344/tools/bin/../lib/gcc/arm-none-eabi/13.3.1/../../../../arm-none-eabi/lib/thumb/v7e-m+fp/hard\libc_nano.a(libc_a-closer.o) (errno)
C:/ST/STM32CubeIDE_1.18.0/STM32CubeIDE/plugins/com.st.stm32cube.ide.mcu.externaltools.gnu-tools-for-stm32.13.3.rel1.win32_1.0.0.202411081344/tools/bin/../lib/gcc/arm-none-eabi/13.3.1/../../../../arm-none-eabi/lib/thumb/v7e-m+fp/hard\libc_nano.a(libc_a-impure.o)
                              C:/ST/STM32CubeIDE_1.18.0/STM32CubeIDE/plugins/com.st.stm32cube.ide.mcu.externaltools.gnu-tools-for-stm32.13.3.rel1.win32_1.0.0.202411081344/tools/bin/../lib/gcc/arm-none-eabi/13.3.1/../../../../arm-none-eabi/lib/thumb/v7e-m+fp/hard\libc_nano.a(libc_a-rand.o) (_impure_ptr)
[...]
Memory Configuration

Name             Origin             Length             Attributes
CCMRAM           0x10000000         0x00010000         xrw
RAM              0x20000000         0x00030000         xrw
FLASH            0x08000000         0x00200000         xr
*default*        0x00000000         0xffffffff

Linker script and memory map

LOAD C:/ST/STM32CubeIDE_1.18.0/STM32CubeIDE/plugins/com.st.stm32cube.ide.mcu.externaltools.gnu-tools-for-stm32.13.3.rel1.win32_1.0.0.202411081344/tools/bin/../lib/gcc/arm-none-eabi/13.3.1/thumb/v7e-m+fp/hard/crti.o
LOAD C:/ST/STM32CubeIDE_1.18.0/STM32CubeIDE/plugins/com.st.stm32cube.ide.mcu.externaltools.gnu-tools-for-stm32.13.3.rel1.win32_1.0.0.202411081344/tools/bin/../lib/gcc/arm-none-eabi/13.3.1/thumb/v7e-m+fp/hard/crtbegin.o
LOAD C:/ST/STM32CubeIDE_1.18.0/STM32CubeIDE/plugins/com.st.stm32cube.ide.mcu.externaltools.gnu-tools-for-stm32.13.3.rel1.win32_1.0.0.202411081344/tools/bin/../lib/gcc/arm-none-eabi/13.3.1/../../../../arm-none-eabi/lib/thumb/v7e-m+fp/hard/crt0.o
LOAD ./Core/Src/main.o
LOAD ./Core/Src/stm32f4xx_hal_msp.o
LOAD ./Core/Src/stm32f4xx_it.o
LOAD ./Core/Src/syscalls.o
LOAD ./Core/Src/sysmem.o
LOAD ./Core/Src/system_stm32f4xx.o
LOAD ./Core/Startup/startup_stm32f429zitx.o
LOAD ./Drivers/BSP/Components/ili9341/ili9341.o
LOAD ./Drivers/BSP/Components/stmpe811/stmpe811.o
LOAD ./Drivers/BSP/STM32F429I-Discovery/stm32f429i_discovery.o
LOAD ./Drivers/BSP/STM32F429I-Discovery/stm32f429i_discovery_io.o
LOAD ./Drivers/BSP/STM32F429I-Discovery/stm32f429i_discovery_lcd.o
LOAD ./Drivers/BSP/STM32F429I-Discovery/stm32f429i_discovery_sdram.o
LOAD ./Drivers/BSP/STM32F429I-Discovery/stm32f429i_discovery_ts.o
LOAD ./Drivers/STM32F4xx_HAL_Driver/Src/stm32f4xx_hal.o
LOAD ./Drivers/STM32F4xx_HAL_Driver/Src/stm32f4xx_hal_adc.o
LOAD ./Drivers/STM32F4xx_HAL_Driver/Src/stm32f4xx_hal_adc_ex.o
LOAD ./Drivers/STM32F4xx_HAL_Driver/Src/stm32f4xx_hal_cortex.o
LOAD ./Drivers/STM32F4xx_HAL_Driver/Src/stm32f4xx_hal_dma.o
LOAD ./Drivers/STM32F4xx_HAL_Driver/Src/stm32f4xx_hal_dma2d.o
LOAD ./Drivers/STM32F4xx_HAL_Driver/Src/stm32f4xx_hal_dma_ex.o
LOAD ./Drivers/STM32F4xx_HAL_Driver/Src/stm32f4xx_hal_exti.o
LOAD ./Drivers/STM32F4xx_HAL_Driver/Src/stm32f4xx_hal_flash.o
LOAD ./Drivers/STM32F4xx_HAL_Driver/Src/stm32f4xx_hal_flash_ex.o
LOAD ./Drivers/STM32F4xx_HAL_Driver/Src/stm32f4xx_hal_flash_ramfunc.o
LOAD ./Drivers/STM32F4xx_HAL_Driver/Src/stm32f4xx_hal_gpio.o
LOAD ./Drivers/STM32F4xx_HAL_Driver/Src/stm32f4xx_hal_i2c.o
LOAD ./Drivers/STM32F4xx_HAL_Driver/Src/stm32f4xx_hal_i2c_ex.o
LOAD ./Drivers/STM32F4xx_HAL_Driver/Src/stm32f4xx_hal_ltdc.o
LOAD ./Drivers/STM32F4xx_HAL_Driver/Src/stm32f4xx_hal_ltdc_ex.o
LOAD ./Drivers/STM32F4xx_HAL_Driver/Src/stm32f4xx_hal_pwr.o
LOAD ./Drivers/STM32F4xx_HAL_Driver/Src/stm32f4xx_hal_pwr_ex.o
LOAD ./Drivers/STM32F4xx_HAL_Driver/Src/stm32f4xx_hal_rcc.o
LOAD ./Drivers/STM32F4xx_HAL_Driver/Src/stm32f4xx_hal_rcc_ex.o
LOAD ./Drivers/STM32F4xx_HAL_Driver/Src/stm32f4xx_hal_sdram.o
LOAD ./Drivers/STM32F4xx_HAL_Driver/Src/stm32f4xx_hal_spi.o
LOAD ./Drivers/STM32F4xx_HAL_Driver/Src/stm32f4xx_hal_tim.o
LOAD ./Drivers/STM32F4xx_HAL_Driver/Src/stm32f4xx_hal_tim_ex.o
LOAD ./Drivers/STM32F4xx_HAL_Driver/Src/stm32f4xx_hal_uart.o
LOAD ./Drivers/STM32F4xx_HAL_Driver/Src/stm32f4xx_ll_adc.o
LOAD ./Drivers/STM32F4xx_HAL_Driver/Src/stm32f4xx_ll_fmc.o
LOAD ./Middlewares/Third_Party/FreeRTOS/Source/CMSIS_RTOS/cmsis_os.o
LOAD ./Middlewares/Third_Party/FreeRTOS/Source/croutine.o
LOAD ./Middlewares/Third_Party/FreeRTOS/Source/event_groups.o
LOAD ./Middlewares/Third_Party/FreeRTOS/Source/list.o
LOAD ./Middlewares/Third_Party/FreeRTOS/Source/queue.o
LOAD ./Middlewares/Third_Party/FreeRTOS/Source/stream_buffer.o
LOAD ./Middlewares/Third_Party/FreeRTOS/Source/tasks.o
LOAD ./Middlewares/Third_Party/FreeRTOS/Source/timers.o
LOAD ./Middlewares/Third_Party/FreeRTOS/Source/portable/Common/mpu_wrappers.o
LOAD ./Middlewares/Third_Party/FreeRTOS/Source/portable/GCC/ARM_CM4F/port.o
LOAD ./Middlewares/Third_Party/FreeRTOS/Source/portable/MemMang/heap_4.o
START GROUP
LOAD C:/ST/STM32CubeIDE_1.18.0/STM32CubeIDE/plugins/com.st.stm32cube.ide.mcu.externaltools.gnu-tools-for-stm32.13.3.rel1.win32_1.0.0.202411081344/tools/bin/../lib/gcc/arm-none-eabi/13.3.1/../../../../arm-none-eabi/lib/thumb/v7e-m+fp/hard\libc_nano.a
LOAD C:/ST/STM32CubeIDE_1.18.0/STM32CubeIDE/plugins/com.st.stm32cube.ide.mcu.externaltools.gnu-tools-for-stm32.13.3.rel1.win32_1.0.0.202411081344/tools/bin/../lib/gcc/arm-none-eabi/13.3.1/../../../../arm-none-eabi/lib/thumb/v7e-m+fp/hard\libm.a
END GROUP
START GROUP
LOAD C:/ST/STM32CubeIDE_1.18.0/STM32CubeIDE/plugins/com.st.stm32cube.ide.mcu.externaltools.gnu-tools-for-stm32.13.3.rel1.win32_1.0.0.202411081344/tools/bin/../lib/gcc/arm-none-eabi/13.3.1/thumb/v7e-m+fp/hard\libgcc.a
LOAD C:/ST/STM32CubeIDE_1.18.0/STM32CubeIDE/plugins/com.st.stm32cube.ide.mcu.externaltools.gnu-tools-for-stm32.13.3.rel1.win32_1.0.0.202411081344/tools/bin/../lib/gcc/arm-none-eabi/13.3.1/../../../../arm-none-eabi/lib/thumb/v7e-m+fp/hard\libc_nano.a
END GROUP
START GROUP
LOAD C:/ST/STM32CubeIDE_1.18.0/STM32CubeIDE/plugins/com.st.stm32cube.ide.mcu.externaltools.gnu-tools-for-stm32.13.3.rel1.win32_1.0.0.202411081344/tools/bin/../lib/gcc/arm-none-eabi/13.3.1/thumb/v7e-m+fp/hard\libgcc.a
LOAD C:/ST/STM32CubeIDE_1.18.0/STM32CubeIDE/plugins/com.st.stm32cube.ide.mcu.externaltools.gnu-tools-for-stm32.13.3.rel1.win32_1.0.0.202411081344/tools/bin/../lib/gcc/arm-none-eabi/13.3.1/../../../../arm-none-eabi/lib/thumb/v7e-m+fp/hard\libc_nano.a
LOAD C:/ST/STM32CubeIDE_1.18.0/STM32CubeIDE/plugins/com.st.stm32cube.ide.mcu.externaltools.gnu-tools-for-stm32.13.3.rel1.win32_1.0.0.202411081344/tools/bin/../lib/gcc/arm-none-eabi/13.3.1/../../../../arm-none-eabi/lib/thumb/v7e-m+fp/hard\libnosys.a
END GROUP
START GROUP
LOAD C:/ST/STM32CubeIDE_1.18.0/STM32CubeIDE/plugins/com.st.stm32cube.ide.mcu.externaltools.gnu-tools-for-stm32.13.3.rel1.win32_1.0.0.202411081344/tools/bin/../lib/gcc/arm-none-eabi/13.3.1/thumb/v7e-m+fp/hard\libgcc.a
LOAD C:/ST/STM32CubeIDE_1.18.0/STM32CubeIDE/plugins/com.st.stm32cube.ide.mcu.externaltools.gnu-tools-for-stm32.13.3.rel1.win32_1.0.0.202411081344/tools/bin/../lib/gcc/arm-none-eabi/13.3.1/../../../../arm-none-eabi/lib/thumb/v7e-m+fp/hard\libc_nano.a
LOAD C:/ST/STM32CubeIDE_1.18.0/STM32CubeIDE/plugins/com.st.stm32cube.ide.mcu.externaltools.gnu-tools-for-stm32.13.3.rel1.win32_1.0.0.202411081344/tools/bin/../lib/gcc/arm-none-eabi/13.3.1/../../../../arm-none-eabi/lib/thumb/v7e-m+fp/hard\libnosys.a
END GROUP
LOAD C:/ST/STM32CubeIDE_1.18.0/STM32CubeIDE/plugins/com.st.stm32cube.ide.mcu.externaltools.gnu-tools-for-stm32.13.3.rel1.win32_1.0.0.202411081344/tools/bin/../lib/gcc/arm-none-eabi/13.3.1/thumb/v7e-m+fp/hard/crtend.o
LOAD C:/ST/STM32CubeIDE_1.18.0/STM32CubeIDE/plugins/com.st.stm32cube.ide.mcu.externaltools.gnu-tools-for-stm32.13.3.rel1.win32_1.0.0.202411081344/tools/bin/../lib/gcc/arm-none-eabi/13.3.1/thumb/v7e-m+fp/hard/crtn.o
                0x20030000                        _estack = (ORIGIN (RAM) + LENGTH (RAM))
                0x00000200                        _Min_Heap_Size = 0x200
                0x00000400                        _Min_Stack_Size = 0x400

.isr_vector     0x08000000      0x1ac
                0x08000000                        . = ALIGN (0x4)
 *(.isr_vector)
 .isr_vector    0x08000000      0x1ac ./Core/Startup/startup_stm32f429zitx.o
                0x08000000                g_pfnVectors
                0x080001ac                        . = ALIGN (0x4)

.text           0x080001b0     0x5df0
                0x080001b0                        . = ALIGN (0x4)
 *(.text)
 .text          0x080001b0       0x40 C:/ST/STM32CubeIDE_1.18.0/STM32CubeIDE/plugins/com.st.stm32cube.ide.mcu.externaltools.gnu-tools-for-stm32.13.3.rel1.win32_1.0.0.202411081344/tools/bin/../lib/gcc/arm-none-eabi/13.3.1/thumb/v7e-m+fp/hard/crtbegin.o
 .text          0x080001f0       0x10 C:/ST/STM32CubeIDE_1.18.0/STM32CubeIDE/plugins/com.st.stm32cube.ide.mcu.externaltools.gnu-tools-for-stm32.13.3.rel1.win32_1.0.0.202411081344/tools/bin/../lib/gcc/arm-none-eabi/13.3.1/../../../../arm-none-eabi/lib/thumb/v7e-m+fp/hard\libc_nano.a(libc_a-strlen.o)
                0x080001f0                strlen
 .text          0x08000200       0xa0 C:/ST/STM32CubeIDE_1.18.0/STM32CubeIDE/plugins/com.st.stm32cube.ide.mcu.externaltools.gnu-tools-for-stm32.13.3.rel1.win32_1.0.0.202411081344/tools/bin/../lib/gcc/arm-none-eabi/13.3.1/../../../../arm-none-eabi/lib/thumb/v7e-m+fp/hard\libc_nano.a(libc_a-memchr.o)
                0x08000200                memchr
 .text          0x080002a0       0x30 C:/ST/STM32CubeIDE_1.18.0/STM32CubeIDE/plugins/com.st.stm32cube.ide.mcu.externaltools.gnu-tools-for-stm32.13.3.rel1.win32_1.0.0.202411081344/tools/bin/../lib/gcc/arm-none-eabi/13.3.1/thumb/v7e-m+fp/hard\libgcc.a(_aeabi_uldivmod.o)
                0x080002a0                __aeabi_uldivmod
 .text          0x080002d0      0x2f8 C:/ST/STM32CubeIDE_1.18.0/STM32CubeIDE/plugins/com.st.stm32cube.ide.mcu.externaltools.gnu-tools-for-stm32.13.3.rel1.win32_1.0.0.202411081344/tools/bin/../lib/gcc/arm-none-eabi/13.3.1/thumb/v7e-m+fp/hard\libgcc.a(_udivmoddi4.o)
                0x080002d0                __udivmoddi4
 .text          0x080005c8        0x4 C:/ST/STM32CubeIDE_1.18.0/STM32CubeIDE/plugins/com.st.stm32cube.ide.mcu.externaltools.gnu-tools-for-stm32.13.3.rel1.win32_1.0.0.202411081344/tools/bin/../lib/gcc/arm-none-eabi/13.3.1/thumb/v7e-m+fp/hard\libgcc.a(_dvmd_tls.o)
                0x080005c8                __aeabi_idiv0
                0x080005c8                __aeabi_ldiv0
 *(.text*)
 .text.StartDisplayTask
                0x080005cc       0xa4 ./Core/Src/main.o
                0x080005cc                StartDisplayTask
 .text.StartInputTask
                0x08000670       0x74 ./Core/Src/main.o
                0x08000670                StartInputTask
 .text.spawnFood
                0x080006e4       0x64 ./Core/Src/main.o
                0x080006e4                spawnFood
 .text.moveSnake
                0x08000748       0x80 ./Core/Src/main.o
                0x08000748                moveSnake
 .text.resetGame
                0x080007c8       0x54 ./Core/Src/main.o
                0x080007c8                resetGame
 .text.checkCollision
                0x0800081c       0x5c ./Core/Src/main.o
                0x0800081c                checkCollision
 .text.StartGameTask
                0x08000878       0x6c ./Core/Src/main.o
                0x08000878                StartGameTask
 .text.SystemClock_Config
                0x080008e4       0xa8 ./Core/Src/main.o
                0x080008e4                SystemClock_Config
 .text.startup.main
                0x0800098c       0xf8 ./Core/Src/main.o
                0x0800098c                main
 .text.HAL_MspInit
                0x08000a84       0x38 ./Core/Src/stm32f4xx_hal_msp.o
                0x08000a84                HAL_MspInit
 .text.HAL_I2C_MspInit
                0x08000abc       0xa4 ./Core/Src/stm32f4xx_hal_msp.o
                0x08000abc                HAL_I2C_MspInit
 .text.HAL_I2C_MspDeInit
                0x08000b60       0x40 ./Core/Src/stm32f4xx_hal_msp.o
                0x08000b60                HAL_I2C_MspDeInit
 .text.NMI_Handler
                0x08000ba0        0x2 ./Core/Src/stm32f4xx_it.o
                0x08000ba0                NMI_Handler
 .text.HardFault_Handler
                0x08000ba2        0x2 ./Core/Src/stm32f4xx_it.o
                0x08000ba2                HardFault_Handler
 .text.MemManage_Handler
                0x08000ba4        0x2 ./Core/Src/stm32f4xx_it.o
                0x08000ba4                MemManage_Handler
 .text.BusFault_Handler
                0x08000ba6        0x2 ./Core/Src/stm32f4xx_it.o
                0x08000ba6                BusFault_Handler
 .text.UsageFault_Handler
                0x08000ba8        0x2 ./Core/Src/stm32f4xx_it.o
                0x08000ba8                UsageFault_Handler
 .text.DebugMon_Handler
                0x08000baa        0x2 ./Core/Src/stm32f4xx_it.o
                0x08000baa                DebugMon_Handler
 .text.SysTick_Handler
                0x08000bac        0xe ./Core/Src/stm32f4xx_it.o
                0x08000bac                SysTick_Handler
 *fill*         0x08000bba        0x2 
 .text.TIM6_DAC_IRQHandler
                0x08000bbc        0xc ./Core/Src/stm32f4xx_it.o
                0x08000bbc                TIM6_DAC_IRQHandler
 .text._getpid  0x08000bc8        0x4 ./Core/Src/syscalls.o
                0x08000bc8                _getpid
 .text._kill    0x08000bcc       0x10 ./Core/Src/syscalls.o
                0x08000bcc                _kill
 .text._exit    0x08000bdc        0xc ./Core/Src/syscalls.o
                0x08000bdc                _exit
 .text._read    0x08000be8       0x1c ./Core/Src/syscalls.o
                0x08000be8                _read
 .text._write   0x08000c04       0x1c ./Core/Src/syscalls.o
                0x08000c04                _write
 .text._close   0x08000c20        0x6 ./Core/Src/syscalls.o
                0x08000c20                _close
 .text._fstat   0x08000c26        0xa ./Core/Src/syscalls.o
                0x08000c26                _fstat
 .text._isatty  0x08000c30        0x4 ./Core/Src/syscalls.o
                0x08000c30                _isatty
 .text._lseek   0x08000c34        0x4 ./Core/Src/syscalls.o
                0x08000c34                _lseek
 .text._sbrk    0x08000c38       0x40 ./Core/Src/sysmem.o
                0x08000c38                _sbrk
 .text.SystemInit
                0x08000c78       0x14 ./Core/Src/system_stm32f4xx.o
                0x08000c78                SystemInit
 .text.Reset_Handler
                0x08000c8c       0x50 ./Core/Startup/startup_stm32f429zitx.o
                0x08000c8c                Reset_Handler
 .text.Default_Handler
                0x08000cdc        0x2 ./Core/Startup/startup_stm32f429zitx.o
                0x08000cdc                RTC_Alarm_IRQHandler
                0x08000cdc                HASH_RNG_IRQHandler
                0x08000cdc                EXTI2_IRQHandler
                0x08000cdc                TIM8_CC_IRQHandler
                0x08000cdc                UART8_IRQHandler
                0x08000cdc                SPI4_IRQHandler
                0x08000cdc                TIM1_CC_IRQHandler
                0x08000cdc                DMA2_Stream5_IRQHandler
                0x08000cdc                DMA1_Stream5_IRQHandler
                0x08000cdc                PVD_IRQHandler
                0x08000cdc                SDIO_IRQHandler
                0x08000cdc                TAMP_STAMP_IRQHandler
                0x08000cdc                CAN2_RX1_IRQHandler
                0x08000cdc                EXTI3_IRQHandler
                0x08000cdc                TIM8_TRG_COM_TIM14_IRQHandler
                0x08000cdc                TIM1_UP_TIM10_IRQHandler
                0x08000cdc                TIM8_UP_TIM13_IRQHandler
                0x08000cdc                I2C3_ER_IRQHandler
                0x08000cdc                EXTI0_IRQHandler
                0x08000cdc                I2C2_EV_IRQHandler
                0x08000cdc                DMA1_Stream2_IRQHandler
                0x08000cdc                CAN1_RX0_IRQHandler
                0x08000cdc                FPU_IRQHandler
                0x08000cdc                OTG_HS_WKUP_IRQHandler
                0x08000cdc                LTDC_ER_IRQHandler
                0x08000cdc                CAN2_SCE_IRQHandler
                0x08000cdc                DMA2_Stream2_IRQHandler
                0x08000cdc                SPI1_IRQHandler
                0x08000cdc                TIM1_BRK_TIM9_IRQHandler
                0x08000cdc                DCMI_IRQHandler
                0x08000cdc                CAN2_RX0_IRQHandler
                0x08000cdc                DMA2_Stream3_IRQHandler
                0x08000cdc                USART6_IRQHandler
                0x08000cdc                USART3_IRQHandler
                0x08000cdc                CAN1_RX1_IRQHandler
                0x08000cdc                UART5_IRQHandler
                0x08000cdc                DMA2_Stream0_IRQHandler
                0x08000cdc                TIM4_IRQHandler
                0x08000cdc                I2C1_EV_IRQHandler
                0x08000cdc                DMA1_Stream6_IRQHandler
                0x08000cdc                DMA1_Stream1_IRQHandler
                0x08000cdc                UART4_IRQHandler
                0x08000cdc                TIM3_IRQHandler
                0x08000cdc                RCC_IRQHandler
                0x08000cdc                TIM8_BRK_TIM12_IRQHandler
                0x08000cdc                Default_Handler
                0x08000cdc                EXTI15_10_IRQHandler
                0x08000cdc                ADC_IRQHandler
                0x08000cdc                DMA1_Stream7_IRQHandler
                0x08000cdc                SPI5_IRQHandler
                0x08000cdc                TIM7_IRQHandler
                0x08000cdc                CAN2_TX_IRQHandler
                0x08000cdc                TIM5_IRQHandler
                0x08000cdc                DMA2_Stream7_IRQHandler
                0x08000cdc                I2C3_EV_IRQHandler
                0x08000cdc                EXTI9_5_IRQHandler
                0x08000cdc                RTC_WKUP_IRQHandler
                0x08000cdc                LTDC_IRQHandler
                0x08000cdc                ETH_WKUP_IRQHandler
                0x08000cdc                SPI2_IRQHandler
                0x08000cdc                OTG_HS_EP1_IN_IRQHandler
                0x08000cdc                DMA1_Stream0_IRQHandler
                0x08000cdc                CAN1_TX_IRQHandler
                0x08000cdc                EXTI4_IRQHandler
                0x08000cdc                ETH_IRQHandler
                0x08000cdc                OTG_HS_EP1_OUT_IRQHandler
                0x08000cdc                WWDG_IRQHandler
                0x08000cdc                SPI6_IRQHandler
                0x08000cdc                TIM2_IRQHandler
                0x08000cdc                OTG_FS_WKUP_IRQHandler
                0x08000cdc                TIM1_TRG_COM_TIM11_IRQHandler
                0x08000cdc                OTG_HS_IRQHandler
                0x08000cdc                DMA2D_IRQHandler
                0x08000cdc                EXTI1_IRQHandler
                0x08000cdc                UART7_IRQHandler
                0x08000cdc                USART2_IRQHandler
                0x08000cdc                I2C2_ER_IRQHandler
                0x08000cdc                DMA2_Stream1_IRQHandler
                0x08000cdc                CAN1_SCE_IRQHandler
                0x08000cdc                FLASH_IRQHandler
                0x08000cdc                DMA2_Stream4_IRQHandler
                0x08000cdc                USART1_IRQHandler
                0x08000cdc                OTG_FS_IRQHandler
                0x08000cdc                SPI3_IRQHandler
                0x08000cdc                DMA1_Stream4_IRQHandler
                0x08000cdc                I2C1_ER_IRQHandler
                0x08000cdc                FMC_IRQHandler
                0x08000cdc                DMA2_Stream6_IRQHandler
                0x08000cdc                SAI1_IRQHandler
                0x08000cdc                DMA1_Stream3_IRQHandler
 .text.ili9341_GetLcdPixelWidth
                0x08000cde        0x4 ./Drivers/BSP/Components/ili9341/ili9341.o
                0x08000cde                ili9341_GetLcdPixelWidth
 .text.ili9341_GetLcdPixelHeight
                0x08000ce2        0x6 ./Drivers/BSP/Components/ili9341/ili9341.o
                0x08000ce2                ili9341_GetLcdPixelHeight
 .text.ili9341_DisplayOn
                0x08000ce8        0x6 ./Drivers/BSP/Components/ili9341/ili9341.o
                0x08000ce8                ili9341_DisplayOn
 .text.ili9341_DisplayOff
                0x08000cee        0x6 ./Drivers/BSP/Components/ili9341/ili9341.o
                0x08000cee                ili9341_DisplayOff
 .text.ili9341_Init
                0x08000cf4      0x292 ./Drivers/BSP/Components/ili9341/ili9341.o
                0x08000cf4                ili9341_Init
 .text.ili9341_ReadID
                0x08000f86       0x12 ./Drivers/BSP/Components/ili9341/ili9341.o
                0x08000f86                ili9341_ReadID
 .text.stmpe811_Reset
                0x08000f98       0x28 ./Drivers/BSP/Components/stmpe811/stmpe811.o
                0x08000f98                stmpe811_Reset
 .text.stmpe811_ReadID
                0x08000fc0       0x24 ./Drivers/BSP/Components/stmpe811/stmpe811.o
                0x08000fc0                stmpe811_ReadID
 .text.stmpe811_TS_DetectTouch
                0x08000fe4       0x38 ./Drivers/BSP/Components/stmpe811/stmpe811.o
                0x08000fe4                stmpe811_TS_DetectTouch
 .text.stmpe811_TS_GetXY
                0x0800101c       0x3c ./Drivers/BSP/Components/stmpe811/stmpe811.o
                0x0800101c                stmpe811_TS_GetXY
 .text.stmpe811_Init
                0x08001058       0x30 ./Drivers/BSP/Components/stmpe811/stmpe811.o
                0x08001058                stmpe811_Init
 .text.stmpe811_EnableGlobalIT
                0x08001088       0x1e ./Drivers/BSP/Components/stmpe811/stmpe811.o
                0x08001088                stmpe811_EnableGlobalIT
 .text.stmpe811_DisableGlobalIT
                0x080010a6       0x1c ./Drivers/BSP/Components/stmpe811/stmpe811.o
                0x080010a6                stmpe811_DisableGlobalIT
 .text.stmpe811_EnableITSource
                0x080010c2       0x20 ./Drivers/BSP/Components/stmpe811/stmpe811.o
                0x080010c2                stmpe811_EnableITSource
 .text.stmpe811_TS_EnableIT
                0x080010e2       0x1a ./Drivers/BSP/Components/stmpe811/stmpe811.o
                0x080010e2                stmpe811_TS_EnableIT
 .text.stmpe811_DisableITSource
                0x080010fc       0x20 ./Drivers/BSP/Components/stmpe811/stmpe811.o
                0x080010fc                stmpe811_DisableITSource
 .text.stmpe811_TS_DisableIT
                0x0800111c       0x14 ./Drivers/BSP/Components/stmpe811/stmpe811.o
                0x0800111c                stmpe811_TS_DisableIT
 .text.stmpe811_ReadGITStatus
                0x08001130       0x10 ./Drivers/BSP/Components/stmpe811/stmpe811.o
                0x08001130                stmpe811_ReadGITStatus
 .text.stmpe811_TS_ITStatus
                0x08001140        0x6 ./Drivers/BSP/Components/stmpe811/stmpe811.o
                0x08001140                stmpe811_TS_ITStatus
 .text.stmpe811_ClearGlobalIT
                0x08001146        0xa ./Drivers/BSP/Components/stmpe811/stmpe811.o
                0x08001146                stmpe811_ClearGlobalIT
 .text.stmpe811_TS_ClearIT
                0x08001150        0x6 ./Drivers/BSP/Components/stmpe811/stmpe811.o
                0x08001150                stmpe811_TS_ClearIT
 .text.stmpe811_IO_EnableAF
                0x08001156       0x20 ./Drivers/BSP/Components/stmpe811/stmpe811.o
                0x08001156                stmpe811_IO_EnableAF
 .text.stmpe811_TS_Start
                0x08001176       0xa4 ./Drivers/BSP/Components/stmpe811/stmpe811.o
                0x08001176                stmpe811_TS_Start
 *fill*         0x0800121a        0x2 
 .text.SPIx_Init
                0x0800121c       0x9c ./Drivers/BSP/STM32F429I-Discovery/stm32f429i_discovery.o
 .text.SPIx_Write
                0x080012b8       0x30 ./Drivers/BSP/STM32F429I-Discovery/stm32f429i_discovery.o
 .text.I2Cx_Init
                0x080012e8       0xec ./Drivers/BSP/STM32F429I-Discovery/stm32f429i_discovery.o
 .text.I2Cx_Error
                0x080013d4       0x14 ./Drivers/BSP/STM32F429I-Discovery/stm32f429i_discovery.o
 .text.LCD_IO_Init
                0x080013e8       0xb8 ./Drivers/BSP/STM32F429I-Discovery/stm32f429i_discovery.o
                0x080013e8                LCD_IO_Init
 .text.LCD_IO_WriteData
                0x080014a0       0x38 ./Drivers/BSP/STM32F429I-Discovery/stm32f429i_discovery.o
                0x080014a0                LCD_IO_WriteData
 .text.LCD_IO_WriteReg
                0x080014d8       0x38 ./Drivers/BSP/STM32F429I-Discovery/stm32f429i_discovery.o
                0x080014d8                LCD_IO_WriteReg
 .text.LCD_IO_ReadData
                0x08001510       0x6c ./Drivers/BSP/STM32F429I-Discovery/stm32f429i_discovery.o
                0x08001510                LCD_IO_ReadData
 .text.LCD_Delay
                0x0800157c        0x4 ./Drivers/BSP/STM32F429I-Discovery/stm32f429i_discovery.o
                0x0800157c                LCD_Delay
 .text.IOE_Init
                0x08001580        0x4 ./Drivers/BSP/STM32F429I-Discovery/stm32f429i_discovery.o
                0x08001580                IOE_Init
 .text.IOE_ITConfig
                0x08001584       0x54 ./Drivers/BSP/STM32F429I-Discovery/stm32f429i_discovery.o
                0x08001584                IOE_ITConfig
 .text.IOE_Write
                0x080015d8       0x34 ./Drivers/BSP/STM32F429I-Discovery/stm32f429i_discovery.o
                0x080015d8                IOE_Write
 .text.IOE_Read
                0x0800160c       0x3c ./Drivers/BSP/STM32F429I-Discovery/stm32f429i_discovery.o
                0x0800160c                IOE_Read
 .text.IOE_ReadMultiple
                0x08001648       0x2c ./Drivers/BSP/STM32F429I-Discovery/stm32f429i_discovery.o
                0x08001648                IOE_ReadMultiple
 .text.IOE_Delay
                0x08001674        0x4 ./Drivers/BSP/STM32F429I-Discovery/stm32f429i_discovery.o
                0x08001674                IOE_Delay
 .text.FillBuffer
                0x08001678       0x64 ./Drivers/BSP/STM32F429I-Discovery/stm32f429i_discovery_lcd.o
 .text.BSP_LCD_GetXSize
                0x080016dc       0x10 ./Drivers/BSP/STM32F429I-Discovery/stm32f429i_discovery_lcd.o
                0x080016dc                BSP_LCD_GetXSize
 .text.BSP_LCD_GetYSize
                0x080016ec       0x10 ./Drivers/BSP/STM32F429I-Discovery/stm32f429i_discovery_lcd.o
                0x080016ec                BSP_LCD_GetYSize
 .text.BSP_LCD_LayerDefaultInit
                0x080016fc       0x7c ./Drivers/BSP/STM32F429I-Discovery/stm32f429i_discovery_lcd.o
                0x080016fc                BSP_LCD_LayerDefaultInit
 .text.BSP_LCD_SelectLayer
                0x08001778        0xc ./Drivers/BSP/STM32F429I-Discovery/stm32f429i_discovery_lcd.o
                0x08001778                BSP_LCD_SelectLayer
 .text.BSP_LCD_SetTextColor
                0x08001784       0x18 ./Drivers/BSP/STM32F429I-Discovery/stm32f429i_discovery_lcd.o
                0x08001784                BSP_LCD_SetTextColor
 .text.BSP_LCD_SetBackColor
                0x0800179c       0x18 ./Drivers/BSP/STM32F429I-Discovery/stm32f429i_discovery_lcd.o
                0x0800179c                BSP_LCD_SetBackColor
 .text.BSP_LCD_SetFont
                0x080017b4       0x18 ./Drivers/BSP/STM32F429I-Discovery/stm32f429i_discovery_lcd.o
                0x080017b4                BSP_LCD_SetFont
 .text.BSP_LCD_Clear
                0x080017cc       0x3c ./Drivers/BSP/STM32F429I-Discovery/stm32f429i_discovery_lcd.o
                0x080017cc                BSP_LCD_Clear
 .text.BSP_LCD_FillRect
                0x08001808       0x70 ./Drivers/BSP/STM32F429I-Discovery/stm32f429i_discovery_lcd.o
                0x08001808                BSP_LCD_FillRect
 .text.BSP_LCD_MspInit
                0x08001878      0x148 ./Drivers/BSP/STM32F429I-Discovery/stm32f429i_discovery_lcd.o
                0x08001878                BSP_LCD_MspInit
 .text.BSP_LCD_Init
                0x080019c0       0x94 ./Drivers/BSP/STM32F429I-Discovery/stm32f429i_discovery_lcd.o
                0x080019c0                BSP_LCD_Init
 .text.BSP_LCD_DrawPixel
                0x08001a54       0x2c ./Drivers/BSP/STM32F429I-Discovery/stm32f429i_discovery_lcd.o
                0x08001a54                BSP_LCD_DrawPixel
 .text.BSP_LCD_DisplayChar
                0x08001a80       0xcc ./Drivers/BSP/STM32F429I-Discovery/stm32f429i_discovery_lcd.o
                0x08001a80                BSP_LCD_DisplayChar
 .text.BSP_LCD_DisplayStringAt
                0x08001b4c       0xbc ./Drivers/BSP/STM32F429I-Discovery/stm32f429i_discovery_lcd.o
                0x08001b4c                BSP_LCD_DisplayStringAt
 .text.BSP_SDRAM_Initialization_sequence
                0x08001c08       0x94 ./Drivers/BSP/STM32F429I-Discovery/stm32f429i_discovery_sdram.o
                0x08001c08                BSP_SDRAM_Initialization_sequence
 .text.BSP_SDRAM_MspInit
                0x08001c9c      0x18c ./Drivers/BSP/STM32F429I-Discovery/stm32f429i_discovery_sdram.o
                0x08001c9c                BSP_SDRAM_MspInit
 .text.BSP_SDRAM_Init
                0x08001e28       0x7c ./Drivers/BSP/STM32F429I-Discovery/stm32f429i_discovery_sdram.o
                0x08001e28                BSP_SDRAM_Init
 .text.BSP_TS_Init
                0x08001ea4       0x44 ./Drivers/BSP/STM32F429I-Discovery/stm32f429i_discovery_ts.o
                0x08001ea4                BSP_TS_Init
 .text.BSP_TS_GetState
                0x08001ee8       0xd4 ./Drivers/BSP/STM32F429I-Discovery/stm32f429i_discovery_ts.o
                0x08001ee8                BSP_TS_GetState
 .text.HAL_InitTick
                0x08001fbc       0x48 ./Drivers/STM32F4xx_HAL_Driver/Src/stm32f4xx_hal.o
                0x08001fbc                HAL_InitTick
 .text.HAL_Init
                0x08002004       0x34 ./Drivers/STM32F4xx_HAL_Driver/Src/stm32f4xx_hal.o
                0x08002004                HAL_Init
 .text.HAL_IncTick
                0x08002038       0x18 ./Drivers/STM32F4xx_HAL_Driver/Src/stm32f4xx_hal.o
                0x08002038                HAL_IncTick
 .text.HAL_GetTick
                0x08002050        0xc ./Drivers/STM32F4xx_HAL_Driver/Src/stm32f4xx_hal.o
                0x08002050                HAL_GetTick
 .text.HAL_Delay
                0x0800205c       0x28 ./Drivers/STM32F4xx_HAL_Driver/Src/stm32f4xx_hal.o
                0x0800205c                HAL_Delay
 .text.HAL_NVIC_SetPriorityGrouping
                0x08002084       0x24 ./Drivers/STM32F4xx_HAL_Driver/Src/stm32f4xx_hal_cortex.o
                0x08002084                HAL_NVIC_SetPriorityGrouping
 .text.HAL_NVIC_SetPriority
                0x080020a8       0x64 ./Drivers/STM32F4xx_HAL_Driver/Src/stm32f4xx_hal_cortex.o
                0x080020a8                HAL_NVIC_SetPriority
 .text.HAL_NVIC_EnableIRQ
                0x0800210c       0x1c ./Drivers/STM32F4xx_HAL_Driver/Src/stm32f4xx_hal_cortex.o
                0x0800210c                HAL_NVIC_EnableIRQ
 .text.HAL_SYSTICK_Config
                0x08002128       0x28 ./Drivers/STM32F4xx_HAL_Driver/Src/stm32f4xx_hal_cortex.o
                0x08002128                HAL_SYSTICK_Config
 .text.DMA_CalcBaseAndBitshift
                0x08002150       0x2c ./Drivers/STM32F4xx_HAL_Driver/Src/stm32f4xx_hal_dma.o
 .text.HAL_DMA_Init
                0x0800217c       0xfc ./Drivers/STM32F4xx_HAL_Driver/Src/stm32f4xx_hal_dma.o
                0x0800217c                HAL_DMA_Init
 .text.HAL_DMA_DeInit
                0x08002278       0x54 ./Drivers/STM32F4xx_HAL_Driver/Src/stm32f4xx_hal_dma.o
                0x08002278                HAL_DMA_DeInit
 .text.DMA2D_SetConfig
                0x080022cc       0x82 ./Drivers/STM32F4xx_HAL_Driver/Src/stm32f4xx_hal_dma2d.o
 .text.HAL_DMA2D_MspInit
                0x0800234e        0x2 ./Drivers/STM32F4xx_HAL_Driver/Src/stm32f4xx_hal_dma2d.o
                0x0800234e                HAL_DMA2D_MspInit
 .text.HAL_DMA2D_Init
                0x08002350       0x54 ./Drivers/STM32F4xx_HAL_Driver/Src/stm32f4xx_hal_dma2d.o
                0x08002350                HAL_DMA2D_Init
 .text.HAL_DMA2D_Start
                0x080023a4       0x34 ./Drivers/STM32F4xx_HAL_Driver/Src/stm32f4xx_hal_dma2d.o
                0x080023a4                HAL_DMA2D_Start
 .text.HAL_DMA2D_PollForTransfer
                0x080023d8       0xfa ./Drivers/STM32F4xx_HAL_Driver/Src/stm32f4xx_hal_dma2d.o
                0x080023d8                HAL_DMA2D_PollForTransfer
 *fill*         0x080024d2        0x2 
 .text.HAL_DMA2D_ConfigLayer
                0x080024d4       0x88 ./Drivers/STM32F4xx_HAL_Driver/Src/stm32f4xx_hal_dma2d.o
                0x080024d4                HAL_DMA2D_ConfigLayer
 .text.HAL_GPIO_Init
                0x0800255c      0x1c8 ./Drivers/STM32F4xx_HAL_Driver/Src/stm32f4xx_hal_gpio.o
                0x0800255c                HAL_GPIO_Init
 .text.HAL_GPIO_DeInit
                0x08002724      0x134 ./Drivers/STM32F4xx_HAL_Driver/Src/stm32f4xx_hal_gpio.o
                0x08002724                HAL_GPIO_DeInit
 .text.HAL_GPIO_WritePin
                0x08002858        0xa ./Drivers/STM32F4xx_HAL_Driver/Src/stm32f4xx_hal_gpio.o
                0x08002858                HAL_GPIO_WritePin
 .text.I2C_IsAcknowledgeFailed
                0x08002862       0x34 ./Drivers/STM32F4xx_HAL_Driver/Src/stm32f4xx_hal_i2c.o
 .text.I2C_WaitOnFlagUntilTimeout
                0x08002896       0x80 ./Drivers/STM32F4xx_HAL_Driver/Src/stm32f4xx_hal_i2c.o
 .text.I2C_WaitOnMasterAddressFlagUntilTimeout
                0x08002916       0x84 ./Drivers/STM32F4xx_HAL_Driver/Src/stm32f4xx_hal_i2c.o
 .text.I2C_WaitOnTXEFlagUntilTimeout
                0x0800299a       0x54 ./Drivers/STM32F4xx_HAL_Driver/Src/stm32f4xx_hal_i2c.o
 *fill*         0x080029ee        0x2 
 .text.I2C_RequestMemoryWrite
                0x080029f0       0xb4 ./Drivers/STM32F4xx_HAL_Driver/Src/stm32f4xx_hal_i2c.o
 .text.I2C_RequestMemoryRead
                0x08002aa4      0x104 ./Drivers/STM32F4xx_HAL_Driver/Src/stm32f4xx_hal_i2c.o
 .text.I2C_WaitOnBTFFlagUntilTimeout
                0x08002ba8       0x54 ./Drivers/STM32F4xx_HAL_Driver/Src/stm32f4xx_hal_i2c.o
 .text.I2C_WaitOnRXNEFlagUntilTimeout
                0x08002bfc       0x66 ./Drivers/STM32F4xx_HAL_Driver/Src/stm32f4xx_hal_i2c.o
 *fill*         0x08002c62        0x2 
 .text.HAL_I2C_Init
                0x08002c64      0x150 ./Drivers/STM32F4xx_HAL_Driver/Src/stm32f4xx_hal_i2c.o
                0x08002c64                HAL_I2C_Init
 .text.HAL_I2C_DeInit
                0x08002db4       0x32 ./Drivers/STM32F4xx_HAL_Driver/Src/stm32f4xx_hal_i2c.o
                0x08002db4                HAL_I2C_DeInit
 *fill*         0x08002de6        0x2 
 .text.HAL_I2C_Mem_Write
                0x08002de8      0x120 ./Drivers/STM32F4xx_HAL_Driver/Src/stm32f4xx_hal_i2c.o
                0x08002de8                HAL_I2C_Mem_Write
 .text.HAL_I2C_Mem_Read
                0x08002f08      0x220 ./Drivers/STM32F4xx_HAL_Driver/Src/stm32f4xx_hal_i2c.o
                0x08002f08                HAL_I2C_Mem_Read
 .text.HAL_I2C_GetState
                0x08003128        0x6 ./Drivers/STM32F4xx_HAL_Driver/Src/stm32f4xx_hal_i2c.o
                0x08003128                HAL_I2C_GetState
 *fill*         0x0800312e        0x2 
 .text.LTDC_SetConfig
                0x08003130       0xe8 ./Drivers/STM32F4xx_HAL_Driver/Src/stm32f4xx_hal_ltdc.o
 .text.HAL_LTDC_MspInit
                0x08003218        0x2 ./Drivers/STM32F4xx_HAL_Driver/Src/stm32f4xx_hal_ltdc.o
                0x08003218                HAL_LTDC_MspInit
 .text.HAL_LTDC_Init
                0x0800321a       0xaa ./Drivers/STM32F4xx_HAL_Driver/Src/stm32f4xx_hal_ltdc.o
                0x0800321a                HAL_LTDC_Init
 .text.HAL_LTDC_ConfigLayer
                0x080032c4       0x5a ./Drivers/STM32F4xx_HAL_Driver/Src/stm32f4xx_hal_ltdc.o
                0x080032c4                HAL_LTDC_ConfigLayer
 *fill*         0x0800331e        0x2 
 .text.HAL_LTDC_EnableDither
                0x08003320       0x30 ./Drivers/STM32F4xx_HAL_Driver/Src/stm32f4xx_hal_ltdc.o
                0x08003320                HAL_LTDC_EnableDither
 .text.HAL_PWREx_EnableOverDrive
                0x08003350       0x74 ./Drivers/STM32F4xx_HAL_Driver/Src/stm32f4xx_hal_pwr_ex.o
                0x08003350                HAL_PWREx_EnableOverDrive
 .text.HAL_RCC_OscConfig
                0x080033c4      0x35c ./Drivers/STM32F4xx_HAL_Driver/Src/stm32f4xx_hal_rcc.o
                0x080033c4                HAL_RCC_OscConfig
 .text.HAL_RCC_GetSysClockFreq
                0x08003720       0x5c ./Drivers/STM32F4xx_HAL_Driver/Src/stm32f4xx_hal_rcc.o
                0x08003720                HAL_RCC_GetSysClockFreq
 .text.HAL_RCC_ClockConfig
                0x0800377c      0x134 ./Drivers/STM32F4xx_HAL_Driver/Src/stm32f4xx_hal_rcc.o
                0x0800377c                HAL_RCC_ClockConfig
 .text.HAL_RCC_GetPCLK1Freq
                0x080038b0       0x20 ./Drivers/STM32F4xx_HAL_Driver/Src/stm32f4xx_hal_rcc.o
                0x080038b0                HAL_RCC_GetPCLK1Freq
 .text.HAL_RCCEx_PeriphCLKConfig
                0x080038d0      0x258 ./Drivers/STM32F4xx_HAL_Driver/Src/stm32f4xx_hal_rcc_ex.o
                0x080038d0                HAL_RCCEx_PeriphCLKConfig
 .text.HAL_SDRAM_MspInit
                0x08003b28        0x2 ./Drivers/STM32F4xx_HAL_Driver/Src/stm32f4xx_hal_sdram.o
                0x08003b28                HAL_SDRAM_MspInit
 .text.HAL_SDRAM_Init
                0x08003b2a       0x40 ./Drivers/STM32F4xx_HAL_Driver/Src/stm32f4xx_hal_sdram.o
                0x08003b2a                HAL_SDRAM_Init
 .text.HAL_SDRAM_SendCommand
                0x08003b6a       0x3c ./Drivers/STM32F4xx_HAL_Driver/Src/stm32f4xx_hal_sdram.o
                0x08003b6a                HAL_SDRAM_SendCommand
 .text.HAL_SDRAM_ProgramRefreshRate
                0x08003ba6       0x30 ./Drivers/STM32F4xx_HAL_Driver/Src/stm32f4xx_hal_sdram.o
                0x08003ba6                HAL_SDRAM_ProgramRefreshRate
 *fill*         0x08003bd6        0x2 
 .text.SPI_WaitFlagStateUntilTimeout
                0x08003bd8       0xb8 ./Drivers/STM32F4xx_HAL_Driver/Src/stm32f4xx_hal_spi.o
 .text.SPI_EndRxTxTransaction
                0x08003c90       0x78 ./Drivers/STM32F4xx_HAL_Driver/Src/stm32f4xx_hal_spi.o
 .text.SPI_EndRxTransaction
                0x08003d08       0x5c ./Drivers/STM32F4xx_HAL_Driver/Src/stm32f4xx_hal_spi.o
 .text.HAL_SPI_MspInit
                0x08003d64        0x2 ./Drivers/STM32F4xx_HAL_Driver/Src/stm32f4xx_hal_spi.o
                0x08003d64                HAL_SPI_MspInit
 .text.HAL_SPI_Init
                0x08003d66       0xb8 ./Drivers/STM32F4xx_HAL_Driver/Src/stm32f4xx_hal_spi.o
                0x08003d66                HAL_SPI_Init
 .text.HAL_SPI_MspDeInit
                0x08003e1e        0x2 ./Drivers/STM32F4xx_HAL_Driver/Src/stm32f4xx_hal_spi.o
                0x08003e1e                HAL_SPI_MspDeInit
 .text.HAL_SPI_DeInit
                0x08003e20       0x2c ./Drivers/STM32F4xx_HAL_Driver/Src/stm32f4xx_hal_spi.o
                0x08003e20                HAL_SPI_DeInit
 .text.HAL_SPI_Transmit
                0x08003e4c      0x160 ./Drivers/STM32F4xx_HAL_Driver/Src/stm32f4xx_hal_spi.o
                0x08003e4c                HAL_SPI_Transmit
 .text.HAL_SPI_TransmitReceive
                0x08003fac      0x1f8 ./Drivers/STM32F4xx_HAL_Driver/Src/stm32f4xx_hal_spi.o
                0x08003fac                HAL_SPI_TransmitReceive
 .text.HAL_SPI_Receive
                0x080041a4      0x146 ./Drivers/STM32F4xx_HAL_Driver/Src/stm32f4xx_hal_spi.o
                0x080041a4                HAL_SPI_Receive
 .text.HAL_SPI_GetState
                0x080042ea        0x6 ./Drivers/STM32F4xx_HAL_Driver/Src/stm32f4xx_hal_spi.o
                0x080042ea                HAL_SPI_GetState
 .text.HAL_TIM_PeriodElapsedCallback
                0x080042f0        0x2 ./Drivers/STM32F4xx_HAL_Driver/Src/stm32f4xx_hal_tim.o
                0x080042f0                HAL_TIM_PeriodElapsedCallback
 .text.HAL_TIM_OC_DelayElapsedCallback
                0x080042f2        0x2 ./Drivers/STM32F4xx_HAL_Driver/Src/stm32f4xx_hal_tim.o
                0x080042f2                HAL_TIM_OC_DelayElapsedCallback
 .text.HAL_TIM_IC_CaptureCallback
                0x080042f4        0x2 ./Drivers/STM32F4xx_HAL_Driver/Src/stm32f4xx_hal_tim.o
                0x080042f4                HAL_TIM_IC_CaptureCallback
 .text.HAL_TIM_PWM_PulseFinishedCallback
                0x080042f6        0x2 ./Drivers/STM32F4xx_HAL_Driver/Src/stm32f4xx_hal_tim.o
                0x080042f6                HAL_TIM_PWM_PulseFinishedCallback
 .text.HAL_TIM_TriggerCallback
                0x080042f8        0x2 ./Drivers/STM32F4xx_HAL_Driver/Src/stm32f4xx_hal_tim.o
                0x080042f8                HAL_TIM_TriggerCallback
 .text.HAL_TIM_IRQHandler
                0x080042fa      0x128 ./Drivers/STM32F4xx_HAL_Driver/Src/stm32f4xx_hal_tim.o
                0x080042fa                HAL_TIM_IRQHandler
 .text.HAL_TIMEx_CommutCallback
                0x08004422        0x2 ./Drivers/STM32F4xx_HAL_Driver/Src/stm32f4xx_hal_tim_ex.o
                0x08004422                HAL_TIMEx_CommutCallback
 .text.HAL_TIMEx_BreakCallback
                0x08004424        0x2 ./Drivers/STM32F4xx_HAL_Driver/Src/stm32f4xx_hal_tim_ex.o
                0x08004424                HAL_TIMEx_BreakCallback
 .text.FMC_SDRAM_Init
                0x08004426       0x6c ./Drivers/STM32F4xx_HAL_Driver/Src/stm32f4xx_ll_fmc.o
                0x08004426                FMC_SDRAM_Init
 .text.FMC_SDRAM_Timing_Init
                0x08004492       0x6c ./Drivers/STM32F4xx_HAL_Driver/Src/stm32f4xx_ll_fmc.o
                0x08004492                FMC_SDRAM_Timing_Init
 .text.FMC_SDRAM_SendCommand
                0x080044fe       0x48 ./Drivers/STM32F4xx_HAL_Driver/Src/stm32f4xx_ll_fmc.o
                0x080044fe                FMC_SDRAM_SendCommand
 .text.FMC_SDRAM_ProgramRefreshRate
                0x08004546       0x10 ./Drivers/STM32F4xx_HAL_Driver/Src/stm32f4xx_ll_fmc.o
                0x08004546                FMC_SDRAM_ProgramRefreshRate
 .text.osKernelStart
                0x08004556        0xa ./Middlewares/Third_Party/FreeRTOS/Source/CMSIS_RTOS/cmsis_os.o
                0x08004556                osKernelStart
 .text.osThreadCreate
                0x08004560       0x30 ./Middlewares/Third_Party/FreeRTOS/Source/CMSIS_RTOS/cmsis_os.o
                0x08004560                osThreadCreate
 .text.osDelay  0x08004590       0x10 ./Middlewares/Third_Party/FreeRTOS/Source/CMSIS_RTOS/cmsis_os.o
                0x08004590                osDelay
 .text.vListInitialise
                0x080045a0       0x16 ./Middlewares/Third_Party/FreeRTOS/Source/list.o
                0x080045a0                vListInitialise
 .text.vListInitialiseItem
                0x080045b6        0x6 ./Middlewares/Third_Party/FreeRTOS/Source/list.o
                0x080045b6                vListInitialiseItem
 .text.vListInsertEnd
                0x080045bc       0x16 ./Middlewares/Third_Party/FreeRTOS/Source/list.o
                0x080045bc                vListInsertEnd
 .text.vListInsert
                0x080045d2       0x2e ./Middlewares/Third_Party/FreeRTOS/Source/list.o
                0x080045d2                vListInsert
 .text.uxListRemove
                0x08004600       0x20 ./Middlewares/Third_Party/FreeRTOS/Source/list.o
                0x08004600                uxListRemove
 .text.prvAddCurrentTaskToDelayedList
                0x08004620       0x88 ./Middlewares/Third_Party/FreeRTOS/Source/tasks.o
 .text.prvResetNextTaskUnblockTime
                0x080046a8       0x24 ./Middlewares/Third_Party/FreeRTOS/Source/tasks.o
 .text.prvIdleTask
                0x080046cc       0x68 ./Middlewares/Third_Party/FreeRTOS/Source/tasks.o
 .text.xTaskCreate
                0x08004734      0x1c0 ./Middlewares/Third_Party/FreeRTOS/Source/tasks.o
                0x08004734                xTaskCreate
 .text.vTaskStartScheduler
                0x080048f4       0x60 ./Middlewares/Third_Party/FreeRTOS/Source/tasks.o
                0x080048f4                vTaskStartScheduler
 .text.vTaskSuspendAll
                0x08004954       0x10 ./Middlewares/Third_Party/FreeRTOS/Source/tasks.o
                0x08004954                vTaskSuspendAll
 .text.xTaskIncrementTick
                0x08004964      0x11c ./Middlewares/Third_Party/FreeRTOS/Source/tasks.o
                0x08004964                xTaskIncrementTick
 .text.xTaskResumeAll
                0x08004a80       0xd8 ./Middlewares/Third_Party/FreeRTOS/Source/tasks.o
                0x08004a80                xTaskResumeAll
 .text.vTaskDelay
                0x08004b58       0x2e ./Middlewares/Third_Party/FreeRTOS/Source/tasks.o
                0x08004b58                vTaskDelay
 *fill*         0x08004b86        0x2 
 .text.vTaskSwitchContext
                0x08004b88       0x5c ./Middlewares/Third_Party/FreeRTOS/Source/tasks.o
                0x08004b88                vTaskSwitchContext
 .text.prvTaskExitError
                0x08004be4       0x20 ./Middlewares/Third_Party/FreeRTOS/Source/portable/GCC/ARM_CM4F/port.o
 .text.prvPortStartFirstTask
                0x08004c04       0x28 ./Middlewares/Third_Party/FreeRTOS/Source/portable/GCC/ARM_CM4F/port.o
 .text.vPortEnableVFP
                0x08004c2c       0x14 ./Middlewares/Third_Party/FreeRTOS/Source/portable/GCC/ARM_CM4F/port.o
 .text.pxPortInitialiseStack
                0x08004c40       0x2c ./Middlewares/Third_Party/FreeRTOS/Source/portable/GCC/ARM_CM4F/port.o
                0x08004c40                pxPortInitialiseStack
 *fill*         0x08004c6c        0x4 
 .text.SVC_Handler
                0x08004c70       0x24 ./Middlewares/Third_Party/FreeRTOS/Source/portable/GCC/ARM_CM4F/port.o
                0x08004c70                SVC_Handler
 .text.vPortEnterCritical
                0x08004c94       0x20 ./Middlewares/Third_Party/FreeRTOS/Source/portable/GCC/ARM_CM4F/port.o
                0x08004c94                vPortEnterCritical
 .text.vPortExitCritical
                0x08004cb4       0x14 ./Middlewares/Third_Party/FreeRTOS/Source/portable/GCC/ARM_CM4F/port.o
                0x08004cb4                vPortExitCritical
 *fill*         0x08004cc8        0x8 
 .text.PendSV_Handler
                0x08004cd0       0x64 ./Middlewares/Third_Party/FreeRTOS/Source/portable/GCC/ARM_CM4F/port.o
                0x08004cd0                PendSV_Handler
 .text.xPortSysTickHandler
                0x08004d34       0x2c ./Middlewares/Third_Party/FreeRTOS/Source/portable/GCC/ARM_CM4F/port.o
                0x08004d34                xPortSysTickHandler
 .text.vPortSetupTimerInterrupt
                0x08004d60       0x24 ./Middlewares/Third_Party/FreeRTOS/Source/portable/GCC/ARM_CM4F/port.o
                0x08004d60                vPortSetupTimerInterrupt
 .text.xPortStartScheduler
                0x08004d84       0x4c ./Middlewares/Third_Party/FreeRTOS/Source/portable/GCC/ARM_CM4F/port.o
                0x08004d84                xPortStartScheduler
 .text.prvInsertBlockIntoFreeList
                0x08004dd0       0x4c ./Middlewares/Third_Party/FreeRTOS/Source/portable/MemMang/heap_4.o
 .text.pvPortMalloc
                0x08004e1c      0x100 ./Middlewares/Third_Party/FreeRTOS/Source/portable/MemMang/heap_4.o
                0x08004e1c                pvPortMalloc
 .text.vPortFree
                0x08004f1c       0x58 ./Middlewares/Third_Party/FreeRTOS/Source/portable/MemMang/heap_4.o
                0x08004f1c                vPortFree
 .text.srand    0x08004f74       0x5c C:/ST/STM32CubeIDE_1.18.0/STM32CubeIDE/plugins/com.st.stm32cube.ide.mcu.externaltools.gnu-tools-for-stm32.13.3.rel1.win32_1.0.0.202411081344/tools/bin/../lib/gcc/arm-none-eabi/13.3.1/../../../../arm-none-eabi/lib/thumb/v7e-m+fp/hard\libc_nano.a(libc_a-rand.o)
                0x08004f74                srand
 .text.rand     0x08004fd0       0x7c C:/ST/STM32CubeIDE_1.18.0/STM32CubeIDE/plugins/com.st.stm32cube.ide.mcu.externaltools.gnu-tools-for-stm32.13.3.rel1.win32_1.0.0.202411081344/tools/bin/../lib/gcc/arm-none-eabi/13.3.1/../../../../arm-none-eabi/lib/thumb/v7e-m+fp/hard\libc_nano.a(libc_a-rand.o)
                0x08004fd0                rand
 .text.std      0x0800504c       0x6c C:/ST/STM32CubeIDE_1.18.0/STM32CubeIDE/plugins/com.st.stm32cube.ide.mcu.externaltools.gnu-tools-for-stm32.13.3.rel1.win32_1.0.0.202411081344/tools/bin/../lib/gcc/arm-none-eabi/13.3.1/../../../../arm-none-eabi/lib/thumb/v7e-m+fp/hard\libc_nano.a(libc_a-findfp.o)
 .text.stdio_exit_handler
                0x080050b8       0x18 C:/ST/STM32CubeIDE_1.18.0/STM32CubeIDE/plugins/com.st.stm32cube.ide.mcu.externaltools.gnu-tools-for-stm32.13.3.rel1.win32_1.0.0.202411081344/tools/bin/../lib/gcc/arm-none-eabi/13.3.1/../../../../arm-none-eabi/lib/thumb/v7e-m+fp/hard\libc_nano.a(libc_a-findfp.o)
 .text.cleanup_stdio
                0x080050d0       0x40 C:/ST/STM32CubeIDE_1.18.0/STM32CubeIDE/plugins/com.st.stm32cube.ide.mcu.externaltools.gnu-tools-for-stm32.13.3.rel1.win32_1.0.0.202411081344/tools/bin/../lib/gcc/arm-none-eabi/13.3.1/../../../../arm-none-eabi/lib/thumb/v7e-m+fp/hard\libc_nano.a(libc_a-findfp.o)
 .text.global_stdio_init.part.0
                0x08005110       0x3c C:/ST/STM32CubeIDE_1.18.0/STM32CubeIDE/plugins/com.st.stm32cube.ide.mcu.externaltools.gnu-tools-for-stm32.13.3.rel1.win32_1.0.0.202411081344/tools/bin/../lib/gcc/arm-none-eabi/13.3.1/../../../../arm-none-eabi/lib/thumb/v7e-m+fp/hard\libc_nano.a(libc_a-findfp.o)
 .text.__sfp_lock_acquire
                0x0800514c        0xc C:/ST/STM32CubeIDE_1.18.0/STM32CubeIDE/plugins/com.st.stm32cube.ide.mcu.externaltools.gnu-tools-for-stm32.13.3.rel1.win32_1.0.0.202411081344/tools/bin/../lib/gcc/arm-none-eabi/13.3.1/../../../../arm-none-eabi/lib/thumb/v7e-m+fp/hard\libc_nano.a(libc_a-findfp.o)
                0x0800514c                __sfp_lock_acquire
 .text.__sfp_lock_release
                0x08005158        0xc C:/ST/STM32CubeIDE_1.18.0/STM32CubeIDE/plugins/com.st.stm32cube.ide.mcu.externaltools.gnu-tools-for-stm32.13.3.rel1.win32_1.0.0.202411081344/tools/bin/../lib/gcc/arm-none-eabi/13.3.1/../../../../arm-none-eabi/lib/thumb/v7e-m+fp/hard\libc_nano.a(libc_a-findfp.o)
                0x08005158                __sfp_lock_release
 .text.__sinit  0x08005164       0x30 C:/ST/STM32CubeIDE_1.18.0/STM32CubeIDE/plugins/com.st.stm32cube.ide.mcu.externaltools.gnu-tools-for-stm32.13.3.rel1.win32_1.0.0.202411081344/tools/bin/../lib/gcc/arm-none-eabi/13.3.1/../../../../arm-none-eabi/lib/thumb/v7e-m+fp/hard\libc_nano.a(libc_a-findfp.o)
                0x08005164                __sinit
 .text._fwalk_sglue
                0x08005194       0x3c C:/ST/STM32CubeIDE_1.18.0/STM32CubeIDE/plugins/com.st.stm32cube.ide.mcu.externaltools.gnu-tools-for-stm32.13.3.rel1.win32_1.0.0.202411081344/tools/bin/../lib/gcc/arm-none-eabi/13.3.1/../../../../arm-none-eabi/lib/thumb/v7e-m+fp/hard\libc_nano.a(libc_a-fwalk.o)
                0x08005194                _fwalk_sglue
 .text.__sread  0x080051d0       0x22 C:/ST/STM32CubeIDE_1.18.0/STM32CubeIDE/plugins/com.st.stm32cube.ide.mcu.externaltools.gnu-tools-for-stm32.13.3.rel1.win32_1.0.0.202411081344/tools/bin/../lib/gcc/arm-none-eabi/13.3.1/../../../../arm-none-eabi/lib/thumb/v7e-m+fp/hard\libc_nano.a(libc_a-stdio.o)
                0x080051d0                __sread
 .text.__swrite
                0x080051f2       0x38 C:/ST/STM32CubeIDE_1.18.0/STM32CubeIDE/plugins/com.st.stm32cube.ide.mcu.externaltools.gnu-tools-for-stm32.13.3.rel1.win32_1.0.0.202411081344/tools/bin/../lib/gcc/arm-none-eabi/13.3.1/../../../../arm-none-eabi/lib/thumb/v7e-m+fp/hard\libc_nano.a(libc_a-stdio.o)
                0x080051f2                __swrite
 .text.__sseek  0x0800522a       0x24 C:/ST/STM32CubeIDE_1.18.0/STM32CubeIDE/plugins/com.st.stm32cube.ide.mcu.externaltools.gnu-tools-for-stm32.13.3.rel1.win32_1.0.0.202411081344/tools/bin/../lib/gcc/arm-none-eabi/13.3.1/../../../../arm-none-eabi/lib/thumb/v7e-m+fp/hard\libc_nano.a(libc_a-stdio.o)
                0x0800522a                __sseek
 .text.__sclose
                0x0800524e        0x8 C:/ST/STM32CubeIDE_1.18.0/STM32CubeIDE/plugins/com.st.stm32cube.ide.mcu.externaltools.gnu-tools-for-stm32.13.3.rel1.win32_1.0.0.202411081344/tools/bin/../lib/gcc/arm-none-eabi/13.3.1/../../../../arm-none-eabi/lib/thumb/v7e-m+fp/hard\libc_nano.a(libc_a-stdio.o)
                0x0800524e                __sclose
 .text.memset   0x08005256       0x10 C:/ST/STM32CubeIDE_1.18.0/STM32CubeIDE/plugins/com.st.stm32cube.ide.mcu.externaltools.gnu-tools-for-stm32.13.3.rel1.win32_1.0.0.202411081344/tools/bin/../lib/gcc/arm-none-eabi/13.3.1/../../../../arm-none-eabi/lib/thumb/v7e-m+fp/hard\libc_nano.a(libc_a-memset.o)
                0x08005256                memset
 *fill*         0x08005266        0x2 
 .text._close_r
                0x08005268       0x20 C:/ST/STM32CubeIDE_1.18.0/STM32CubeIDE/plugins/com.st.stm32cube.ide.mcu.externaltools.gnu-tools-for-stm32.13.3.rel1.win32_1.0.0.202411081344/tools/bin/../lib/gcc/arm-none-eabi/13.3.1/../../../../arm-none-eabi/lib/thumb/v7e-m+fp/hard\libc_nano.a(libc_a-closer.o)
                0x08005268                _close_r
 .text._lseek_r
                0x08005288       0x24 C:/ST/STM32CubeIDE_1.18.0/STM32CubeIDE/plugins/com.st.stm32cube.ide.mcu.externaltools.gnu-tools-for-stm32.13.3.rel1.win32_1.0.0.202411081344/tools/bin/../lib/gcc/arm-none-eabi/13.3.1/../../../../arm-none-eabi/lib/thumb/v7e-m+fp/hard\libc_nano.a(libc_a-lseekr.o)
                0x08005288                _lseek_r
 .text._read_r  0x080052ac       0x24 C:/ST/STM32CubeIDE_1.18.0/STM32CubeIDE/plugins/com.st.stm32cube.ide.mcu.externaltools.gnu-tools-for-stm32.13.3.rel1.win32_1.0.0.202411081344/tools/bin/../lib/gcc/arm-none-eabi/13.3.1/../../../../arm-none-eabi/lib/thumb/v7e-m+fp/hard\libc_nano.a(libc_a-readr.o)
                0x080052ac                _read_r
 .text._write_r
                0x080052d0       0x24 C:/ST/STM32CubeIDE_1.18.0/STM32CubeIDE/plugins/com.st.stm32cube.ide.mcu.externaltools.gnu-tools-for-stm32.13.3.rel1.win32_1.0.0.202411081344/tools/bin/../lib/gcc/arm-none-eabi/13.3.1/../../../../arm-none-eabi/lib/thumb/v7e-m+fp/hard\libc_nano.a(libc_a-writer.o)
                0x080052d0                _write_r
 .text.__errno  0x080052f4        0xc C:/ST/STM32CubeIDE_1.18.0/STM32CubeIDE/plugins/com.st.stm32cube.ide.mcu.externaltools.gnu-tools-for-stm32.13.3.rel1.win32_1.0.0.202411081344/tools/bin/../lib/gcc/arm-none-eabi/13.3.1/../../../../arm-none-eabi/lib/thumb/v7e-m+fp/hard\libc_nano.a(libc_a-errno.o)
                0x080052f4                __errno
 .text.__libc_init_array
                0x08005300       0x48 C:/ST/STM32CubeIDE_1.18.0/STM32CubeIDE/plugins/com.st.stm32cube.ide.mcu.externaltools.gnu-tools-for-stm32.13.3.rel1.win32_1.0.0.202411081344/tools/bin/../lib/gcc/arm-none-eabi/13.3.1/../../../../arm-none-eabi/lib/thumb/v7e-m+fp/hard\libc_nano.a(libc_a-init.o)
                0x08005300                __libc_init_array
 .text.__retarget_lock_init_recursive
                0x08005348        0x2 C:/ST/STM32CubeIDE_1.18.0/STM32CubeIDE/plugins/com.st.stm32cube.ide.mcu.externaltools.gnu-tools-for-stm32.13.3.rel1.win32_1.0.0.202411081344/tools/bin/../lib/gcc/arm-none-eabi/13.3.1/../../../../arm-none-eabi/lib/thumb/v7e-m+fp/hard\libc_nano.a(libc_a-lock.o)
                0x08005348                __retarget_lock_init_recursive
 .text.__retarget_lock_acquire_recursive
                0x0800534a        0x2 C:/ST/STM32CubeIDE_1.18.0/STM32CubeIDE/plugins/com.st.stm32cube.ide.mcu.externaltools.gnu-tools-for-stm32.13.3.rel1.win32_1.0.0.202411081344/tools/bin/../lib/gcc/arm-none-eabi/13.3.1/../../../../arm-none-eabi/lib/thumb/v7e-m+fp/hard\libc_nano.a(libc_a-lock.o)
                0x0800534a                __retarget_lock_acquire_recursive
 .text.__retarget_lock_release_recursive
                0x0800534c        0x2 C:/ST/STM32CubeIDE_1.18.0/STM32CubeIDE/plugins/com.st.stm32cube.ide.mcu.externaltools.gnu-tools-for-stm32.13.3.rel1.win32_1.0.0.202411081344/tools/bin/../lib/gcc/arm-none-eabi/13.3.1/../../../../arm-none-eabi/lib/thumb/v7e-m+fp/hard\libc_nano.a(libc_a-lock.o)
                0x0800534c                __retarget_lock_release_recursive
 *fill*         0x0800534e        0x2 
 .text.__assert_func
                0x08005350       0x3c C:/ST/STM32CubeIDE_1.18.0/STM32CubeIDE/plugins/com.st.stm32cube.ide.mcu.externaltools.gnu-tools-for-stm32.13.3.rel1.win32_1.0.0.202411081344/tools/bin/../lib/gcc/arm-none-eabi/13.3.1/../../../../arm-none-eabi/lib/thumb/v7e-m+fp/hard\libc_nano.a(libc_a-assert.o)
                0x08005350                __assert_func
 .text._free_r  0x0800538c       0x94 C:/ST/STM32CubeIDE_1.18.0/STM32CubeIDE/plugins/com.st.stm32cube.ide.mcu.externaltools.gnu-tools-for-stm32.13.3.rel1.win32_1.0.0.202411081344/tools/bin/../lib/gcc/arm-none-eabi/13.3.1/../../../../arm-none-eabi/lib/thumb/v7e-m+fp/hard\libc_nano.a(libc_a-freer.o)
                0x0800538c                _free_r
 .text.malloc   0x08005420       0x10 C:/ST/STM32CubeIDE_1.18.0/STM32CubeIDE/plugins/com.st.stm32cube.ide.mcu.externaltools.gnu-tools-for-stm32.13.3.rel1.win32_1.0.0.202411081344/tools/bin/../lib/gcc/arm-none-eabi/13.3.1/../../../../arm-none-eabi/lib/thumb/v7e-m+fp/hard\libc_nano.a(libc_a-malloc.o)
                0x08005420                malloc
 .text.sbrk_aligned
                0x08005430       0x44 C:/ST/STM32CubeIDE_1.18.0/STM32CubeIDE/plugins/com.st.stm32cube.ide.mcu.externaltools.gnu-tools-for-stm32.13.3.rel1.win32_1.0.0.202411081344/tools/bin/../lib/gcc/arm-none-eabi/13.3.1/../../../../arm-none-eabi/lib/thumb/v7e-m+fp/hard\libc_nano.a(libc_a-mallocr.o)
 .text._malloc_r
                0x08005474      0x100 C:/ST/STM32CubeIDE_1.18.0/STM32CubeIDE/plugins/com.st.stm32cube.ide.mcu.externaltools.gnu-tools-for-stm32.13.3.rel1.win32_1.0.0.202411081344/tools/bin/../lib/gcc/arm-none-eabi/13.3.1/../../../../arm-none-eabi/lib/thumb/v7e-m+fp/hard\libc_nano.a(libc_a-mallocr.o)
                0x08005474                _malloc_r
 .text.__malloc_lock
                0x08005574        0xc C:/ST/STM32CubeIDE_1.18.0/STM32CubeIDE/plugins/com.st.stm32cube.ide.mcu.externaltools.gnu-tools-for-stm32.13.3.rel1.win32_1.0.0.202411081344/tools/bin/../lib/gcc/arm-none-eabi/13.3.1/../../../../arm-none-eabi/lib/thumb/v7e-m+fp/hard\libc_nano.a(libc_a-mlock.o)
                0x08005574                __malloc_lock
 .text.__malloc_unlock
                0x08005580        0xc C:/ST/STM32CubeIDE_1.18.0/STM32CubeIDE/plugins/com.st.stm32cube.ide.mcu.externaltools.gnu-tools-for-stm32.13.3.rel1.win32_1.0.0.202411081344/tools/bin/../lib/gcc/arm-none-eabi/13.3.1/../../../../arm-none-eabi/lib/thumb/v7e-m+fp/hard\libc_nano.a(libc_a-mlock.o)
                0x08005580                __malloc_unlock
 .text.__sflush_r
                0x0800558c      0x108 C:/ST/STM32CubeIDE_1.18.0/STM32CubeIDE/plugins/com.st.stm32cube.ide.mcu.externaltools.gnu-tools-for-stm32.13.3.rel1.win32_1.0.0.202411081344/tools/bin/../lib/gcc/arm-none-eabi/13.3.1/../../../../arm-none-eabi/lib/thumb/v7e-m+fp/hard\libc_nano.a(libc_a-fflush.o)
                0x0800558c                __sflush_r
 .text._fflush_r
                0x08005694       0x50 C:/ST/STM32CubeIDE_1.18.0/STM32CubeIDE/plugins/com.st.stm32cube.ide.mcu.externaltools.gnu-tools-for-stm32.13.3.rel1.win32_1.0.0.202411081344/tools/bin/../lib/gcc/arm-none-eabi/13.3.1/../../../../arm-none-eabi/lib/thumb/v7e-m+fp/hard\libc_nano.a(libc_a-fflush.o)
                0x08005694                _fflush_r
 .text.fprintf  0x080056e4       0x24 C:/ST/STM32CubeIDE_1.18.0/STM32CubeIDE/plugins/com.st.stm32cube.ide.mcu.externaltools.gnu-tools-for-stm32.13.3.rel1.win32_1.0.0.202411081344/tools/bin/../lib/gcc/arm-none-eabi/13.3.1/../../../../arm-none-eabi/lib/thumb/v7e-m+fp/hard\libc_nano.a(libc_a-fprintf.o)
                0x080056e4                fiprintf
                0x080056e4                fprintf
 .text._sbrk_r  0x08005708       0x20 C:/ST/STM32CubeIDE_1.18.0/STM32CubeIDE/plugins/com.st.stm32cube.ide.mcu.externaltools.gnu-tools-for-stm32.13.3.rel1.win32_1.0.0.202411081344/tools/bin/../lib/gcc/arm-none-eabi/13.3.1/../../../../arm-none-eabi/lib/thumb/v7e-m+fp/hard\libc_nano.a(libc_a-sbrkr.o)
                0x08005708                _sbrk_r
 .text.abort    0x08005728        0xe C:/ST/STM32CubeIDE_1.18.0/STM32CubeIDE/plugins/com.st.stm32cube.ide.mcu.externaltools.gnu-tools-for-stm32.13.3.rel1.win32_1.0.0.202411081344/tools/bin/../lib/gcc/arm-none-eabi/13.3.1/../../../../arm-none-eabi/lib/thumb/v7e-m+fp/hard\libc_nano.a(libc_a-abort.o)
                0x08005728                abort
 .text.__sfputc_r
                0x08005736       0x2e C:/ST/STM32CubeIDE_1.18.0/STM32CubeIDE/plugins/com.st.stm32cube.ide.mcu.externaltools.gnu-tools-for-stm32.13.3.rel1.win32_1.0.0.202411081344/tools/bin/../lib/gcc/arm-none-eabi/13.3.1/../../../../arm-none-eabi/lib/thumb/v7e-m+fp/hard\libc_nano.a(libc_a-nano-vfprintf.o)
 .text.__sfputs_r
                0x08005764       0x24 C:/ST/STM32CubeIDE_1.18.0/STM32CubeIDE/plugins/com.st.stm32cube.ide.mcu.externaltools.gnu-tools-for-stm32.13.3.rel1.win32_1.0.0.202411081344/tools/bin/../lib/gcc/arm-none-eabi/13.3.1/../../../../arm-none-eabi/lib/thumb/v7e-m+fp/hard\libc_nano.a(libc_a-nano-vfprintf.o)
                0x08005764                __sfputs_r
 .text._vfprintf_r
                0x08005788      0x230 C:/ST/STM32CubeIDE_1.18.0/STM32CubeIDE/plugins/com.st.stm32cube.ide.mcu.externaltools.gnu-tools-for-stm32.13.3.rel1.win32_1.0.0.202411081344/tools/bin/../lib/gcc/arm-none-eabi/13.3.1/../../../../arm-none-eabi/lib/thumb/v7e-m+fp/hard\libc_nano.a(libc_a-nano-vfprintf.o)
                0x08005788                _vfprintf_r
                0x08005788                _vfiprintf_r
 .text._printf_common
                0x080059b8       0xda C:/ST/STM32CubeIDE_1.18.0/STM32CubeIDE/plugins/com.st.stm32cube.ide.mcu.externaltools.gnu-tools-for-stm32.13.3.rel1.win32_1.0.0.202411081344/tools/bin/../lib/gcc/arm-none-eabi/13.3.1/../../../../arm-none-eabi/lib/thumb/v7e-m+fp/hard\libc_nano.a(libc_a-nano-vfprintf_i.o)
                0x080059b8                _printf_common
 *fill*         0x08005a92        0x2 
 .text._printf_i
                0x08005a94      0x23c C:/ST/STM32CubeIDE_1.18.0/STM32CubeIDE/plugins/com.st.stm32cube.ide.mcu.externaltools.gnu-tools-for-stm32.13.3.rel1.win32_1.0.0.202411081344/tools/bin/../lib/gcc/arm-none-eabi/13.3.1/../../../../arm-none-eabi/lib/thumb/v7e-m+fp/hard\libc_nano.a(libc_a-nano-vfprintf_i.o)
                0x08005a94                _printf_i
 .text.__swbuf_r
                0x08005cd0       0x7c C:/ST/STM32CubeIDE_1.18.0/STM32CubeIDE/plugins/com.st.stm32cube.ide.mcu.externaltools.gnu-tools-for-stm32.13.3.rel1.win32_1.0.0.202411081344/tools/bin/../lib/gcc/arm-none-eabi/13.3.1/../../../../arm-none-eabi/lib/thumb/v7e-m+fp/hard\libc_nano.a(libc_a-wbuf.o)
                0x08005cd0                __swbuf_r
 .text.__swsetup_r
                0x08005d4c       0xac C:/ST/STM32CubeIDE_1.18.0/STM32CubeIDE/plugins/com.st.stm32cube.ide.mcu.externaltools.gnu-tools-for-stm32.13.3.rel1.win32_1.0.0.202411081344/tools/bin/../lib/gcc/arm-none-eabi/13.3.1/../../../../arm-none-eabi/lib/thumb/v7e-m+fp/hard\libc_nano.a(libc_a-wsetup.o)
                0x08005d4c                __swsetup_r
 .text._raise_r
                0x08005df8       0x50 C:/ST/STM32CubeIDE_1.18.0/STM32CubeIDE/plugins/com.st.stm32cube.ide.mcu.externaltools.gnu-tools-for-stm32.13.3.rel1.win32_1.0.0.202411081344/tools/bin/../lib/gcc/arm-none-eabi/13.3.1/../../../../arm-none-eabi/lib/thumb/v7e-m+fp/hard\libc_nano.a(libc_a-signal.o)
                0x08005df8                _raise_r
 .text.raise    0x08005e48       0x10 C:/ST/STM32CubeIDE_1.18.0/STM32CubeIDE/plugins/com.st.stm32cube.ide.mcu.externaltools.gnu-tools-for-stm32.13.3.rel1.win32_1.0.0.202411081344/tools/bin/../lib/gcc/arm-none-eabi/13.3.1/../../../../arm-none-eabi/lib/thumb/v7e-m+fp/hard\libc_nano.a(libc_a-signal.o)
                0x08005e48                raise
 .text._kill_r  0x08005e58       0x24 C:/ST/STM32CubeIDE_1.18.0/STM32CubeIDE/plugins/com.st.stm32cube.ide.mcu.externaltools.gnu-tools-for-stm32.13.3.rel1.win32_1.0.0.202411081344/tools/bin/../lib/gcc/arm-none-eabi/13.3.1/../../../../arm-none-eabi/lib/thumb/v7e-m+fp/hard\libc_nano.a(libc_a-signalr.o)
                0x08005e58                _kill_r
 .text._getpid_r
                0x08005e7c        0x4 C:/ST/STM32CubeIDE_1.18.0/STM32CubeIDE/plugins/com.st.stm32cube.ide.mcu.externaltools.gnu-tools-for-stm32.13.3.rel1.win32_1.0.0.202411081344/tools/bin/../lib/gcc/arm-none-eabi/13.3.1/../../../../arm-none-eabi/lib/thumb/v7e-m+fp/hard\libc_nano.a(libc_a-signalr.o)
                0x08005e7c                _getpid_r
 .text.__swhatbuf_r
                0x08005e80       0x4c C:/ST/STM32CubeIDE_1.18.0/STM32CubeIDE/plugins/com.st.stm32cube.ide.mcu.externaltools.gnu-tools-for-stm32.13.3.rel1.win32_1.0.0.202411081344/tools/bin/../lib/gcc/arm-none-eabi/13.3.1/../../../../arm-none-eabi/lib/thumb/v7e-m+fp/hard\libc_nano.a(libc_a-makebuf.o)
                0x08005e80                __swhatbuf_r
 .text.__smakebuf_r
                0x08005ecc       0x78 C:/ST/STM32CubeIDE_1.18.0/STM32CubeIDE/plugins/com.st.stm32cube.ide.mcu.externaltools.gnu-tools-for-stm32.13.3.rel1.win32_1.0.0.202411081344/tools/bin/../lib/gcc/arm-none-eabi/13.3.1/../../../../arm-none-eabi/lib/thumb/v7e-m+fp/hard\libc_nano.a(libc_a-makebuf.o)
                0x08005ecc                __smakebuf_r
 .text._fstat_r
                0x08005f44       0x24 C:/ST/STM32CubeIDE_1.18.0/STM32CubeIDE/plugins/com.st.stm32cube.ide.mcu.externaltools.gnu-tools-for-stm32.13.3.rel1.win32_1.0.0.202411081344/tools/bin/../lib/gcc/arm-none-eabi/13.3.1/../../../../arm-none-eabi/lib/thumb/v7e-m+fp/hard\libc_nano.a(libc_a-fstatr.o)
                0x08005f44                _fstat_r
 .text._isatty_r
                0x08005f68       0x20 C:/ST/STM32CubeIDE_1.18.0/STM32CubeIDE/plugins/com.st.stm32cube.ide.mcu.externaltools.gnu-tools-for-stm32.13.3.rel1.win32_1.0.0.202411081344/tools/bin/../lib/gcc/arm-none-eabi/13.3.1/../../../../arm-none-eabi/lib/thumb/v7e-m+fp/hard\libc_nano.a(libc_a-isattyr.o)
                0x08005f68                _isatty_r
 *(.glue_7)
 .glue_7        0x08005f88        0x0 linker stubs
 *(.glue_7t)
 .glue_7t       0x08005f88        0x0 linker stubs
 *(.eh_frame)
 .eh_frame      0x08005f88        0x0 C:/ST/STM32CubeIDE_1.18.0/STM32CubeIDE/plugins/com.st.stm32cube.ide.mcu.externaltools.gnu-tools-for-stm32.13.3.rel1.win32_1.0.0.202411081344/tools/bin/../lib/gcc/arm-none-eabi/13.3.1/thumb/v7e-m+fp/hard/crtbegin.o
 *(.init)
 .init          0x08005f88        0x4 C:/ST/STM32CubeIDE_1.18.0/STM32CubeIDE/plugins/com.st.stm32cube.ide.mcu.externaltools.gnu-tools-for-stm32.13.3.rel1.win32_1.0.0.202411081344/tools/bin/../lib/gcc/arm-none-eabi/13.3.1/thumb/v7e-m+fp/hard/crti.o
                0x08005f88                _init
 .init          0x08005f8c        0x8 C:/ST/STM32CubeIDE_1.18.0/STM32CubeIDE/plugins/com.st.stm32cube.ide.mcu.externaltools.gnu-tools-for-stm32.13.3.rel1.win32_1.0.0.202411081344/tools/bin/../lib/gcc/arm-none-eabi/13.3.1/thumb/v7e-m+fp/hard/crtn.o
 *(.fini)
 .fini          0x08005f94        0x4 C:/ST/STM32CubeIDE_1.18.0/STM32CubeIDE/plugins/com.st.stm32cube.ide.mcu.externaltools.gnu-tools-for-stm32.13.3.rel1.win32_1.0.0.202411081344/tools/bin/../lib/gcc/arm-none-eabi/13.3.1/thumb/v7e-m+fp/hard/crti.o
                0x08005f94                _fini
 .fini          0x08005f98        0x8 C:/ST/STM32CubeIDE_1.18.0/STM32CubeIDE/plugins/com.st.stm32cube.ide.mcu.externaltools.gnu-tools-for-stm32.13.3.rel1.win32_1.0.0.202411081344/tools/bin/../lib/gcc/arm-none-eabi/13.3.1/thumb/v7e-m+fp/hard/crtn.o
                0x08005fa0                        . = ALIGN (0x4)
                0x08005fa0                        _etext = .

.vfp11_veneer   0x08005fa0        0x0
 .vfp11_veneer  0x08005fa0        0x0 linker stubs

.v4_bx          0x08005fa0        0x0
 .v4_bx         0x08005fa0        0x0 linker stubs

.iplt           0x08005fa0        0x0
 .iplt          0x08005fa0        0x0 C:/ST/STM32CubeIDE_1.18.0/STM32CubeIDE/plugins/com.st.stm32cube.ide.mcu.externaltools.gnu-tools-for-stm32.13.3.rel1.win32_1.0.0.202411081344/tools/bin/../lib/gcc/arm-none-eabi/13.3.1/thumb/v7e-m+fp/hard/crtbegin.o

.rodata         0x08005fa0     0x1c28
                0x08005fa0                        . = ALIGN (0x4)
 *(.rodata)
 .rodata        0x08005fa0       0x3c ./Core/Src/main.o
 *(.rodata*)
 .rodata.StartGameTask.str1.1
                0x08005fdc      0x10c ./Core/Src/main.o
                                  0xa (size before relaxing)
 .rodata.str1.1
                0x080060e8       0x1f ./Core/Src/main.o
 .rodata.APBPrescTable
                0x080060e8        0x8 ./Core/Src/system_stm32f4xx.o
                0x080060e8                APBPrescTable
 .rodata.AHBPrescTable
                0x080060f0       0x10 ./Core/Src/system_stm32f4xx.o
                0x080060f0                AHBPrescTable
 .rodata.Font24_Table
                0x08006100     0x1ab8 ./Drivers/BSP/STM32F429I-Discovery/stm32f429i_discovery_lcd.o
                0x08006100                Font24_Table
 .rodata.flagBitshiftOffset.0
                0x08007bb8        0x8 ./Drivers/STM32F4xx_HAL_Driver/Src/stm32f4xx_hal_dma.o
 .rodata.CSWTCH.1
                0x08007bc0        0x8 ./Drivers/STM32F4xx_HAL_Driver/Src/stm32f4xx_hal_ltdc.o
 .rodata.vTaskStartScheduler.str1.1
                0x08007bc8        0x5 ./Middlewares/Third_Party/FreeRTOS/Source/tasks.o
 .rodata.srand.str1.1
                0x08007bc8       0x6f C:/ST/STM32CubeIDE_1.18.0/STM32CubeIDE/plugins/com.st.stm32cube.ide.mcu.externaltools.gnu-tools-for-stm32.13.3.rel1.win32_1.0.0.202411081344/tools/bin/../lib/gcc/arm-none-eabi/13.3.1/../../../../arm-none-eabi/lib/thumb/v7e-m+fp/hard\libc_nano.a(libc_a-rand.o)
 .rodata.__assert_func.str1.1
                0x08007bc8       0x3d C:/ST/STM32CubeIDE_1.18.0/STM32CubeIDE/plugins/com.st.stm32cube.ide.mcu.externaltools.gnu-tools-for-stm32.13.3.rel1.win32_1.0.0.202411081344/tools/bin/../lib/gcc/arm-none-eabi/13.3.1/../../../../arm-none-eabi/lib/thumb/v7e-m+fp/hard\libc_nano.a(libc_a-assert.o)
 .rodata._vfprintf_r.str1.1
                0x08007bc8       0x11 C:/ST/STM32CubeIDE_1.18.0/STM32CubeIDE/plugins/com.st.stm32cube.ide.mcu.externaltools.gnu-tools-for-stm32.13.3.rel1.win32_1.0.0.202411081344/tools/bin/../lib/gcc/arm-none-eabi/13.3.1/../../../../arm-none-eabi/lib/thumb/v7e-m+fp/hard\libc_nano.a(libc_a-nano-vfprintf.o)
 .rodata._printf_i.str1.1
                0x08007bc8       0x22 C:/ST/STM32CubeIDE_1.18.0/STM32CubeIDE/plugins/com.st.stm32cube.ide.mcu.externaltools.gnu-tools-for-stm32.13.3.rel1.win32_1.0.0.202411081344/tools/bin/../lib/gcc/arm-none-eabi/13.3.1/../../../../arm-none-eabi/lib/thumb/v7e-m+fp/hard\libc_nano.a(libc_a-nano-vfprintf_i.o)
                0x08007c38                        . = ALIGN (0x4)

.ARM.extab      0x08007bc8        0x0
                0x08007bc8                        . = ALIGN (0x4)
 *(.ARM.extab* .gnu.linkonce.armextab.*)
                0x08007bc8                        . = ALIGN (0x4)

.ARM            0x08007bc8        0x8
                0x08007bc8                        . = ALIGN (0x4)
                0x08007bc8                        __exidx_start = .
 *(.ARM.exidx*)
 .ARM.exidx     0x08007bc8        0x8 C:/ST/STM32CubeIDE_1.18.0/STM32CubeIDE/plugins/com.st.stm32cube.ide.mcu.externaltools.gnu-tools-for-stm32.13.3.rel1.win32_1.0.0.202411081344/tools/bin/../lib/gcc/arm-none-eabi/13.3.1/../../../../arm-none-eabi/lib/thumb/v7e-m+fp/hard\libc_nano.a(libc_a-strlen.o)
 .ARM.exidx     0x08007bd0        0x0 C:/ST/STM32CubeIDE_1.18.0/STM32CubeIDE/plugins/com.st.stm32cube.ide.mcu.externaltools.gnu-tools-for-stm32.13.3.rel1.win32_1.0.0.202411081344/tools/bin/../lib/gcc/arm-none-eabi/13.3.1/../../../../arm-none-eabi/lib/thumb/v7e-m+fp/hard\libc_nano.a(libc_a-memchr.o)
                                  0x8 (size before relaxing)
 .ARM.exidx     0x08007bd0        0x0 C:/ST/STM32CubeIDE_1.18.0/STM32CubeIDE/plugins/com.st.stm32cube.ide.mcu.externaltools.gnu-tools-for-stm32.13.3.rel1.win32_1.0.0.202411081344/tools/bin/../lib/gcc/arm-none-eabi/13.3.1/thumb/v7e-m+fp/hard\libgcc.a(_udivmoddi4.o)
                                  0x8 (size before relaxing)
                0x08007bd0                        __exidx_end = .
                0x08007bd0                        . = ALIGN (0x4)

.preinit_array  0x08007bd0        0x0
                0x08007bd0                        . = ALIGN (0x4)
                0x08007bd0                        PROVIDE (__preinit_array_start = .)
 *(.preinit_array*)
                0x08007bd0                        PROVIDE (__preinit_array_end = .)
                0x08007bd0                        . = ALIGN (0x4)

.init_array     0x08007bd0        0x4
                0x08007bd0                        . = ALIGN (0x4)
                0x08007bd0                        PROVIDE (__init_array_start = .)
 *(SORT_BY_NAME(.init_array.*))
 *(.init_array*)
 .init_array    0x08007bd0        0x4 C:/ST/STM32CubeIDE_1.18.0/STM32CubeIDE/plugins/com.st.stm32cube.ide.mcu.externaltools.gnu-tools-for-stm32.13.3.rel1.win32_1.0.0.202411081344/tools/bin/../lib/gcc/arm-none-eabi/13.3.1/thumb/v7e-m+fp/hard/crtbegin.o
                0x08007bd4                        PROVIDE (__init_array_end = .)
                0x08007bd4                        . = ALIGN (0x4)

.fini_array     0x08007bd4        0x4
                0x08007bd4                        . = ALIGN (0x4)
                [!provide]                        PROVIDE (__fini_array_start = .)
 *(SORT_BY_NAME(.fini_array.*))
 *(.fini_array*)
 .fini_array    0x08007bd4        0x4 C:/ST/STM32CubeIDE_1.18.0/STM32CubeIDE/plugins/com.st.stm32cube.ide.mcu.externaltools.gnu-tools-for-stm32.13.3.rel1.win32_1.0.0.202411081344/tools/bin/../lib/gcc/arm-none-eabi/13.3.1/thumb/v7e-m+fp/hard/crtbegin.o
                [!provide]                        PROVIDE (__fini_array_end = .)
                0x08007bd8                        . = ALIGN (0x4)
                0x08007bd8                        _sidata = LOADADDR (.data)

.rel.dyn        0x08007bd8        0x0
 .rel.iplt      0x08007bd8        0x0 C:/ST/STM32CubeIDE_1.18.0/STM32CubeIDE/plugins/com.st.stm32cube.ide.mcu.externaltools.gnu-tools-for-stm32.13.3.rel1.win32_1.0.0.202411081344/tools/bin/../lib/gcc/arm-none-eabi/13.3.1/thumb/v7e-m+fp/hard/crtbegin.o

.data           0x20000000       0xf8 load address 0x08007bd8
                0x20000000                        . = ALIGN (0x4)
                0x20000000                        _sdata = .
 *(.data)
 *(.data*)
 .data.foodY    0x20000000        0x4 ./Core/Src/main.o
                0x20000000                foodY
 .data.foodX    0x20000004        0x4 ./Core/Src/main.o
                0x20000004                foodX
 .data.startY   0x20000008        0x4 ./Core/Src/main.o
                0x20000008                startY
 .data.startX   0x2000000c        0x4 ./Core/Src/main.o
                0x2000000c                startX
 .data.snakeLength
                0x20000010        0x4 ./Core/Src/main.o
                0x20000010                snakeLength
 .data.snakeDir
                0x20000014        0x4 ./Core/Src/main.o
                0x20000014                snakeDir
 .data.gameSpeed
                0x20000018        0x4 ./Core/Src/main.o
                0x20000018                gameSpeed
 .data.SystemCoreClock
                0x2000001c        0x4 ./Core/Src/system_stm32f4xx.o
                0x2000001c                SystemCoreClock
 .data.ili9341_drv
                0x20000020       0x38 ./Drivers/BSP/Components/ili9341/ili9341.o
                0x20000020                ili9341_drv
 .data.stmpe811_ts_drv
                0x20000058       0x28 ./Drivers/BSP/Components/stmpe811/stmpe811.o
                0x20000058                stmpe811_ts_drv
 .data.SpixTimeout
                0x20000080        0x4 ./Drivers/BSP/STM32F429I-Discovery/stm32f429i_discovery.o
                0x20000080                SpixTimeout
 .data.I2cxTimeout
                0x20000084        0x4 ./Drivers/BSP/STM32F429I-Discovery/stm32f429i_discovery.o
                0x20000084                I2cxTimeout
 .data.Font24   0x20000088        0x8 ./Drivers/BSP/STM32F429I-Discovery/stm32f429i_discovery_lcd.o
                0x20000088                Font24
 .data.sdramstatus.2
                0x20000090        0x1 ./Drivers/BSP/STM32F429I-Discovery/stm32f429i_discovery_sdram.o
 .data.uwTickFreq
                0x20000091        0x1 ./Drivers/STM32F4xx_HAL_Driver/Src/stm32f4xx_hal.o
                0x20000091                uwTickFreq
 *fill*         0x20000092        0x2 
 .data.uwTickPrio
                0x20000094        0x4 ./Drivers/STM32F4xx_HAL_Driver/Src/stm32f4xx_hal.o
                0x20000094                uwTickPrio
 .data.uxCriticalNesting
                0x20000098        0x4 ./Middlewares/Third_Party/FreeRTOS/Source/portable/GCC/ARM_CM4F/port.o
 .data.__sglue  0x2000009c        0xc C:/ST/STM32CubeIDE_1.18.0/STM32CubeIDE/plugins/com.st.stm32cube.ide.mcu.externaltools.gnu-tools-for-stm32.13.3.rel1.win32_1.0.0.202411081344/tools/bin/../lib/gcc/arm-none-eabi/13.3.1/../../../../arm-none-eabi/lib/thumb/v7e-m+fp/hard\libc_nano.a(libc_a-findfp.o)
                0x2000009c                __sglue
 .data._impure_ptr
                0x200000a8        0x4 C:/ST/STM32CubeIDE_1.18.0/STM32CubeIDE/plugins/com.st.stm32cube.ide.mcu.externaltools.gnu-tools-for-stm32.13.3.rel1.win32_1.0.0.202411081344/tools/bin/../lib/gcc/arm-none-eabi/13.3.1/../../../../arm-none-eabi/lib/thumb/v7e-m+fp/hard\libc_nano.a(libc_a-impure.o)
                0x200000a8                _impure_ptr
 .data._impure_data
                0x200000ac       0x4c C:/ST/STM32CubeIDE_1.18.0/STM32CubeIDE/plugins/com.st.stm32cube.ide.mcu.externaltools.gnu-tools-for-stm32.13.3.rel1.win32_1.0.0.202411081344/tools/bin/../lib/gcc/arm-none-eabi/13.3.1/../../../../arm-none-eabi/lib/thumb/v7e-m+fp/hard\libc_nano.a(libc_a-impure.o)
                0x200000ac                _impure_data
 *(.RamFunc)
 *(.RamFunc*)
                0x200000f8                        . = ALIGN (0x4)
                0x200000f8                        _edata = .
                0x08007cd0                        _siccmram = LOADADDR (.ccmram)

.igot.plt       0x200000f8        0x0 load address 0x08007cd0
 .igot.plt      0x200000f8        0x0 C:/ST/STM32CubeIDE_1.18.0/STM32CubeIDE/plugins/com.st.stm32cube.ide.mcu.externaltools.gnu-tools-for-stm32.13.3.rel1.win32_1.0.0.202411081344/tools/bin/../lib/gcc/arm-none-eabi/13.3.1/thumb/v7e-m+fp/hard/crtbegin.o

.ccmram         0x10000000        0x0 load address 0x08007cd0
                0x10000000                        . = ALIGN (0x4)
                0x10000000                        _sccmram = .
 *(.ccmram)
 *(.ccmram*)
                0x10000000                        . = ALIGN (0x4)
                0x10000000                        _eccmram = .
                0x10000000                        . = ALIGN (0x4)

.bss            0x200000f8     0x59d4
                0x200000f8                        _sbss = .
                0x200000f8                        __bss_start__ = _sbss
 *(.bss)
 .bss           0x200000f8       0x1c C:/ST/STM32CubeIDE_1.18.0/STM32CubeIDE/plugins/com.st.stm32cube.ide.mcu.externaltools.gnu-tools-for-stm32.13.3.rel1.win32_1.0.0.202411081344/tools/bin/../lib/gcc/arm-none-eabi/13.3.1/thumb/v7e-m+fp/hard/crtbegin.o
 *(.bss*)
 .bss.TS_State  0x20000114        0x8 ./Core/Src/main.o
                0x20000114                TS_State
 .bss.inputTaskHandle
                0x2000011c        0x4 ./Core/Src/main.o
                0x2000011c                inputTaskHandle
 .bss.displayTaskHandle
                0x20000120        0x4 ./Core/Src/main.o
                0x20000120                displayTaskHandle
 .bss.gameTaskHandle
                0x20000124        0x4 ./Core/Src/main.o
                0x20000124                gameTaskHandle
 .bss.snakeY    0x20000128      0xc00 ./Core/Src/main.o
                0x20000128                snakeY
 .bss.snakeX    0x20000d28      0xc00 ./Core/Src/main.o
                0x20000d28                snakeX
 .bss.gameStatus
                0x20001928        0x4 ./Core/Src/main.o
                0x20001928                gameStatus
 .bss.htim6     0x2000192c       0x48 ./Core/Src/main.o
                0x2000192c                htim6
 .bss.__sbrk_heap_end
                0x20001974        0x4 ./Core/Src/sysmem.o
 .bss.stmpe811  0x20001978        0x2 ./Drivers/BSP/Components/stmpe811/stmpe811.o
                0x20001978                stmpe811
 .bss.Is_LCD_IO_Initialized
                0x2000197a        0x1 ./Drivers/BSP/STM32F429I-Discovery/stm32f429i_discovery.o
 *fill*         0x2000197b        0x1 
 .bss.SpiHandle
                0x2000197c       0x58 ./Drivers/BSP/STM32F429I-Discovery/stm32f429i_discovery.o
 .bss.I2cHandle
                0x200019d4       0x54 ./Drivers/BSP/STM32F429I-Discovery/stm32f429i_discovery.o
                0x200019d4                I2cHandle
 .bss.LcdDrv    0x20001a28        0x4 ./Drivers/BSP/STM32F429I-Discovery/stm32f429i_discovery_lcd.o
                0x20001a28                LcdDrv
 .bss.DrawProp  0x20001a2c       0x18 ./Drivers/BSP/STM32F429I-Discovery/stm32f429i_discovery_lcd.o
 .bss.ActiveLayer
                0x20001a44        0x4 ./Drivers/BSP/STM32F429I-Discovery/stm32f429i_discovery_lcd.o
 .bss.PeriphClkInitStruct
                0x20001a48       0x30 ./Drivers/BSP/STM32F429I-Discovery/stm32f429i_discovery_lcd.o
 .bss.Dma2dHandler
                0x20001a78       0x40 ./Drivers/BSP/STM32F429I-Discovery/stm32f429i_discovery_lcd.o
 .bss.LtdcHandler
                0x20001ab8       0xa8 ./Drivers/BSP/STM32F429I-Discovery/stm32f429i_discovery_lcd.o
                0x20001ab8                LtdcHandler
 .bss.dmaHandle.1
                0x20001b60       0x60 ./Drivers/BSP/STM32F429I-Discovery/stm32f429i_discovery_sdram.o
 .bss.Command   0x20001bc0       0x10 ./Drivers/BSP/STM32F429I-Discovery/stm32f429i_discovery_sdram.o
 .bss.Timing    0x20001bd0       0x1c ./Drivers/BSP/STM32F429I-Discovery/stm32f429i_discovery_sdram.o
 .bss.SdramHandle
                0x20001bec       0x34 ./Drivers/BSP/STM32F429I-Discovery/stm32f429i_discovery_sdram.o
 .bss._y.0      0x20001c20        0x4 ./Drivers/BSP/STM32F429I-Discovery/stm32f429i_discovery_ts.o
 .bss._x.1      0x20001c24        0x4 ./Drivers/BSP/STM32F429I-Discovery/stm32f429i_discovery_ts.o
 .bss.TsYBoundary
                0x20001c28        0x2 ./Drivers/BSP/STM32F429I-Discovery/stm32f429i_discovery_ts.o
 .bss.TsXBoundary
                0x20001c2a        0x2 ./Drivers/BSP/STM32F429I-Discovery/stm32f429i_discovery_ts.o
 .bss.TsDrv     0x20001c2c        0x4 ./Drivers/BSP/STM32F429I-Discovery/stm32f429i_discovery_ts.o
 .bss.uwTick    0x20001c30        0x4 ./Drivers/STM32F4xx_HAL_Driver/Src/stm32f4xx_hal.o
                0x20001c30                uwTick
 .bss.uxSchedulerSuspended
                0x20001c34        0x4 ./Middlewares/Third_Party/FreeRTOS/Source/tasks.o
 .bss.xIdleTaskHandle
                0x20001c38        0x4 ./Middlewares/Third_Party/FreeRTOS/Source/tasks.o
 .bss.xNextTaskUnblockTime
                0x20001c3c        0x4 ./Middlewares/Third_Party/FreeRTOS/Source/tasks.o
 .bss.uxTaskNumber
                0x20001c40        0x4 ./Middlewares/Third_Party/FreeRTOS/Source/tasks.o
 .bss.xNumOfOverflows
                0x20001c44        0x4 ./Middlewares/Third_Party/FreeRTOS/Source/tasks.o
 .bss.xYieldPending
                0x20001c48        0x4 ./Middlewares/Third_Party/FreeRTOS/Source/tasks.o
 .bss.xPendedTicks
                0x20001c4c        0x4 ./Middlewares/Third_Party/FreeRTOS/Source/tasks.o
 .bss.xSchedulerRunning
                0x20001c50        0x4 ./Middlewares/Third_Party/FreeRTOS/Source/tasks.o
 .bss.uxTopReadyPriority
                0x20001c54        0x4 ./Middlewares/Third_Party/FreeRTOS/Source/tasks.o
 .bss.xTickCount
                0x20001c58        0x4 ./Middlewares/Third_Party/FreeRTOS/Source/tasks.o
 .bss.uxCurrentNumberOfTasks
                0x20001c5c        0x4 ./Middlewares/Third_Party/FreeRTOS/Source/tasks.o
 .bss.xSuspendedTaskList
                0x20001c60       0x14 ./Middlewares/Third_Party/FreeRTOS/Source/tasks.o
 .bss.uxDeletedTasksWaitingCleanUp
                0x20001c74        0x4 ./Middlewares/Third_Party/FreeRTOS/Source/tasks.o
 .bss.xTasksWaitingTermination
                0x20001c78       0x14 ./Middlewares/Third_Party/FreeRTOS/Source/tasks.o
 .bss.xPendingReadyList
                0x20001c8c       0x14 ./Middlewares/Third_Party/FreeRTOS/Source/tasks.o
 .bss.pxOverflowDelayedTaskList
                0x20001ca0        0x4 ./Middlewares/Third_Party/FreeRTOS/Source/tasks.o
 .bss.pxDelayedTaskList
                0x20001ca4        0x4 ./Middlewares/Third_Party/FreeRTOS/Source/tasks.o
 .bss.xDelayedTaskList2
                0x20001ca8       0x14 ./Middlewares/Third_Party/FreeRTOS/Source/tasks.o
 .bss.xDelayedTaskList1
                0x20001cbc       0x14 ./Middlewares/Third_Party/FreeRTOS/Source/tasks.o
 .bss.pxReadyTasksLists
                0x20001cd0       0x8c ./Middlewares/Third_Party/FreeRTOS/Source/tasks.o
 .bss.pxCurrentTCB
                0x20001d5c        0x4 ./Middlewares/Third_Party/FreeRTOS/Source/tasks.o
                0x20001d5c                pxCurrentTCB
 .bss.xBlockAllocatedBit
                0x20001d60        0x4 ./Middlewares/Third_Party/FreeRTOS/Source/portable/MemMang/heap_4.o
 .bss.xNumberOfSuccessfulFrees
                0x20001d64        0x4 ./Middlewares/Third_Party/FreeRTOS/Source/portable/MemMang/heap_4.o
 .bss.xNumberOfSuccessfulAllocations
                0x20001d68        0x4 ./Middlewares/Third_Party/FreeRTOS/Source/portable/MemMang/heap_4.o
 .bss.xMinimumEverFreeBytesRemaining
                0x20001d6c        0x4 ./Middlewares/Third_Party/FreeRTOS/Source/portable/MemMang/heap_4.o
 .bss.xFreeBytesRemaining
                0x20001d70        0x4 ./Middlewares/Third_Party/FreeRTOS/Source/portable/MemMang/heap_4.o
 .bss.pxEnd     0x20001d74        0x4 ./Middlewares/Third_Party/FreeRTOS/Source/portable/MemMang/heap_4.o
 .bss.xStart    0x20001d78        0x8 ./Middlewares/Third_Party/FreeRTOS/Source/portable/MemMang/heap_4.o
 .bss.ucHeap    0x20001d80     0x3c00 ./Middlewares/Third_Party/FreeRTOS/Source/portable/MemMang/heap_4.o
 .bss.__sf      0x20005980      0x138 C:/ST/STM32CubeIDE_1.18.0/STM32CubeIDE/plugins/com.st.stm32cube.ide.mcu.externaltools.gnu-tools-for-stm32.13.3.rel1.win32_1.0.0.202411081344/tools/bin/../lib/gcc/arm-none-eabi/13.3.1/../../../../arm-none-eabi/lib/thumb/v7e-m+fp/hard\libc_nano.a(libc_a-findfp.o)
                0x20005980                __sf
 .bss.__stdio_exit_handler
                0x20005ab8        0x4 C:/ST/STM32CubeIDE_1.18.0/STM32CubeIDE/plugins/com.st.stm32cube.ide.mcu.externaltools.gnu-tools-for-stm32.13.3.rel1.win32_1.0.0.202411081344/tools/bin/../lib/gcc/arm-none-eabi/13.3.1/../../../../arm-none-eabi/lib/thumb/v7e-m+fp/hard\libc_nano.a(libc_a-findfp.o)
                0x20005ab8                __stdio_exit_handler
 .bss.errno     0x20005abc        0x4 C:/ST/STM32CubeIDE_1.18.0/STM32CubeIDE/plugins/com.st.stm32cube.ide.mcu.externaltools.gnu-tools-for-stm32.13.3.rel1.win32_1.0.0.202411081344/tools/bin/../lib/gcc/arm-none-eabi/13.3.1/../../../../arm-none-eabi/lib/thumb/v7e-m+fp/hard\libc_nano.a(libc_a-reent.o)
                0x20005abc                errno
 .bss.__lock___malloc_recursive_mutex
                0x20005ac0        0x1 C:/ST/STM32CubeIDE_1.18.0/STM32CubeIDE/plugins/com.st.stm32cube.ide.mcu.externaltools.gnu-tools-for-stm32.13.3.rel1.win32_1.0.0.202411081344/tools/bin/../lib/gcc/arm-none-eabi/13.3.1/../../../../arm-none-eabi/lib/thumb/v7e-m+fp/hard\libc_nano.a(libc_a-lock.o)
                0x20005ac0                __lock___malloc_recursive_mutex
 .bss.__lock___sfp_recursive_mutex
                0x20005ac1        0x1 C:/ST/STM32CubeIDE_1.18.0/STM32CubeIDE/plugins/com.st.stm32cube.ide.mcu.externaltools.gnu-tools-for-stm32.13.3.rel1.win32_1.0.0.202411081344/tools/bin/../lib/gcc/arm-none-eabi/13.3.1/../../../../arm-none-eabi/lib/thumb/v7e-m+fp/hard\libc_nano.a(libc_a-lock.o)
                0x20005ac1                __lock___sfp_recursive_mutex
 *fill*         0x20005ac2        0x2 
 .bss.__malloc_sbrk_start
                0x20005ac4        0x4 C:/ST/STM32CubeIDE_1.18.0/STM32CubeIDE/plugins/com.st.stm32cube.ide.mcu.externaltools.gnu-tools-for-stm32.13.3.rel1.win32_1.0.0.202411081344/tools/bin/../lib/gcc/arm-none-eabi/13.3.1/../../../../arm-none-eabi/lib/thumb/v7e-m+fp/hard\libc_nano.a(libc_a-mallocr.o)
                0x20005ac4                __malloc_sbrk_start
 .bss.__malloc_free_list
                0x20005ac8        0x4 C:/ST/STM32CubeIDE_1.18.0/STM32CubeIDE/plugins/com.st.stm32cube.ide.mcu.externaltools.gnu-tools-for-stm32.13.3.rel1.win32_1.0.0.202411081344/tools/bin/../lib/gcc/arm-none-eabi/13.3.1/../../../../arm-none-eabi/lib/thumb/v7e-m+fp/hard\libc_nano.a(libc_a-mallocr.o)
                0x20005ac8                __malloc_free_list
 *(COMMON)
                0x20005acc                        . = ALIGN (0x4)
                0x20005acc                        _ebss = .
                0x20005acc                        __bss_end__ = _ebss

._user_heap_stack
                0x20005acc      0x604
                0x20005ad0                        . = ALIGN (0x8)
 *fill*         0x20005acc        0x4 
                [!provide]                        PROVIDE (end = .)
                0x20005ad0                        PROVIDE (_end = .)
                0x20005cd0                        . = (. + _Min_Heap_Size)
 *fill*         0x20005ad0      0x200 
                0x200060d0                        . = (. + _Min_Stack_Size)
 *fill*         0x20005cd0      0x400 
                0x200060d0                        . = ALIGN (0x8)

/DISCARD/
 libc.a(*)
 libm.a(*)
 libgcc.a(*)

.ARM.attributes
                0x00000000       0x30
 *(.ARM.attributes)
 .ARM.attributes
                0x00000000       0x22 C:/ST/STM32CubeIDE_1.18.0/STM32CubeIDE/plugins/com.st.stm32cube.ide.mcu.externaltools.gnu-tools-for-stm32.13.3.rel1.win32_1.0.0.202411081344/tools/bin/../lib/gcc/arm-none-eabi/13.3.1/thumb/v7e-m+fp/hard/crti.o
 .ARM.attributes
                0x00000022       0x34 C:/ST/STM32CubeIDE_1.18.0/STM32CubeIDE/plugins/com.st.stm32cube.ide.mcu.externaltools.gnu-tools-for-stm32.13.3.rel1.win32_1.0.0.202411081344/tools/bin/../lib/gcc/arm-none-eabi/13.3.1/thumb/v7e-m+fp/hard/crtbegin.o
 .ARM.attributes
                0x00000056       0x34 ./Core/Src/main.o
 .ARM.attributes
                0x0000008a       0x34 ./Core/Src/stm32f4xx_hal_msp.o
 .ARM.attributes
                0x000000be       0x34 ./Core/Src/stm32f4xx_it.o
 .ARM.attributes
                0x000000f2       0x34 ./Core/Src/syscalls.o
 .ARM.attributes
                0x00000126       0x34 ./Core/Src/sysmem.o
 .ARM.attributes
                0x0000015a       0x34 ./Core/Src/system_stm32f4xx.o
 .ARM.attributes
                0x0000018e       0x21 ./Core/Startup/startup_stm32f429zitx.o
 .ARM.attributes
                0x000001af       0x34 ./Drivers/BSP/Components/ili9341/ili9341.o
 .ARM.attributes
                0x000001e3       0x34 ./Drivers/BSP/Components/stmpe811/stmpe811.o
 .ARM.attributes
                0x00000217       0x34 ./Drivers/BSP/STM32F429I-Discovery/stm32f429i_discovery.o
 .ARM.attributes
                0x0000024b       0x34 ./Drivers/BSP/STM32F429I-Discovery/stm32f429i_discovery_lcd.o
 .ARM.attributes
                0x0000027f       0x34 ./Drivers/BSP/STM32F429I-Discovery/stm32f429i_discovery_sdram.o
 .ARM.attributes
                0x000002b3       0x34 ./Drivers/BSP/STM32F429I-Discovery/stm32f429i_discovery_ts.o
 .ARM.attributes
                0x000002e7       0x34 ./Drivers/STM32F4xx_HAL_Driver/Src/stm32f4xx_hal.o
 .ARM.attributes
                0x0000031b       0x34 ./Drivers/STM32F4xx_HAL_Driver/Src/stm32f4xx_hal_cortex.o
 .ARM.attributes
                0x0000034f       0x34 ./Drivers/STM32F4xx_HAL_Driver/Src/stm32f4xx_hal_dma.o
 .ARM.attributes
                0x00000383       0x34 ./Drivers/STM32F4xx_HAL_Driver/Src/stm32f4xx_hal_dma2d.o
 .ARM.attributes
                0x000003b7       0x34 ./Drivers/STM32F4xx_HAL_Driver/Src/stm32f4xx_hal_gpio.o
 .ARM.attributes
                0x000003eb       0x34 ./Drivers/STM32F4xx_HAL_Driver/Src/stm32f4xx_hal_i2c.o
 .ARM.attributes
                0x0000041f       0x34 ./Drivers/STM32F4xx_HAL_Driver/Src/stm32f4xx_hal_ltdc.o
 .ARM.attributes
                0x00000453       0x34 ./Drivers/STM32F4xx_HAL_Driver/Src/stm32f4xx_hal_pwr_ex.o
 .ARM.attributes
                0x00000487       0x34 ./Drivers/STM32F4xx_HAL_Driver/Src/stm32f4xx_hal_rcc.o
 .ARM.attributes
                0x000004bb       0x34 ./Drivers/STM32F4xx_HAL_Driver/Src/stm32f4xx_hal_rcc_ex.o
 .ARM.attributes
                0x000004ef       0x34 ./Drivers/STM32F4xx_HAL_Driver/Src/stm32f4xx_hal_sdram.o
 .ARM.attributes
                0x00000523       0x34 ./Drivers/STM32F4xx_HAL_Driver/Src/stm32f4xx_hal_spi.o
 .ARM.attributes
                0x00000557       0x34 ./Drivers/STM32F4xx_HAL_Driver/Src/stm32f4xx_hal_tim.o
 .ARM.attributes
                0x0000058b       0x34 ./Drivers/STM32F4xx_HAL_Driver/Src/stm32f4xx_hal_tim_ex.o
 .ARM.attributes
                0x000005bf       0x34 ./Drivers/STM32F4xx_HAL_Driver/Src/stm32f4xx_ll_fmc.o
 .ARM.attributes
                0x000005f3       0x34 ./Middlewares/Third_Party/FreeRTOS/Source/CMSIS_RTOS/cmsis_os.o
 .ARM.attributes
                0x00000627       0x34 ./Middlewares/Third_Party/FreeRTOS/Source/list.o
 .ARM.attributes
                0x0000065b       0x34 ./Middlewares/Third_Party/FreeRTOS/Source/tasks.o
 .ARM.attributes
                0x0000068f       0x34 ./Middlewares/Third_Party/FreeRTOS/Source/portable/GCC/ARM_CM4F/port.o
 .ARM.attributes
                0x000006c3       0x34 ./Middlewares/Third_Party/FreeRTOS/Source/portable/MemMang/heap_4.o
 .ARM.attributes
                0x000006f7       0x34 C:/ST/STM32CubeIDE_1.18.0/STM32CubeIDE/plugins/com.st.stm32cube.ide.mcu.externaltools.gnu-tools-for-stm32.13.3.rel1.win32_1.0.0.202411081344/tools/bin/../lib/gcc/arm-none-eabi/13.3.1/../../../../arm-none-eabi/lib/thumb/v7e-m+fp/hard\libc_nano.a(libc_a-rand.o)
 .ARM.attributes
                0x0000072b       0x34 C:/ST/STM32CubeIDE_1.18.0/STM32CubeIDE/plugins/com.st.stm32cube.ide.mcu.externaltools.gnu-tools-for-stm32.13.3.rel1.win32_1.0.0.202411081344/tools/bin/../lib/gcc/arm-none-eabi/13.3.1/../../../../arm-none-eabi/lib/thumb/v7e-m+fp/hard\libc_nano.a(libc_a-findfp.o)
 .ARM.attributes